control cycle=1 slot=1 process batch=1 ev/s=150682 p99=59.6us alloc/event=16.6111 bytes/event=2650.1 copied=160000/41760000 groups/fsyncs=0/0 fsync_p99=0ns degraded=false load=4.81->4.81
candidate cycle=1 slot=2 process batch=1 ev/s=146873 p99=47.1us alloc/event=12.6103 bytes/event=2152.3 copied=0/0 groups/fsyncs=0/0 fsync_p99=0ns degraded=false load=4.81->4.81
candidate cycle=1 slot=3 process batch=1 ev/s=143625 p99=49.7us alloc/event=12.6010 bytes/event=2150.4 copied=0/0 groups/fsyncs=0/0 fsync_p99=0ns degraded=false load=4.81->4.51
control cycle=1 slot=4 process batch=1 ev/s=148184 p99=51.3us alloc/event=16.6327 bytes/event=2655.8 copied=160000/41760000 groups/fsyncs=0/0 fsync_p99=0ns degraded=false load=4.51->4.51
candidate cycle=2 slot=1 process batch=1 ev/s=155050 p99=45.8us alloc/event=12.6153 bytes/event=2154.8 copied=0/0 groups/fsyncs=0/0 fsync_p99=0ns degraded=false load=4.51->4.51
control cycle=2 slot=2 process batch=1 ev/s=148721 p99=50.8us alloc/event=16.6260 bytes/event=2654.5 copied=160000/41760000 groups/fsyncs=0/0 fsync_p99=0ns degraded=false load=4.51->4.47
control cycle=2 slot=3 process batch=1 ev/s=148167 p99=51.9us alloc/event=16.6129 bytes/event=2650.5 copied=160000/41760000 groups/fsyncs=0/0 fsync_p99=0ns degraded=false load=4.47->4.47
candidate cycle=2 slot=4 process batch=1 ev/s=142016 p99=48.9us alloc/event=12.6113 bytes/event=2154.4 copied=0/0 groups/fsyncs=0/0 fsync_p99=0ns degraded=false load=4.47->4.47
control cycle=3 slot=1 process batch=1 ev/s=146742 p99=50.6us alloc/event=16.6225 bytes/event=2652.4 copied=160000/41760000 groups/fsyncs=0/0 fsync_p99=0ns degraded=false load=4.47->5.23
candidate cycle=3 slot=2 process batch=1 ev/s=147814 p99=47.1us alloc/event=12.6048 bytes/event=2151.2 copied=0/0 groups/fsyncs=0/0 fsync_p99=0ns degraded=false load=5.23->5.23
candidate cycle=3 slot=3 process batch=1 ev/s=142745 p99=50.4us alloc/event=12.6166 bytes/event=2155.3 copied=0/0 groups/fsyncs=0/0 fsync_p99=0ns degraded=false load=5.23->5.23
control cycle=3 slot=4 process batch=1 ev/s=152128 p99=48.7us alloc/event=16.6163 bytes/event=2651.2 copied=160000/41760000 groups/fsyncs=0/0 fsync_p99=0ns degraded=false load=5.23->5.05
candidate cycle=4 slot=1 process batch=1 ev/s=146863 p99=51.2us alloc/event=12.6167 bytes/event=2156.1 copied=0/0 groups/fsyncs=0/0 fsync_p99=0ns degraded=false load=5.05->5.05
control cycle=4 slot=2 process batch=1 ev/s=145798 p99=49.7us alloc/event=16.6122 bytes/event=2649.7 copied=160000/41760000 groups/fsyncs=0/0 fsync_p99=0ns degraded=false load=5.05->5.05
control cycle=4 slot=3 process batch=1 ev/s=139614 p99=53.2us alloc/event=16.6202 bytes/event=2651.9 copied=160000/41760000 groups/fsyncs=0/0 fsync_p99=0ns degraded=false load=5.05->5.13
candidate cycle=4 slot=4 process batch=1 ev/s=149225 p99=48.8us alloc/event=12.6177 bytes/event=2155.4 copied=0/0 groups/fsyncs=0/0 fsync_p99=0ns degraded=false load=5.13->5.13
control cycle=5 slot=1 process batch=1 ev/s=158311 p99=44.7us alloc/event=16.6135 bytes/event=2650.5 copied=160000/41760000 groups/fsyncs=0/0 fsync_p99=0ns degraded=false load=5.13->5.13
candidate cycle=5 slot=2 process batch=1 ev/s=153233 p99=47.7us alloc/event=12.6072 bytes/event=2152.4 copied=0/0 groups/fsyncs=0/0 fsync_p99=0ns degraded=false load=4.8->4.8
candidate cycle=5 slot=3 process batch=1 ev/s=153485 p99=48.6us alloc/event=12.6152 bytes/event=2155.2 copied=0/0 groups/fsyncs=0/0 fsync_p99=0ns degraded=false load=4.8->4.8
control cycle=5 slot=4 process batch=1 ev/s=140821 p99=52.2us alloc/event=16.6364 bytes/event=2657.9 copied=160000/41760000 groups/fsyncs=0/0 fsync_p99=0ns degraded=false load=4.8->4.81
control cycle=1 slot=1 process batch=10 ev/s=856423 p99=89.0us alloc/event=5.4238 bytes/event=1133.3 copied=500000/130500000 groups/fsyncs=0/0 fsync_p99=0ns degraded=false load=4.81->4.81
candidate cycle=1 slot=2 process batch=10 ev/s=933893 p99=80.2us alloc/event=2.4131 bytes/event=757.0 copied=0/0 groups/fsyncs=0/0 fsync_p99=0ns degraded=false load=4.81->4.81
candidate cycle=1 slot=3 process batch=10 ev/s=968031 p99=83.8us alloc/event=2.3990 bytes/event=752.2 copied=0/0 groups/fsyncs=0/0 fsync_p99=0ns degraded=false load=4.81->4.81
control cycle=1 slot=4 process batch=10 ev/s=747150 p99=93.1us alloc/event=5.4376 bytes/event=1137.8 copied=500000/130500000 groups/fsyncs=0/0 fsync_p99=0ns degraded=false load=4.81->4.67
candidate cycle=2 slot=1 process batch=10 ev/s=953545 p99=75.4us alloc/event=2.3989 bytes/event=752.9 copied=0/0 groups/fsyncs=0/0 fsync_p99=0ns degraded=false load=4.67->4.67
control cycle=2 slot=2 process batch=10 ev/s=766436 p99=93.9us alloc/event=5.4341 bytes/event=1136.8 copied=500000/130500000 groups/fsyncs=0/0 fsync_p99=0ns degraded=false load=4.67->4.67
control cycle=2 slot=3 process batch=10 ev/s=785724 p99=90.1us alloc/event=5.4359 bytes/event=1137.7 copied=500000/130500000 groups/fsyncs=0/0 fsync_p99=0ns degraded=false load=4.67->4.61
candidate cycle=2 slot=4 process batch=10 ev/s=880282 p99=81.1us alloc/event=2.4146 bytes/event=757.7 copied=0/0 groups/fsyncs=0/0 fsync_p99=0ns degraded=false load=4.61->4.61
control cycle=3 slot=1 process batch=10 ev/s=775349 p99=97.9us alloc/event=5.4285 bytes/event=1134.8 copied=500000/130500000 groups/fsyncs=0/0 fsync_p99=0ns degraded=false load=4.61->4.61
candidate cycle=3 slot=2 process batch=10 ev/s=958227 p99=82.8us alloc/event=2.4047 bytes/event=754.9 copied=0/0 groups/fsyncs=0/0 fsync_p99=0ns degraded=false load=4.61->4.61
candidate cycle=3 slot=3 process batch=10 ev/s=895816 p99=88.2us alloc/event=2.4064 bytes/event=755.0 copied=0/0 groups/fsyncs=0/0 fsync_p99=0ns degraded=false load=4.61->4.56
control cycle=3 slot=4 process batch=10 ev/s=739685 p99=97.0us alloc/event=5.4368 bytes/event=1137.4 copied=500000/130500000 groups/fsyncs=0/0 fsync_p99=0ns degraded=false load=4.56->4.56
candidate cycle=4 slot=1 process batch=10 ev/s=949387 p99=81.3us alloc/event=2.4105 bytes/event=756.3 copied=0/0 groups/fsyncs=0/0 fsync_p99=0ns degraded=false load=4.56->4.56
control cycle=4 slot=2 process batch=10 ev/s=736608 p99=102.2us alloc/event=5.4395 bytes/event=1138.7 copied=500000/130500000 groups/fsyncs=0/0 fsync_p99=0ns degraded=false load=4.56->4.56
control cycle=4 slot=3 process batch=10 ev/s=730974 p99=104.5us alloc/event=5.4340 bytes/event=1136.3 copied=500000/130500000 groups/fsyncs=0/0 fsync_p99=0ns degraded=false load=4.56->4.68
candidate cycle=4 slot=4 process batch=10 ev/s=916890 p99=84.0us alloc/event=2.4097 bytes/event=755.9 copied=0/0 groups/fsyncs=0/0 fsync_p99=0ns degraded=false load=4.68->4.68
control cycle=5 slot=1 process batch=10 ev/s=801773 p99=98.1us alloc/event=5.4241 bytes/event=1133.3 copied=500000/130500000 groups/fsyncs=0/0 fsync_p99=0ns degraded=false load=4.68->4.68
candidate cycle=5 slot=2 process batch=10 ev/s=919979 p99=87.0us alloc/event=2.4087 bytes/event=755.9 copied=0/0 groups/fsyncs=0/0 fsync_p99=0ns degraded=false load=4.68->4.68
candidate cycle=5 slot=3 process batch=10 ev/s=982728 p99=77.1us alloc/event=2.4044 bytes/event=754.0 copied=0/0 groups/fsyncs=0/0 fsync_p99=0ns degraded=false load=4.68->4.38
control cycle=5 slot=4 process batch=10 ev/s=760965 p99=101.6us alloc/event=5.4354 bytes/event=1137.2 copied=500000/130500000 groups/fsyncs=0/0 fsync_p99=0ns degraded=false load=4.38->4.38
control cycle=1 slot=1 process batch=100 ev/s=3254088 p99=255.9us alloc/event=2.2209 bytes/event=737.2 copied=0/0 groups/fsyncs=0/0 fsync_p99=0ns degraded=false load=4.38->4.38
candidate cycle=1 slot=2 process batch=100 ev/s=3914959 p99=179.7us alloc/event=1.1967 bytes/event=663.3 copied=0/0 groups/fsyncs=0/0 fsync_p99=0ns degraded=false load=4.38->4.38
candidate cycle=1 slot=3 process batch=100 ev/s=3884051 p99=194.3us alloc/event=1.1965 bytes/event=663.3 copied=0/0 groups/fsyncs=0/0 fsync_p99=0ns degraded=false load=4.38->4.38
control cycle=1 slot=4 process batch=100 ev/s=3158820 p99=250.6us alloc/event=2.2220 bytes/event=737.2 copied=0/0 groups/fsyncs=0/0 fsync_p99=0ns degraded=false load=4.38->4.19
candidate cycle=2 slot=1 process batch=100 ev/s=3867251 p99=217.5us alloc/event=1.1965 bytes/event=663.4 copied=0/0 groups/fsyncs=0/0 fsync_p99=0ns degraded=false load=4.19->4.19
control cycle=2 slot=2 process batch=100 ev/s=3251876 p99=240.7us alloc/event=2.2204 bytes/event=737.2 copied=0/0 groups/fsyncs=0/0 fsync_p99=0ns degraded=false load=4.19->4.19
control cycle=2 slot=3 process batch=100 ev/s=3337898 p99=237.9us alloc/event=2.2209 bytes/event=737.2 copied=0/0 groups/fsyncs=0/0 fsync_p99=0ns degraded=false load=4.19->4.19
candidate cycle=2 slot=4 process batch=100 ev/s=4198476 p99=175.3us alloc/event=1.1965 bytes/event=663.4 copied=0/0 groups/fsyncs=0/0 fsync_p99=0ns degraded=false load=4.19->4.19
control cycle=3 slot=1 process batch=100 ev/s=3350113 p99=240.3us alloc/event=2.2204 bytes/event=737.1 copied=0/0 groups/fsyncs=0/0 fsync_p99=0ns degraded=false load=4.19->4.19
candidate cycle=3 slot=2 process batch=100 ev/s=4015043 p99=186.4us alloc/event=1.1968 bytes/event=663.3 copied=0/0 groups/fsyncs=0/0 fsync_p99=0ns degraded=false load=4.19->4.18
candidate cycle=3 slot=3 process batch=100 ev/s=3867413 p99=208.8us alloc/event=1.1966 bytes/event=663.3 copied=0/0 groups/fsyncs=0/0 fsync_p99=0ns degraded=false load=4.18->4.18
control cycle=3 slot=4 process batch=100 ev/s=3156878 p99=244.8us alloc/event=2.2219 bytes/event=737.2 copied=0/0 groups/fsyncs=0/0 fsync_p99=0ns degraded=false load=4.18->4.18
candidate cycle=4 slot=1 process batch=100 ev/s=3978395 p99=193.3us alloc/event=1.1965 bytes/event=663.4 copied=0/0 groups/fsyncs=0/0 fsync_p99=0ns degraded=false load=4.18->4.18
control cycle=4 slot=2 process batch=100 ev/s=3102361 p99=254.2us alloc/event=2.2216 bytes/event=737.2 copied=0/0 groups/fsyncs=0/0 fsync_p99=0ns degraded=false load=4.18->4.18
control cycle=4 slot=3 process batch=100 ev/s=3154214 p99=271.8us alloc/event=2.2207 bytes/event=737.2 copied=0/0 groups/fsyncs=0/0 fsync_p99=0ns degraded=false load=4.18->4.18
candidate cycle=4 slot=4 process batch=100 ev/s=3963672 p99=191.1us alloc/event=1.1968 bytes/event=663.4 copied=0/0 groups/fsyncs=0/0 fsync_p99=0ns degraded=false load=4.18->4.4
control cycle=5 slot=1 process batch=100 ev/s=3256486 p99=248.9us alloc/event=2.2218 bytes/event=737.2 copied=0/0 groups/fsyncs=0/0 fsync_p99=0ns degraded=false load=4.4->4.4
candidate cycle=5 slot=2 process batch=100 ev/s=4066681 p99=171.9us alloc/event=1.1966 bytes/event=663.4 copied=0/0 groups/fsyncs=0/0 fsync_p99=0ns degraded=false load=4.4->4.4
candidate cycle=5 slot=3 process batch=100 ev/s=3836723 p99=189.5us alloc/event=1.1969 bytes/event=663.3 copied=0/0 groups/fsyncs=0/0 fsync_p99=0ns degraded=false load=4.4->4.4
control cycle=5 slot=4 process batch=100 ev/s=3203675 p99=253.1us alloc/event=2.2208 bytes/event=737.2 copied=0/0 groups/fsyncs=0/0 fsync_p99=0ns degraded=false load=4.4->4.45
control cycle=1 slot=1 process batch=1000 ev/s=4651716 p99=4094.3us alloc/event=2.0257 bytes/event=695.1 copied=0/0 groups/fsyncs=0/0 fsync_p99=0ns degraded=false load=4.45->4.45
candidate cycle=1 slot=2 process batch=1000 ev/s=7480039 p99=1878.3us alloc/event=1.0230 bytes/event=634.8 copied=0/0 groups/fsyncs=0/0 fsync_p99=0ns degraded=false load=4.45->4.45
candidate cycle=1 slot=3 process batch=1000 ev/s=7849859 p99=1091.4us alloc/event=1.0229 bytes/event=634.8 copied=0/0 groups/fsyncs=0/0 fsync_p99=0ns degraded=false load=4.45->4.45
control cycle=1 slot=4 process batch=1000 ev/s=4928854 p99=1859.8us alloc/event=2.0257 bytes/event=695.1 copied=0/0 groups/fsyncs=0/0 fsync_p99=0ns degraded=false load=4.45->4.74
candidate cycle=2 slot=1 process batch=1000 ev/s=7323181 p99=2122.0us alloc/event=1.0229 bytes/event=634.8 copied=0/0 groups/fsyncs=0/0 fsync_p99=0ns degraded=false load=4.74->4.74
control cycle=2 slot=2 process batch=1000 ev/s=4904206 p99=2110.4us alloc/event=2.0256 bytes/event=695.1 copied=0/0 groups/fsyncs=0/0 fsync_p99=0ns degraded=false load=4.74->4.74
control cycle=2 slot=3 process batch=1000 ev/s=5016276 p99=2412.6us alloc/event=2.0256 bytes/event=695.1 copied=0/0 groups/fsyncs=0/0 fsync_p99=0ns degraded=false load=4.74->4.74
candidate cycle=2 slot=4 process batch=1000 ev/s=7203912 p99=3857.1us alloc/event=1.0229 bytes/event=634.8 copied=0/0 groups/fsyncs=0/0 fsync_p99=0ns degraded=false load=4.74->4.52
control cycle=3 slot=1 process batch=1000 ev/s=5062117 p99=2288.5us alloc/event=2.0256 bytes/event=695.1 copied=0/0 groups/fsyncs=0/0 fsync_p99=0ns degraded=false load=4.52->4.52
candidate cycle=3 slot=2 process batch=1000 ev/s=7680240 p99=989.5us alloc/event=1.0230 bytes/event=634.8 copied=0/0 groups/fsyncs=0/0 fsync_p99=0ns degraded=false load=4.52->4.52
candidate cycle=3 slot=3 process batch=1000 ev/s=7394898 p99=1945.3us alloc/event=1.0229 bytes/event=634.8 copied=0/0 groups/fsyncs=0/0 fsync_p99=0ns degraded=false load=4.52->4.52
control cycle=3 slot=4 process batch=1000 ev/s=4881338 p99=2187.2us alloc/event=2.0255 bytes/event=695.1 copied=0/0 groups/fsyncs=0/0 fsync_p99=0ns degraded=false load=4.52->4.39
candidate cycle=4 slot=1 process batch=1000 ev/s=7866567 p99=1914.2us alloc/event=1.0229 bytes/event=634.8 copied=0/0 groups/fsyncs=0/0 fsync_p99=0ns degraded=false load=4.39->4.39
control cycle=4 slot=2 process batch=1000 ev/s=5038261 p99=2179.9us alloc/event=2.0256 bytes/event=695.1 copied=0/0 groups/fsyncs=0/0 fsync_p99=0ns degraded=false load=4.39->4.39
control cycle=4 slot=3 process batch=1000 ev/s=4866462 p99=2549.4us alloc/event=2.0257 bytes/event=695.1 copied=0/0 groups/fsyncs=0/0 fsync_p99=0ns degraded=false load=4.39->4.39
candidate cycle=4 slot=4 process batch=1000 ev/s=7583186 p99=1919.8us alloc/event=1.0230 bytes/event=634.8 copied=0/0 groups/fsyncs=0/0 fsync_p99=0ns degraded=false load=4.39->4.36
control cycle=5 slot=1 process batch=1000 ev/s=4873254 p99=2298.5us alloc/event=2.0257 bytes/event=695.1 copied=0/0 groups/fsyncs=0/0 fsync_p99=0ns degraded=false load=4.36->4.36
candidate cycle=5 slot=2 process batch=1000 ev/s=7300616 p99=3710.8us alloc/event=1.0227 bytes/event=634.8 copied=0/0 groups/fsyncs=0/0 fsync_p99=0ns degraded=false load=4.36->4.36
candidate cycle=5 slot=3 process batch=1000 ev/s=7570079 p99=1002.2us alloc/event=1.0230 bytes/event=634.8 copied=0/0 groups/fsyncs=0/0 fsync_p99=0ns degraded=false load=4.36->4.36
control cycle=5 slot=4 process batch=1000 ev/s=5315114 p99=1567.7us alloc/event=2.0256 bytes/event=695.1 copied=0/0 groups/fsyncs=0/0 fsync_p99=0ns degraded=false load=4.36->4.36
control cycle=1 slot=1 group batch=1 ev/s=634 p99=9508.1us alloc/event=16.8441 bytes/event=2617.3 copied=3200/835200 groups/fsyncs=801/801 fsync_p99=9175040ns degraded=false load=4.36->4.47
candidate cycle=1 slot=2 group batch=1 ev/s=634 p99=9872.6us alloc/event=12.8453 bytes/event=2123.1 copied=0/0 groups/fsyncs=802/802 fsync_p99=9175040ns degraded=false load=4.47->4.91
candidate cycle=1 slot=3 group batch=1 ev/s=637 p99=9877.6us alloc/event=12.8438 bytes/event=2124.5 copied=0/0 groups/fsyncs=802/802 fsync_p99=9175040ns degraded=false load=4.91->5
control cycle=1 slot=4 group batch=1 ev/s=643 p99=9478.8us alloc/event=16.8438 bytes/event=2622.2 copied=3200/835200 groups/fsyncs=800/800 fsync_p99=9175040ns degraded=false load=5->4.84
!!! mess DEGRADED: fdatasync latency 53.9 ms crossed 50.0 ms threshold (1 crossings) — near-full/contended device fdatasync stall (docs/spec/03-durability.md §2.6); durable appends are stalling
candidate cycle=2 slot=1 group batch=1 ev/s=557 p99=32181.1us alloc/event=12.8422 bytes/event=2120.3 copied=0/0 groups/fsyncs=800/800 fsync_p99=31981568ns degraded=true load=4.84->4.69
fsync degradation alarm tripped; fail-stop
