control cycle=1 slot=1 process batch=1 ev/s=142157 p99=49.7us alloc/event=16.6203 bytes/event=2652.4 copied=160000/41760000 groups/fsyncs=0/0 fsync_p99=0ns degraded=false load=4.25->4.25
candidate cycle=1 slot=2 process batch=1 ev/s=150559 p99=50.6us alloc/event=12.6169 bytes/event=2154.7 copied=0/0 groups/fsyncs=0/0 fsync_p99=0ns degraded=false load=4.25->4.25
candidate cycle=1 slot=3 process batch=1 ev/s=147172 p99=57.4us alloc/event=12.6116 bytes/event=2153.2 copied=0/0 groups/fsyncs=0/0 fsync_p99=0ns degraded=false load=4.25->4.39
control cycle=1 slot=4 process batch=1 ev/s=146827 p99=57.6us alloc/event=16.6108 bytes/event=2649.5 copied=160000/41760000 groups/fsyncs=0/0 fsync_p99=0ns degraded=false load=4.39->4.39
candidate cycle=2 slot=1 process batch=1 ev/s=147898 p99=53.6us alloc/event=12.6102 bytes/event=2154.1 copied=0/0 groups/fsyncs=0/0 fsync_p99=0ns degraded=false load=4.39->4.39
control cycle=2 slot=2 process batch=1 ev/s=148257 p99=49.2us alloc/event=16.6176 bytes/event=2651.2 copied=160000/41760000 groups/fsyncs=0/0 fsync_p99=0ns degraded=false load=4.39->4.12
control cycle=2 slot=3 process batch=1 ev/s=156740 p99=47.2us alloc/event=16.6279 bytes/event=2655.3 copied=160000/41760000 groups/fsyncs=0/0 fsync_p99=0ns degraded=false load=4.12->4.12
candidate cycle=2 slot=4 process batch=1 ev/s=146728 p99=52.5us alloc/event=12.6120 bytes/event=2152.9 copied=0/0 groups/fsyncs=0/0 fsync_p99=0ns degraded=false load=4.12->4.12
control cycle=3 slot=1 process batch=1 ev/s=143638 p99=59.3us alloc/event=16.6293 bytes/event=2654.7 copied=160000/41760000 groups/fsyncs=0/0 fsync_p99=0ns degraded=false load=4.12->3.95
candidate cycle=3 slot=2 process batch=1 ev/s=147750 p99=51.3us alloc/event=12.6230 bytes/event=2157.7 copied=0/0 groups/fsyncs=0/0 fsync_p99=0ns degraded=false load=3.95->3.95
candidate cycle=3 slot=3 process batch=1 ev/s=143489 p99=50.9us alloc/event=12.6162 bytes/event=2154.7 copied=0/0 groups/fsyncs=0/0 fsync_p99=0ns degraded=false load=3.95->3.95
control cycle=3 slot=4 process batch=1 ev/s=143131 p99=48.6us alloc/event=16.6123 bytes/event=2649.9 copied=160000/41760000 groups/fsyncs=0/0 fsync_p99=0ns degraded=false load=3.95->3.79
candidate cycle=4 slot=1 process batch=1 ev/s=148703 p99=48.7us alloc/event=12.6027 bytes/event=2151.3 copied=0/0 groups/fsyncs=0/0 fsync_p99=0ns degraded=false load=3.79->3.79
control cycle=4 slot=2 process batch=1 ev/s=142917 p99=53.2us alloc/event=16.6326 bytes/event=2655.7 copied=160000/41760000 groups/fsyncs=0/0 fsync_p99=0ns degraded=false load=3.79->3.79
control cycle=4 slot=3 process batch=1 ev/s=162304 p99=45.1us alloc/event=16.6207 bytes/event=2653.0 copied=160000/41760000 groups/fsyncs=0/0 fsync_p99=0ns degraded=false load=3.79->3.65
candidate cycle=4 slot=4 process batch=1 ev/s=148634 p99=53.1us alloc/event=12.6073 bytes/event=2151.9 copied=0/0 groups/fsyncs=0/0 fsync_p99=0ns degraded=false load=3.65->3.65
control cycle=5 slot=1 process batch=1 ev/s=141875 p99=55.9us alloc/event=16.6255 bytes/event=2653.4 copied=160000/41760000 groups/fsyncs=0/0 fsync_p99=0ns degraded=false load=3.65->3.65
candidate cycle=5 slot=2 process batch=1 ev/s=150070 p99=52.2us alloc/event=12.6088 bytes/event=2152.8 copied=0/0 groups/fsyncs=0/0 fsync_p99=0ns degraded=false load=3.65->3.6
candidate cycle=5 slot=3 process batch=1 ev/s=158281 p99=46.5us alloc/event=12.6151 bytes/event=2155.6 copied=0/0 groups/fsyncs=0/0 fsync_p99=0ns degraded=false load=3.6->3.6
control cycle=5 slot=4 process batch=1 ev/s=155894 p99=45.9us alloc/event=16.6087 bytes/event=2648.8 copied=160000/41760000 groups/fsyncs=0/0 fsync_p99=0ns degraded=false load=3.6->3.6
control cycle=1 slot=1 process batch=10 ev/s=708761 p99=102.6us alloc/event=5.4407 bytes/event=1139.3 copied=500000/130500000 groups/fsyncs=0/0 fsync_p99=0ns degraded=false load=3.6->3.6
candidate cycle=1 slot=2 process batch=10 ev/s=906094 p99=80.3us alloc/event=2.4177 bytes/event=758.8 copied=0/0 groups/fsyncs=0/0 fsync_p99=0ns degraded=false load=3.55->3.55
candidate cycle=1 slot=3 process batch=10 ev/s=967772 p99=82.1us alloc/event=2.3974 bytes/event=751.9 copied=0/0 groups/fsyncs=0/0 fsync_p99=0ns degraded=false load=3.55->3.55
control cycle=1 slot=4 process batch=10 ev/s=920255 p99=79.6us alloc/event=5.4192 bytes/event=1131.8 copied=500000/130500000 groups/fsyncs=0/0 fsync_p99=0ns degraded=false load=3.55->3.55
candidate cycle=2 slot=1 process batch=10 ev/s=942149 p99=76.2us alloc/event=2.4094 bytes/event=755.7 copied=0/0 groups/fsyncs=0/0 fsync_p99=0ns degraded=false load=3.55->3.55
control cycle=2 slot=2 process batch=10 ev/s=959367 p99=104.5us alloc/event=5.4064 bytes/event=1127.7 copied=500000/130500000 groups/fsyncs=0/0 fsync_p99=0ns degraded=false load=3.55->4.15
control cycle=2 slot=3 process batch=10 ev/s=718197 p99=130.1us alloc/event=5.4331 bytes/event=1136.3 copied=500000/130500000 groups/fsyncs=0/0 fsync_p99=0ns degraded=false load=4.15->4.15
candidate cycle=2 slot=4 process batch=10 ev/s=916546 p99=87.9us alloc/event=2.4116 bytes/event=756.7 copied=0/0 groups/fsyncs=0/0 fsync_p99=0ns degraded=false load=4.15->4.15
control cycle=3 slot=1 process batch=10 ev/s=722129 p99=111.0us alloc/event=5.4360 bytes/event=1137.3 copied=500000/130500000 groups/fsyncs=0/0 fsync_p99=0ns degraded=false load=4.15->4.15
candidate cycle=3 slot=2 process batch=10 ev/s=999705 p99=73.7us alloc/event=2.4011 bytes/event=753.3 copied=0/0 groups/fsyncs=0/0 fsync_p99=0ns degraded=false load=4.15->4.15
candidate cycle=3 slot=3 process batch=10 ev/s=911670 p99=82.0us alloc/event=2.4106 bytes/event=756.4 copied=0/0 groups/fsyncs=0/0 fsync_p99=0ns degraded=false load=4.05->4.05
control cycle=3 slot=4 process batch=10 ev/s=763537 p99=96.2us alloc/event=5.4316 bytes/event=1135.7 copied=500000/130500000 groups/fsyncs=0/0 fsync_p99=0ns degraded=false load=4.05->4.05
candidate cycle=4 slot=1 process batch=10 ev/s=935835 p99=93.9us alloc/event=2.4079 bytes/event=755.6 copied=0/0 groups/fsyncs=0/0 fsync_p99=0ns degraded=false load=4.05->4.05
control cycle=4 slot=2 process batch=10 ev/s=793554 p99=104.1us alloc/event=5.4251 bytes/event=1133.5 copied=500000/130500000 groups/fsyncs=0/0 fsync_p99=0ns degraded=false load=4.05->4.37
control cycle=4 slot=3 process batch=10 ev/s=770316 p99=102.5us alloc/event=5.4320 bytes/event=1136.1 copied=500000/130500000 groups/fsyncs=0/0 fsync_p99=0ns degraded=false load=4.37->4.37
candidate cycle=4 slot=4 process batch=10 ev/s=939854 p99=82.1us alloc/event=2.4134 bytes/event=757.5 copied=0/0 groups/fsyncs=0/0 fsync_p99=0ns degraded=false load=4.37->4.37
control cycle=5 slot=1 process batch=10 ev/s=803767 p99=95.0us alloc/event=5.4279 bytes/event=1134.6 copied=500000/130500000 groups/fsyncs=0/0 fsync_p99=0ns degraded=false load=4.37->4.37
candidate cycle=5 slot=2 process batch=10 ev/s=892412 p99=87.8us alloc/event=2.4137 bytes/event=757.2 copied=0/0 groups/fsyncs=0/0 fsync_p99=0ns degraded=false load=4.37->4.18
candidate cycle=5 slot=3 process batch=10 ev/s=979829 p99=83.5us alloc/event=2.3967 bytes/event=751.6 copied=0/0 groups/fsyncs=0/0 fsync_p99=0ns degraded=false load=4.18->4.18
control cycle=5 slot=4 process batch=10 ev/s=708230 p99=109.9us alloc/event=5.4395 bytes/event=1138.7 copied=500000/130500000 groups/fsyncs=0/0 fsync_p99=0ns degraded=false load=4.18->4.18
control cycle=1 slot=1 process batch=100 ev/s=3068396 p99=253.4us alloc/event=2.2216 bytes/event=737.2 copied=0/0 groups/fsyncs=0/0 fsync_p99=0ns degraded=false load=4.18->4.18
candidate cycle=1 slot=2 process batch=100 ev/s=3897106 p99=177.2us alloc/event=1.1967 bytes/event=663.4 copied=0/0 groups/fsyncs=0/0 fsync_p99=0ns degraded=false load=4.18->4.18
candidate cycle=1 slot=3 process batch=100 ev/s=3944808 p99=193.3us alloc/event=1.1966 bytes/event=663.3 copied=0/0 groups/fsyncs=0/0 fsync_p99=0ns degraded=false load=4.97->4.97
control cycle=1 slot=4 process batch=100 ev/s=3158297 p99=247.3us alloc/event=2.2215 bytes/event=737.2 copied=0/0 groups/fsyncs=0/0 fsync_p99=0ns degraded=false load=4.97->4.97
candidate cycle=2 slot=1 process batch=100 ev/s=4004194 p99=206.4us alloc/event=1.1967 bytes/event=663.3 copied=0/0 groups/fsyncs=0/0 fsync_p99=0ns degraded=false load=4.97->4.97
control cycle=2 slot=2 process batch=100 ev/s=3061197 p99=267.4us alloc/event=2.2218 bytes/event=737.2 copied=0/0 groups/fsyncs=0/0 fsync_p99=0ns degraded=false load=4.97->4.97
control cycle=2 slot=3 process batch=100 ev/s=3085612 p99=256.3us alloc/event=2.2219 bytes/event=737.2 copied=0/0 groups/fsyncs=0/0 fsync_p99=0ns degraded=false load=4.97->4.97
candidate cycle=2 slot=4 process batch=100 ev/s=3961873 p99=207.5us alloc/event=1.1965 bytes/event=663.4 copied=0/0 groups/fsyncs=0/0 fsync_p99=0ns degraded=false load=4.97->5.53
control cycle=3 slot=1 process batch=100 ev/s=3271221 p99=260.0us alloc/event=2.2201 bytes/event=737.1 copied=0/0 groups/fsyncs=0/0 fsync_p99=0ns degraded=false load=5.53->5.53
candidate cycle=3 slot=2 process batch=100 ev/s=3950347 p99=190.3us alloc/event=1.1967 bytes/event=663.4 copied=0/0 groups/fsyncs=0/0 fsync_p99=0ns degraded=false load=5.53->5.53
candidate cycle=3 slot=3 process batch=100 ev/s=4108872 p99=193.8us alloc/event=1.1969 bytes/event=663.3 copied=0/0 groups/fsyncs=0/0 fsync_p99=0ns degraded=false load=5.53->5.53
control cycle=3 slot=4 process batch=100 ev/s=3081701 p99=269.7us alloc/event=2.2214 bytes/event=737.1 copied=0/0 groups/fsyncs=0/0 fsync_p99=0ns degraded=false load=5.53->5.53
candidate cycle=4 slot=1 process batch=100 ev/s=3873322 p99=196.4us alloc/event=1.1966 bytes/event=663.3 copied=0/0 groups/fsyncs=0/0 fsync_p99=0ns degraded=false load=5.53->5.53
control cycle=4 slot=2 process batch=100 ev/s=3206761 p99=267.2us alloc/event=2.2211 bytes/event=737.1 copied=0/0 groups/fsyncs=0/0 fsync_p99=0ns degraded=false load=5.53->5.57
control cycle=4 slot=3 process batch=100 ev/s=3123369 p99=261.5us alloc/event=2.2211 bytes/event=737.1 copied=0/0 groups/fsyncs=0/0 fsync_p99=0ns degraded=false load=5.57->5.57
candidate cycle=4 slot=4 process batch=100 ev/s=4076661 p99=187.4us alloc/event=1.1966 bytes/event=663.3 copied=0/0 groups/fsyncs=0/0 fsync_p99=0ns degraded=false load=5.57->5.57
control cycle=5 slot=1 process batch=100 ev/s=3094264 p99=269.9us alloc/event=2.2220 bytes/event=737.2 copied=0/0 groups/fsyncs=0/0 fsync_p99=0ns degraded=false load=5.57->5.57
candidate cycle=5 slot=2 process batch=100 ev/s=4002045 p99=180.6us alloc/event=1.1964 bytes/event=663.3 copied=0/0 groups/fsyncs=0/0 fsync_p99=0ns degraded=false load=5.57->5.52
candidate cycle=5 slot=3 process batch=100 ev/s=3958394 p99=187.5us alloc/event=1.1967 bytes/event=663.3 copied=0/0 groups/fsyncs=0/0 fsync_p99=0ns degraded=false load=5.52->5.52
control cycle=5 slot=4 process batch=100 ev/s=3095959 p99=280.5us alloc/event=2.2215 bytes/event=737.2 copied=0/0 groups/fsyncs=0/0 fsync_p99=0ns degraded=false load=5.52->5.52
control cycle=1 slot=1 process batch=1000 ev/s=4869881 p99=2802.7us alloc/event=2.0256 bytes/event=695.1 copied=0/0 groups/fsyncs=0/0 fsync_p99=0ns degraded=false load=5.52->5.52
candidate cycle=1 slot=2 process batch=1000 ev/s=7652223 p99=1877.5us alloc/event=1.0229 bytes/event=634.8 copied=0/0 groups/fsyncs=0/0 fsync_p99=0ns degraded=false load=5.52->5.4
candidate cycle=1 slot=3 process batch=1000 ev/s=7616411 p99=2042.2us alloc/event=1.0230 bytes/event=634.8 copied=0/0 groups/fsyncs=0/0 fsync_p99=0ns degraded=false load=5.4->5.4
control cycle=1 slot=4 process batch=1000 ev/s=4630287 p99=2564.8us alloc/event=2.0256 bytes/event=695.1 copied=0/0 groups/fsyncs=0/0 fsync_p99=0ns degraded=false load=5.4->5.4
candidate cycle=2 slot=1 process batch=1000 ev/s=7140752 p99=2232.4us alloc/event=1.0229 bytes/event=634.8 copied=0/0 groups/fsyncs=0/0 fsync_p99=0ns degraded=false load=5.4->5.4
control cycle=2 slot=2 process batch=1000 ev/s=4830005 p99=2193.8us alloc/event=2.0256 bytes/event=695.1 copied=0/0 groups/fsyncs=0/0 fsync_p99=0ns degraded=false load=5.4->5.4
control cycle=2 slot=3 process batch=1000 ev/s=4606200 p99=2608.5us alloc/event=2.0256 bytes/event=695.1 copied=0/0 groups/fsyncs=0/0 fsync_p99=0ns degraded=false load=5.21->5.21
candidate cycle=2 slot=4 process batch=1000 ev/s=7072502 p99=1763.5us alloc/event=1.0230 bytes/event=634.7 copied=0/0 groups/fsyncs=0/0 fsync_p99=0ns degraded=false load=5.21->5.21
control cycle=3 slot=1 process batch=1000 ev/s=4795493 p99=2553.2us alloc/event=2.0257 bytes/event=695.1 copied=0/0 groups/fsyncs=0/0 fsync_p99=0ns degraded=false load=5.21->5.21
candidate cycle=3 slot=2 process batch=1000 ev/s=7684946 p99=1705.9us alloc/event=1.0229 bytes/event=634.8 copied=0/0 groups/fsyncs=0/0 fsync_p99=0ns degraded=false load=5.21->5.11
candidate cycle=3 slot=3 process batch=1000 ev/s=7349343 p99=1717.0us alloc/event=1.0230 bytes/event=634.8 copied=0/0 groups/fsyncs=0/0 fsync_p99=0ns degraded=false load=5.11->5.11
control cycle=3 slot=4 process batch=1000 ev/s=4804697 p99=2303.1us alloc/event=2.0257 bytes/event=695.1 copied=0/0 groups/fsyncs=0/0 fsync_p99=0ns degraded=false load=5.11->5.11
candidate cycle=4 slot=1 process batch=1000 ev/s=7570918 p99=1649.2us alloc/event=1.0230 bytes/event=634.8 copied=0/0 groups/fsyncs=0/0 fsync_p99=0ns degraded=false load=5.11->5.11
control cycle=4 slot=2 process batch=1000 ev/s=4836063 p99=2065.1us alloc/event=2.0257 bytes/event=695.1 copied=0/0 groups/fsyncs=0/0 fsync_p99=0ns degraded=false load=5.11->5.18
control cycle=4 slot=3 process batch=1000 ev/s=4846624 p99=2194.2us alloc/event=2.0257 bytes/event=695.1 copied=0/0 groups/fsyncs=0/0 fsync_p99=0ns degraded=false load=5.18->5.18
candidate cycle=4 slot=4 process batch=1000 ev/s=7731754 p99=2013.4us alloc/event=1.0230 bytes/event=634.8 copied=0/0 groups/fsyncs=0/0 fsync_p99=0ns degraded=false load=5.18->5.18
control cycle=5 slot=1 process batch=1000 ev/s=4834230 p99=2443.9us alloc/event=2.0257 bytes/event=695.1 copied=0/0 groups/fsyncs=0/0 fsync_p99=0ns degraded=false load=5.18->5.18
candidate cycle=5 slot=2 process batch=1000 ev/s=7631496 p99=2160.5us alloc/event=1.0228 bytes/event=634.8 copied=0/0 groups/fsyncs=0/0 fsync_p99=0ns degraded=false load=5.18->5.17
candidate cycle=5 slot=3 process batch=1000 ev/s=7182007 p99=2054.1us alloc/event=1.0231 bytes/event=634.8 copied=0/0 groups/fsyncs=0/0 fsync_p99=0ns degraded=false load=5.17->5.17
control cycle=5 slot=4 process batch=1000 ev/s=4614328 p99=2945.1us alloc/event=2.0256 bytes/event=695.1 copied=0/0 groups/fsyncs=0/0 fsync_p99=0ns degraded=false load=5.17->5.17
control cycle=1 slot=1 group batch=1 ev/s=631 p99=9835.4us alloc/event=16.8303 bytes/event=2615.5 copied=3200/835200 groups/fsyncs=802/802 fsync_p99=9175040ns degraded=false load=5.17->4.99
candidate cycle=1 slot=2 group batch=1 ev/s=606 p99=12778.9us alloc/event=12.8325 bytes/event=2123.4 copied=0/0 groups/fsyncs=802/802 fsync_p99=12320768ns degraded=false load=4.99->4.91
candidate cycle=1 slot=3 group batch=1 ev/s=626 p99=9463.4us alloc/event=12.8338 bytes/event=2122.8 copied=0/0 groups/fsyncs=802/802 fsync_p99=9175040ns degraded=false load=4.91->4.78
control cycle=1 slot=4 group batch=1 ev/s=634 p99=9661.2us alloc/event=16.8316 bytes/event=2617.2 copied=3200/835200 groups/fsyncs=801/801 fsync_p99=9175040ns degraded=false load=4.78->4.72
candidate cycle=2 slot=1 group batch=1 ev/s=632 p99=9519.3us alloc/event=12.8291 bytes/event=2115.7 copied=0/0 groups/fsyncs=800/800 fsync_p99=10747904ns degraded=false load=4.72->4.58
control cycle=2 slot=2 group batch=1 ev/s=629 p99=9803.2us alloc/event=16.8281 bytes/event=2613.8 copied=3200/835200 groups/fsyncs=800/800 fsync_p99=9175040ns degraded=false load=4.58->4.37
control cycle=2 slot=3 group batch=1 ev/s=626 p99=11770.2us alloc/event=16.8316 bytes/event=2619.6 copied=3200/835200 groups/fsyncs=802/802 fsync_p99=11272192ns degraded=false load=4.37->4.26
candidate cycle=2 slot=4 group batch=1 ev/s=641 p99=11160.0us alloc/event=12.8319 bytes/event=2118.6 copied=0/0 groups/fsyncs=802/802 fsync_p99=9175040ns degraded=false load=4.26->4.32
control cycle=3 slot=1 group batch=1 ev/s=639 p99=9682.9us alloc/event=16.8300 bytes/event=2614.0 copied=3200/835200 groups/fsyncs=800/800 fsync_p99=9175040ns degraded=false load=4.14->3.88
candidate cycle=3 slot=2 group batch=1 ev/s=629 p99=9684.1us alloc/event=12.8328 bytes/event=2120.8 copied=0/0 groups/fsyncs=801/801 fsync_p99=9175040ns degraded=false load=3.88->3.73
candidate cycle=3 slot=3 group batch=1 ev/s=639 p99=9396.5us alloc/event=12.8319 bytes/event=2121.6 copied=0/0 groups/fsyncs=801/801 fsync_p99=9175040ns degraded=false load=3.73->3.59
control cycle=3 slot=4 group batch=1 ev/s=635 p99=9658.0us alloc/event=16.8300 bytes/event=2615.7 copied=3200/835200 groups/fsyncs=801/801 fsync_p99=9175040ns degraded=false load=3.59->3.47
candidate cycle=4 slot=1 group batch=1 ev/s=623 p99=10255.5us alloc/event=12.8313 bytes/event=2120.1 copied=0/0 groups/fsyncs=801/801 fsync_p99=9699328ns degraded=false load=3.47->3.43
control cycle=4 slot=2 group batch=1 ev/s=656 p99=9453.6us alloc/event=16.8319 bytes/event=2614.7 copied=3200/835200 groups/fsyncs=800/800 fsync_p99=9175040ns degraded=false load=3.43->3.47
control cycle=4 slot=3 group batch=1 ev/s=644 p99=8114.7us alloc/event=16.8319 bytes/event=2619.1 copied=3200/835200 groups/fsyncs=802/802 fsync_p99=7733248ns degraded=false load=3.84->3.85
candidate cycle=4 slot=4 group batch=1 ev/s=629 p99=9372.1us alloc/event=12.8322 bytes/event=2120.6 copied=0/0 groups/fsyncs=802/802 fsync_p99=7733248ns degraded=false load=3.85->3.94
control cycle=5 slot=1 group batch=1 ev/s=651 p99=9640.8us alloc/event=16.8331 bytes/event=2618.5 copied=3200/835200 groups/fsyncs=801/801 fsync_p99=9175040ns degraded=false load=3.94->3.95
candidate cycle=5 slot=2 group batch=1 ev/s=648 p99=8041.2us alloc/event=12.8338 bytes/event=2121.9 copied=0/0 groups/fsyncs=802/802 fsync_p99=7208960ns degraded=false load=3.95->4.11
candidate cycle=5 slot=3 group batch=1 ev/s=640 p99=9408.3us alloc/event=12.8322 bytes/event=2122.6 copied=0/0 groups/fsyncs=800/800 fsync_p99=9175040ns degraded=false load=4.11->4.02
control cycle=5 slot=4 group batch=1 ev/s=647 p99=9596.9us alloc/event=16.8350 bytes/event=2621.8 copied=3200/835200 groups/fsyncs=800/800 fsync_p99=9175040ns degraded=false load=4.02->4.66
control cycle=1 slot=1 group batch=10 ev/s=6494 p99=9371.9us alloc/event=5.3941 bytes/event=1114.9 copied=20000/5220000 groups/fsyncs=500/500 fsync_p99=9175040ns degraded=false load=4.66->4.69
candidate cycle=1 slot=2 group batch=10 ev/s=6433 p99=7911.9us alloc/event=2.3946 bytes/event=742.3 copied=0/0 groups/fsyncs=502/502 fsync_p99=7471104ns degraded=false load=4.69->4.63
candidate cycle=1 slot=3 group batch=10 ev/s=6285 p99=8246.9us alloc/event=2.3946 bytes/event=742.6 copied=0/0 groups/fsyncs=500/500 fsync_p99=8650752ns degraded=false load=4.63->4.66
control cycle=1 slot=4 group batch=10 ev/s=6480 p99=10788.9us alloc/event=5.3947 bytes/event=1115.7 copied=20000/5220000 groups/fsyncs=501/501 fsync_p99=9699328ns degraded=false load=4.66->4.66
candidate cycle=2 slot=1 group batch=10 ev/s=6108 p99=11580.5us alloc/event=2.3946 bytes/event=741.9 copied=0/0 groups/fsyncs=501/501 fsync_p99=11272192ns degraded=false load=4.93->4.93
control cycle=2 slot=2 group batch=10 ev/s=6155 p99=9346.1us alloc/event=5.3944 bytes/event=1115.6 copied=20000/5220000 groups/fsyncs=501/501 fsync_p99=9175040ns degraded=false load=4.93->5.1
control cycle=2 slot=3 group batch=10 ev/s=6260 p99=9615.3us alloc/event=5.3948 bytes/event=1115.3 copied=20000/5220000 groups/fsyncs=501/501 fsync_p99=9175040ns degraded=false load=5.1->5.89
candidate cycle=2 slot=4 group batch=10 ev/s=6376 p99=9632.7us alloc/event=2.3939 bytes/event=742.1 copied=0/0 groups/fsyncs=500/500 fsync_p99=9175040ns degraded=false load=5.89->5.98
control cycle=3 slot=1 group batch=10 ev/s=6555 p99=7678.3us alloc/event=5.3945 bytes/event=1115.1 copied=20000/5220000 groups/fsyncs=500/500 fsync_p99=7471104ns degraded=false load=5.98->5.98
!!! mess DEGRADED: fdatasync latency 58.8 ms crossed 50.0 ms threshold (1 crossings) — near-full/contended device fdatasync stall (docs/spec/03-durability.md §2.6); durable appends are stalling
candidate cycle=3 slot=2 group batch=10 ev/s=5153 p99=58495.3us alloc/event=2.3950 bytes/event=742.8 copied=0/0 groups/fsyncs=501/501 fsync_p99=57671680ns degraded=true load=5.98->5.74
candidate cycle=3 slot=3 group batch=10 ev/s=6313 p99=9096.2us alloc/event=2.3946 bytes/event=742.6 copied=0/0 groups/fsyncs=501/501 fsync_p99=8257536ns degraded=false load=5.74->5.44
control cycle=3 slot=4 group batch=10 ev/s=6264 p99=11786.0us alloc/event=5.3944 bytes/event=1115.1 copied=20000/5220000 groups/fsyncs=501/501 fsync_p99=10223616ns degraded=false load=5.44->5.65
candidate cycle=4 slot=1 group batch=10 ev/s=6557 p99=8331.2us alloc/event=2.3946 bytes/event=742.4 copied=0/0 groups/fsyncs=501/501 fsync_p99=7995392ns degraded=false load=5.65->5.43
control cycle=4 slot=2 group batch=10 ev/s=6437 p99=7909.2us alloc/event=5.3944 bytes/event=1114.7 copied=20000/5220000 groups/fsyncs=500/500 fsync_p99=7471104ns degraded=false load=5.43->5.43
control cycle=4 slot=3 group batch=10 ev/s=6230 p99=9668.3us alloc/event=5.3943 bytes/event=1114.6 copied=20000/5220000 groups/fsyncs=501/501 fsync_p99=9175040ns degraded=false load=5.16->5.16
candidate cycle=4 slot=4 group batch=10 ev/s=6336 p99=12828.6us alloc/event=2.3948 bytes/event=742.1 copied=0/0 groups/fsyncs=501/501 fsync_p99=12320768ns degraded=false load=5.16->6.91
waiting for load1=6.91 to fall below 6.0
waiting for load1=6.35 to fall below 6.0
waiting for load1=6.35 to fall below 6.0
waiting for load1=6.35 to fall below 6.0
waiting for load1=6.01 to fall below 6.0
waiting for load1=6.01 to fall below 6.0
control cycle=5 slot=1 group batch=10 ev/s=6713 p99=7887.8us alloc/event=5.3948 bytes/event=1115.2 copied=20000/5220000 groups/fsyncs=501/501 fsync_p99=7471104ns degraded=false load=5.68->5.68
candidate cycle=5 slot=2 group batch=10 ev/s=6823 p99=8745.4us alloc/event=2.3944 bytes/event=742.1 copied=0/0 groups/fsyncs=501/501 fsync_p99=8257536ns degraded=false load=5.68->5.63
candidate cycle=5 slot=3 group batch=10 ev/s=7456 p99=7830.8us alloc/event=2.3942 bytes/event=742.1 copied=0/0 groups/fsyncs=500/500 fsync_p99=7471104ns degraded=false load=5.63->5.58
control cycle=5 slot=4 group batch=10 ev/s=11583 p99=8956.9us alloc/event=5.3941 bytes/event=1114.7 copied=20000/5220000 groups/fsyncs=500/500 fsync_p99=8650752ns degraded=false load=5.58->5.58
control cycle=1 slot=1 group batch=100 ev/s=122774 p99=6178.8us alloc/event=2.2105 bytes/event=734.0 copied=0/0 groups/fsyncs=301/301 fsync_p99=4849664ns degraded=false load=5.58->5.58
candidate cycle=1 slot=2 group batch=100 ev/s=121527 p99=6062.3us alloc/event=1.1905 bytes/event=659.9 copied=0/0 groups/fsyncs=300/300 fsync_p99=5636096ns degraded=false load=5.58->5.37
candidate cycle=1 slot=3 group batch=100 ev/s=129705 p99=6094.9us alloc/event=1.1904 bytes/event=659.9 copied=0/0 groups/fsyncs=300/300 fsync_p99=5636096ns degraded=false load=5.37->5.37
control cycle=1 slot=4 group batch=100 ev/s=129150 p99=6196.4us alloc/event=2.2105 bytes/event=734.0 copied=0/0 groups/fsyncs=301/301 fsync_p99=5898240ns degraded=false load=5.37->5.37
candidate cycle=2 slot=1 group batch=100 ev/s=134444 p99=4612.3us alloc/event=1.1905 bytes/event=659.9 copied=0/0 groups/fsyncs=300/300 fsync_p99=3473408ns degraded=false load=5.37->5.1
control cycle=2 slot=2 group batch=100 ev/s=129230 p99=6197.6us alloc/event=2.2105 bytes/event=734.0 copied=0/0 groups/fsyncs=303/303 fsync_p99=4587520ns degraded=false load=5.1->5.1
control cycle=2 slot=3 group batch=100 ev/s=126893 p99=6277.4us alloc/event=2.2104 bytes/event=733.9 copied=0/0 groups/fsyncs=300/300 fsync_p99=5898240ns degraded=false load=5.1->5.1
candidate cycle=2 slot=4 group batch=100 ev/s=134911 p99=4089.6us alloc/event=1.1905 bytes/event=659.9 copied=0/0 groups/fsyncs=300/300 fsync_p99=3342336ns degraded=false load=5.1->5.1
control cycle=3 slot=1 group batch=100 ev/s=129702 p99=5991.5us alloc/event=2.2104 bytes/event=734.0 copied=0/0 groups/fsyncs=301/301 fsync_p99=5636096ns degraded=false load=5.1->4.93
candidate cycle=3 slot=2 group batch=100 ev/s=130658 p99=5986.9us alloc/event=1.1905 bytes/event=659.9 copied=0/0 groups/fsyncs=300/300 fsync_p99=5636096ns degraded=false load=4.93->4.93
candidate cycle=3 slot=3 group batch=100 ev/s=132357 p99=6193.9us alloc/event=1.1904 bytes/event=659.9 copied=0/0 groups/fsyncs=300/300 fsync_p99=5898240ns degraded=false load=4.93->4.93
control cycle=3 slot=4 group batch=100 ev/s=134101 p99=4321.7us alloc/event=2.2104 bytes/event=734.0 copied=0/0 groups/fsyncs=300/300 fsync_p99=3342336ns degraded=false load=4.93->4.93
candidate cycle=4 slot=1 group batch=100 ev/s=133285 p99=5932.3us alloc/event=1.1905 bytes/event=659.9 copied=0/0 groups/fsyncs=300/300 fsync_p99=5636096ns degraded=false load=4.7->4.7
control cycle=4 slot=2 group batch=100 ev/s=128104 p99=6206.7us alloc/event=2.2106 bytes/event=734.0 copied=0/0 groups/fsyncs=300/300 fsync_p99=5636096ns degraded=false load=4.7->4.7
control cycle=4 slot=3 group batch=100 ev/s=129133 p99=6113.5us alloc/event=2.2105 bytes/event=734.0 copied=0/0 groups/fsyncs=302/302 fsync_p99=5636096ns degraded=false load=4.7->4.7
candidate cycle=4 slot=4 group batch=100 ev/s=135922 p99=4318.4us alloc/event=1.1904 bytes/event=659.9 copied=0/0 groups/fsyncs=300/300 fsync_p99=3342336ns degraded=false load=4.7->5.36
control cycle=5 slot=1 group batch=100 ev/s=132824 p99=5387.0us alloc/event=2.2105 bytes/event=734.0 copied=0/0 groups/fsyncs=302/302 fsync_p99=3735552ns degraded=false load=5.36->5.36
candidate cycle=5 slot=2 group batch=100 ev/s=128635 p99=9071.0us alloc/event=1.1905 bytes/event=659.9 copied=0/0 groups/fsyncs=300/300 fsync_p99=8650752ns degraded=false load=5.36->5.36
candidate cycle=5 slot=3 group batch=100 ev/s=134768 p99=4411.9us alloc/event=1.1905 bytes/event=659.9 copied=0/0 groups/fsyncs=300/300 fsync_p99=3604480ns degraded=false load=5.36->5.36
control cycle=5 slot=4 group batch=100 ev/s=129869 p99=6516.7us alloc/event=2.2105 bytes/event=734.0 copied=0/0 groups/fsyncs=301/301 fsync_p99=5898240ns degraded=false load=5.36->5.33
control cycle=1 slot=1 group batch=1000 ev/s=911851 p99=8873.4us alloc/event=2.0236 bytes/event=694.7 copied=0/0 groups/fsyncs=102/102 fsync_p99=6160384ns degraded=false load=5.33->5.33
candidate cycle=1 slot=2 group batch=1000 ev/s=1028363 p99=5410.9us alloc/event=1.0216 bytes/event=634.4 copied=0/0 groups/fsyncs=100/100 fsync_p99=4128768ns degraded=false load=5.33->5.33
candidate cycle=1 slot=3 group batch=1000 ev/s=1004081 p99=7197.3us alloc/event=1.0216 bytes/event=634.4 copied=0/0 groups/fsyncs=100/100 fsync_p99=6160384ns degraded=false load=5.33->5.33
control cycle=1 slot=4 group batch=1000 ev/s=923671 p99=8648.2us alloc/event=2.0236 bytes/event=694.7 copied=0/0 groups/fsyncs=101/101 fsync_p99=5898240ns degraded=false load=5.33->5.33
candidate cycle=2 slot=1 group batch=1000 ev/s=986628 p99=6954.1us alloc/event=1.0216 bytes/event=634.4 copied=0/0 groups/fsyncs=101/101 fsync_p99=5898240ns degraded=false load=5.33->5.23
control cycle=2 slot=2 group batch=1000 ev/s=861188 p99=9085.6us alloc/event=2.0236 bytes/event=694.7 copied=0/0 groups/fsyncs=105/105 fsync_p99=6422528ns degraded=false load=5.23->5.23
control cycle=2 slot=3 group batch=1000 ev/s=934724 p99=6739.3us alloc/event=2.0236 bytes/event=694.7 copied=0/0 groups/fsyncs=102/102 fsync_p99=3342336ns degraded=false load=5.23->5.23
candidate cycle=2 slot=4 group batch=1000 ev/s=1003959 p99=6013.2us alloc/event=1.0216 bytes/event=634.4 copied=0/0 groups/fsyncs=100/100 fsync_p99=5111808ns degraded=false load=5.23->5.23
control cycle=3 slot=1 group batch=1000 ev/s=895938 p99=7631.0us alloc/event=2.0236 bytes/event=694.7 copied=0/0 groups/fsyncs=101/101 fsync_p99=6160384ns degraded=false load=5.23->5.23
candidate cycle=3 slot=2 group batch=1000 ev/s=1004028 p99=5420.1us alloc/event=1.0216 bytes/event=634.4 copied=0/0 groups/fsyncs=101/101 fsync_p99=4849664ns degraded=false load=5.23->5.05
candidate cycle=3 slot=3 group batch=1000 ev/s=938490 p99=9985.3us alloc/event=1.0216 bytes/event=634.4 copied=0/0 groups/fsyncs=102/102 fsync_p99=6160384ns degraded=false load=5.05->5.05
control cycle=3 slot=4 group batch=1000 ev/s=930832 p99=6219.0us alloc/event=2.0236 bytes/event=694.7 copied=0/0 groups/fsyncs=102/102 fsync_p99=3997696ns degraded=false load=5.05->5.05
candidate cycle=4 slot=1 group batch=1000 ev/s=1007331 p99=5389.9us alloc/event=1.0216 bytes/event=634.4 copied=0/0 groups/fsyncs=100/100 fsync_p99=4325376ns degraded=false load=5.05->5.05
control cycle=4 slot=2 group batch=1000 ev/s=899492 p99=8039.4us alloc/event=2.0236 bytes/event=694.7 copied=0/0 groups/fsyncs=101/101 fsync_p99=6160384ns degraded=false load=5.05->5.05
control cycle=4 slot=3 group batch=1000 ev/s=880956 p99=8758.1us alloc/event=2.0236 bytes/event=694.7 copied=0/0 groups/fsyncs=103/103 fsync_p99=6160384ns degraded=false load=5.05->5.05
candidate cycle=4 slot=4 group batch=1000 ev/s=969724 p99=7133.8us alloc/event=1.0216 bytes/event=634.4 copied=0/0 groups/fsyncs=100/100 fsync_p99=6160384ns degraded=false load=5.05->5.12
control cycle=5 slot=1 group batch=1000 ev/s=913711 p99=7491.2us alloc/event=2.0236 bytes/event=694.7 copied=0/0 groups/fsyncs=101/101 fsync_p99=4325376ns degraded=false load=5.12->5.12
candidate cycle=5 slot=2 group batch=1000 ev/s=966587 p99=7214.8us alloc/event=1.0216 bytes/event=634.4 copied=0/0 groups/fsyncs=101/101 fsync_p99=6160384ns degraded=false load=5.12->5.12
candidate cycle=5 slot=3 group batch=1000 ev/s=974296 p99=7064.4us alloc/event=1.0216 bytes/event=634.4 copied=0/0 groups/fsyncs=101/101 fsync_p99=6160384ns degraded=false load=5.12->5.12
control cycle=5 slot=4 group batch=1000 ev/s=925785 p99=7150.0us alloc/event=2.0236 bytes/event=694.7 copied=0/0 groups/fsyncs=101/101 fsync_p99=4325376ns degraded=false load=5.12->5.12
