RATE gen capsules=10000000 pool=1000000
RATE segments=37925
[quiet-guard] contended (load1=48.93 procs=[1829751:cargo,1925385:cargo,2184556:cargo,2299201:cargo]); sleeping 5s
[quiet-guard] contended (load1=51.42 procs=[1829751:cargo,2184556:cargo,2299201:cargo,2326114:cargo,2327573:rustc]); sleeping 5s
[quiet-guard] contended (load1=48.75 procs=[1829751:cargo,2299201:cargo,2326114:cargo,2329036:cargo,2330437:rustc,2330793:rustc,2330810:rustc,2330839:rustc,2330949:rustc,2331403:rustc,2331425:rustc,2331469:rustc,2331484:rustc,2331539:rustc,2331653:rustc,2331834:rustc,2331847:rustc,2331852:rustc,2331859:rustc,2331910:rustc,2331938:rustc,2331992:rustc,2332020:rustc,2332022:rustc,2332030:rustc,2332035:rustc,2332042:rustc,2332046:rustc]); sleeping 5s
[quiet-guard] contended (load1=54.29 procs=[1829751:cargo,2299201:cargo,2326114:cargo,2329036:cargo,2331834:rustc,2332598:rustc,2334107:rustc,2334214:rustc,2334757:rustc,2334845:rustc,2334968:rustc,2335032:cc,2335034:cc1,2335188:rustc,2335211:rustc,2335251:rustc,2335299:rustc,2335302:cc,2335309:cc,2335312:cc1,2335331:rustc,2335373:cc,2335381:rustc,2335392:rustc,2335405:rustc,2335431:rustc,2335445:cc,2335448:rustc,2335467:rustc,2335478:cargo,2335486:cc,2335489:cc1,2335493:cargo]); sleeping 5s
[quiet-guard] contended (load1=52.67 procs=[1829751:cargo,2299201:cargo,2326114:cargo,2335032:cc,2335034:cc1,2336442:cargo,2336708:rustc,2338067:cc,2338270:cc,2338272:cc1]); sleeping 5s
[quiet-guard] contended (load1=49.65 procs=[1829751:cargo,2299201:cargo,2326114:cargo,2336442:cargo,2336708:rustc,2341199:cc]); sleeping 5s
[quiet-guard] contended (load1=46.63 procs=[1829751:cargo,2299201:cargo,2326114:cargo,2336442:cargo,2336708:rustc]); sleeping 5s
[quiet-guard] contended (load1=44.18 procs=[1829751:cargo,2299201:cargo,2326114:cargo,2336442:cargo,2336708:rustc]); sleeping 5s
[quiet-guard] contended (load1=41.60 procs=[1829751:cargo,2299201:cargo,2326114:cargo,2336442:cargo,2336708:rustc]); sleeping 5s
[quiet-guard] contended (load1=39.23 procs=[1829751:cargo,2299201:cargo,2326114:cargo,2336442:cargo,2336708:rustc]); sleeping 5s
[quiet-guard] contended (load1=36.89 procs=[1829751:cargo,2299201:cargo,2326114:cargo,2336442:cargo,2336708:rustc]); sleeping 5s
[quiet-guard] contended (load1=34.90 procs=[1829751:cargo,2326114:cargo,2336442:cargo,2336708:rustc]); sleeping 5s
[quiet-guard] contended (load1=32.74 procs=[1829751:cargo,2326114:cargo,2336442:cargo,2336708:rustc,2355717:cargo,2355763:rustc,2355764:rustc]); sleeping 5s
[quiet-guard] contended (load1=31.16 procs=[1829751:cargo,2326114:cargo,2336442:cargo,2336708:rustc,2355717:cargo,2355764:rustc]); sleeping 5s
[quiet-guard] contended (load1=29.39 procs=[1829751:cargo,2326114:cargo,2336442:cargo,2336708:rustc,2355717:cargo,2355764:rustc]); sleeping 5s
[quiet-guard] contended (load1=32.08 procs=[2326114:cargo,2336442:cargo,2336708:rustc,2355717:cargo,2355764:rustc,2364035:cargo]); sleeping 5s
[quiet-guard] contended (load1=30.95 procs=[2326114:cargo,2336442:cargo,2336708:rustc,2355717:cargo,2355764:rustc,2364035:cargo,2368210:rustc]); sleeping 5s
[quiet-guard] contended (load1=29.51 procs=[2326114:cargo,2336442:cargo,2336708:rustc,2355717:cargo,2355764:rustc,2368653:cargo,2369877:cc]); sleeping 5s
[quiet-guard] contended (load1=28.67 procs=[2326114:cargo,2336442:cargo,2355717:cargo,2355764:rustc,2368653:cargo,2369877:cc]); sleeping 5s
[quiet-guard] contended (load1=28.70 procs=[2326114:cargo,2355717:cargo,2368653:cargo,2394981:cargo]); sleeping 5s
[quiet-guard] contended (load1=27.28 procs=[2326114:cargo,2368653:cargo,2394981:cargo,2409015:cargo,2409789:rustc,2410647:rustc,2411079:rustc]); sleeping 5s
[quiet-guard] contended (load1=27.02 procs=[2326114:cargo,2368653:cargo,2419576:cargo,2420180:rustc]); sleeping 5s
[quiet-guard] contended (load1=25.81 procs=[2326114:cargo,2368653:cargo,2419576:cargo,2420180:rustc]); sleeping 5s
[quiet-guard] contended (load1=26.15 procs=[2326114:cargo,2368653:cargo,2419576:cargo,2420180:rustc]); sleeping 5s
[quiet-guard] contended (load1=25.26 procs=[2326114:cargo,2368653:cargo,2419576:cargo,2420180:rustc]); sleeping 5s
[quiet-guard] contended (load1=25.24 procs=[2326114:cargo,2368653:cargo,2419576:cargo,2420180:rustc]); sleeping 5s
[quiet-guard] contended (load1=24.34 procs=[2326114:cargo,2368653:cargo,2419576:cargo,2420180:rustc]); sleeping 5s
[quiet-guard] contended (load1=22.95 procs=[2326114:cargo]); sleeping 5s
[quiet-guard] contended (load1=21.51 procs=[2326114:cargo]); sleeping 5s
[quiet-guard] contended (load1=20.91 procs=[2326114:cargo]); sleeping 5s
[quiet-guard] contended (load1=21.88 procs=[2326114:cargo,2445445:cargo]); sleeping 5s
[quiet-guard] contended (load1=20.45 procs=[2326114:cargo,2445445:cargo,2446200:rustc]); sleeping 5s
[quiet-guard] contended (load1=19.61 procs=[2326114:cargo]); sleeping 5s
[quiet-guard] contended (load1=18.36 procs=[2326114:cargo]); sleeping 5s
[quiet-guard] contended (load1=17.45 procs=[2326114:cargo,2447023:cargo]); sleeping 5s
[quiet-guard] contended (load1=16.53 procs=[2326114:cargo,2447023:cargo]); sleeping 5s
[quiet-guard] contended (load1=15.93 procs=[2326114:cargo,2447023:cargo]); sleeping 5s
[quiet-guard] contended (load1=15.21 procs=[2326114:cargo,2447023:cargo]); sleeping 5s
[quiet-guard] contended (load1=14.72 procs=[2326114:cargo,2447023:cargo]); sleeping 5s
[quiet-guard] contended (load1=13.94 procs=[2326114:cargo,2447023:cargo]); sleeping 5s
[quiet-guard] contended (load1=13.38 procs=[2326114:cargo,2447023:cargo]); sleeping 5s
[quiet-guard] contended (load1=12.63 procs=[2326114:cargo,2447023:cargo]); sleeping 5s
[quiet-guard] contended (load1=12.74 procs=[2326114:cargo,2447023:cargo]); sleeping 5s
[quiet-guard] contended (load1=11.96 procs=[2326114:cargo,2447023:cargo]); sleeping 5s
[quiet-guard] contended (load1=11.72 procs=[2326114:cargo,2448359:cargo,2448400:cargo,2448422:rustc,2448821:rustc,2448825:cc]); sleeping 5s
[quiet-guard] contended (load1=11.10 procs=[2326114:cargo,2448359:cargo,2448400:cargo,2448821:rustc]); sleeping 5s
[quiet-guard] contended (load1=11.02 procs=[2326114:cargo,2448359:cargo,2448400:cargo,2448821:rustc]); sleeping 5s
[quiet-guard] contended (load1=10.53 procs=[2326114:cargo,2448359:cargo,2448400:cargo,2448821:rustc]); sleeping 5s
[quiet-guard] contended (load1=10.01 procs=[2326114:cargo,2448359:cargo,2448400:cargo,2448821:rustc]); sleeping 5s
[quiet-guard] contended (load1=10.17 procs=[2326114:cargo,2448359:cargo,2448400:cargo,2448821:rustc]); sleeping 5s
[quiet-guard] contended (load1=9.76 procs=[2326114:cargo,2448359:cargo,2448400:cargo,2448821:rustc]); sleeping 5s
[quiet-guard] contended (load1=9.45 procs=[2326114:cargo,2448359:cargo,2448400:cargo,2448821:rustc]); sleeping 5s
[quiet-guard] contended (load1=9.26 procs=[2326114:cargo,2448359:cargo,2448400:cargo,2448821:rustc]); sleeping 5s
[quiet-guard] contended (load1=8.76 procs=[2326114:cargo,2448400:cargo]); sleeping 5s
[quiet-guard] contended (load1=8.37 procs=[2326114:cargo,2448400:cargo,2456802:cargo,2456833:rustc]); sleeping 5s
[quiet-guard] contended (load1=7.78 procs=[2326114:cargo,2456802:cargo,2456833:rustc,2457403:cargo,2457418:rustc]); sleeping 5s
[quiet-guard] contended (load1=7.80 procs=[2326114:cargo,2456802:cargo,2456833:rustc,2457403:cargo,2457418:rustc]); sleeping 5s
[quiet-guard] contended (load1=7.66 procs=[2326114:cargo,2456802:cargo,2456833:rustc,2457403:cargo,2457418:rustc]); sleeping 5s
[quiet-guard] contended (load1=7.44 procs=[2326114:cargo,2456802:cargo,2456833:rustc,2457403:cargo,2457418:rustc]); sleeping 5s
[quiet-guard] contended (load1=7.49 procs=[2326114:cargo,2456802:cargo,2457403:cargo,2457418:rustc]); sleeping 5s
[quiet-guard] contended (load1=8.81 procs=[2326114:cargo,2456802:cargo,2457403:cargo,2457418:rustc]); sleeping 5s
[quiet-guard] contended (load1=8.75 procs=[2326114:cargo,2457403:cargo,2457418:rustc,2465372:cargo]); sleeping 5s
[quiet-guard] contended (load1=8.45 procs=[2326114:cargo,2465372:cargo,2466350:rustc]); sleeping 5s
[quiet-guard] contended (load1=8.01 procs=[2326114:cargo,2466367:cargo,2466383:rustc]); sleeping 5s
[quiet-guard] contended (load1=7.61 procs=[2326114:cargo,2466367:cargo,2466383:rustc]); sleeping 5s
[quiet-guard] contended (load1=7.16 procs=[2326114:cargo,2466367:cargo,2466383:rustc]); sleeping 5s
[quiet-guard] contended (load1=7.47 procs=[2326114:cargo,2466367:cargo,2466383:rustc]); sleeping 5s
[quiet-guard] contended (load1=7.11 procs=[2326114:cargo,2466367:cargo,2466383:rustc]); sleeping 5s
[quiet-guard] contended (load1=6.70 procs=[2326114:cargo,2466367:cargo,2466383:rustc]); sleeping 5s
[quiet-guard] contended (load1=6.56 procs=[2326114:cargo,2466367:cargo,2466383:rustc]); sleeping 5s
[quiet-guard] contended (load1=6.28 procs=[2466367:cargo,2466383:rustc]); sleeping 5s
[quiet-guard] contended (load1=6.01 procs=[2466367:cargo,2466383:rustc]); sleeping 5s
[quiet-guard] contended (load1=5.85 procs=[2466367:cargo,2466383:rustc,2467509:cargo,2468099:rustc,2468116:rustc,2468133:rustc,2468269:rustc,2468315:rustc,2468533:rustc,2468580:rustc,2468832:rustc,2468981:rustc,2469000:rustc,2469021:rustc,2469072:rustc,2469076:rustc,2469100:rustc,2469112:rustc,2469133:rustc,2469145:rustc,2469153:rustc,2469154:rustc,2469173:rustc,2469174:rustc,2469191:cc,2469192:rustc,2469196:rustc]); sleeping 5s
[quiet-guard] contended (load1=11.79 procs=[2466367:cargo,2466383:rustc,2467509:cargo,2470850:rustc,2470963:rustc,2471261:cc,2471262:cc,2471264:cc1,2471317:rustc,2471326:rustc,2471335:rustc,2471340:rustc,2471352:rustc,2471354:rustc,2471360:rustc,2471364:rustc,2471373:rustc,2471376:rustc,2471410:rustc,2471417:rustc,2471439:cc,2471443:rustc,2471449:rustc,2471460:rustc,2471484:cc,2471485:cc1,2471531:cc]); sleeping 5s
[quiet-guard] contended (load1=17.25 procs=[2466367:cargo,2466383:rustc,2467509:cargo,2471261:cc,2471264:cc1,2472671:rustc,2472843:cc,2472845:cc1,2472857:rustc,2473097:rustc,2473222:rustc,2473246:cc,2473280:rustc,2473353:cc,2473355:cc,2473358:cc1,2473389:cc,2473391:cc1,2473400:rustc,2473402:rustc,2473405:rustc]); sleeping 5s
[quiet-guard] contended (load1=17.07 procs=[2466367:cargo,2466383:rustc,2467509:cargo,2473651:rustc]); sleeping 5s
[quiet-guard] contended (load1=16.43 procs=[2467509:cargo,2473651:rustc]); sleeping 5s
[quiet-guard] contended (load1=15.27 procs=[2467509:cargo,2473651:rustc]); sleeping 5s
[quiet-guard] contended (load1=14.29 procs=[2467509:cargo,2473651:rustc]); sleeping 5s
[quiet-guard] contended (load1=13.38 procs=[2467509:cargo,2473651:rustc]); sleeping 5s
[quiet-guard] contended (load1=12.63 procs=[2467509:cargo,2473651:rustc,2474209:cargo,2474779:rustc,2474892:rustc,2475031:rustc,2475125:rustc,2475131:rustc,2475364:rustc,2475491:rustc,2475604:rustc,2475614:rustc,2475687:rustc,2475721:rustc,2475798:rustc,2475810:rustc,2475824:rustc,2475831:rustc,2475841:rustc,2475854:rustc,2475877:rustc,2475881:rustc,2475882:cc,2475886:rustc,2475890:rustc]); sleeping 5s
[quiet-guard] contended (load1=17.95 procs=[2467509:cargo,2473651:rustc,2474209:cargo,2477389:cc,2477391:cc1,2477495:rustc,2477605:rustc,2478122:cc,2478152:cc,2478172:rustc,2478177:rustc,2478192:rustc,2478202:rustc,2478204:rustc,2478208:rustc,2478237:rustc,2478241:rustc,2478258:rustc,2478266:rustc,2478351:rustc,2478426:rustc,2478471:rustc,2478547:rustc,2478551:cc,2478555:cc,2478571:rustc,2478582:rustc,2478603:rustc]); sleeping 5s
[quiet-guard] contended (load1=23.16 procs=[2467509:cargo,2473651:rustc,2474209:cargo,2477389:cc,2477391:cc1,2479362:rustc,2479937:rustc,2480035:rustc,2480036:rustc]); sleeping 5s
[quiet-guard] contended (load1=22.18 procs=[2467509:cargo,2473651:rustc,2474209:cargo,2480036:rustc]); sleeping 5s
[quiet-guard] contended (load1=20.89 procs=[2467509:cargo,2473651:rustc,2474209:cargo,2480036:rustc,2480189:cargo]); sleeping 5s
[quiet-guard] contended (load1=19.77 procs=[2467509:cargo,2473651:rustc,2474209:cargo,2480036:rustc,2480189:cargo]); sleeping 5s
[quiet-guard] contended (load1=19.23 procs=[2467509:cargo,2473651:rustc,2474209:cargo,2480036:rustc,2480189:cargo]); sleeping 5s
[quiet-guard] contended (load1=18.25 procs=[2467509:cargo,2473651:rustc,2474209:cargo,2480036:rustc,2480189:cargo]); sleeping 5s
[quiet-guard] contended (load1=17.43 procs=[2467509:cargo,2473651:rustc,2474209:cargo,2480036:rustc,2480189:cargo]); sleeping 5s
[quiet-guard] contended (load1=16.43 procs=[2474209:cargo,2480036:rustc,2480189:cargo]); sleeping 5s
[quiet-guard] contended (load1=15.52 procs=[2474209:cargo,2480036:rustc,2480189:cargo]); sleeping 5s
[quiet-guard] contended (load1=14.60 procs=[2474209:cargo,2480036:rustc,2480189:cargo]); sleeping 5s
[quiet-guard] contended (load1=13.99 procs=[2474209:cargo,2480036:rustc,2480189:cargo]); sleeping 5s
[quiet-guard] contended (load1=13.11 procs=[2474209:cargo,2480036:rustc]); sleeping 5s
[quiet-guard] contended (load1=12.30 procs=[2474209:cargo,2480036:rustc,2481473:cargo,2481781:rustc]); sleeping 5s
[quiet-guard] contended (load1=11.63 procs=[2474209:cargo,2481473:cargo,2481781:rustc,2481992:rustc,2482032:cargo]); sleeping 5s
[quiet-guard] contended (load1=11.42 procs=[2474209:cargo,2481473:cargo,2481781:rustc,2482063:rustc,2482065:rustc,2482139:cargo]); sleeping 5s
[quiet-guard] contended (load1=11.55 procs=[2474209:cargo,2481473:cargo,2481781:rustc,2482063:rustc,2482065:rustc,2482139:cargo]); sleeping 5s
[quiet-guard] contended (load1=11.50 procs=[2481473:cargo,2481781:rustc]); sleeping 5s
[quiet-guard] contended (load1=11.06 procs=[2481473:cargo,2481781:rustc]); sleeping 5s
[quiet-guard] contended (load1=11.14 procs=[2481473:cargo,2481781:rustc]); sleeping 5s
[quiet-guard] contended (load1=10.73 procs=[2481473:cargo,2481781:rustc]); sleeping 5s
[quiet-guard] contended (load1=10.19 procs=[2481473:cargo,2481781:rustc]); sleeping 5s
[quiet-guard] contended (load1=9.53 procs=[2481473:cargo]); sleeping 5s
[quiet-guard] contended (load1=9.09 procs=[2481473:cargo]); sleeping 5s
[quiet-guard] contended (load1=8.60 procs=[2497193:cargo,2497214:rustc]); sleeping 5s
[quiet-guard] contended (load1=8.63 procs=[2497193:cargo,2497214:rustc]); sleeping 5s
[quiet-guard] contended (load1=8.18 procs=[2497193:cargo,2497214:rustc]); sleeping 5s
[quiet-guard] contended (load1=7.93 procs=[2497193:cargo,2497214:rustc]); sleeping 5s
[quiet-guard] contended (load1=7.77 procs=[2497193:cargo,2497214:rustc]); sleeping 5s
[quiet-guard] contended (load1=7.87 procs=[2497193:cargo,2497214:rustc]); sleeping 5s
[quiet-guard] contended (load1=7.80 procs=[]); sleeping 5s
[quiet-guard] contended (load1=7.42 procs=[]); sleeping 5s
[quiet-guard] contended (load1=7.06 procs=[]); sleeping 5s
[quiet-guard] contended (load1=6.98 procs=[]); sleeping 5s
[quiet-guard] contended (load1=6.58 procs=[2499280:cargo]); sleeping 5s
[quiet-guard] contended (load1=7.25 procs=[2499280:cargo]); sleeping 5s
[quiet-guard] contended (load1=7.07 procs=[]); sleeping 5s
[quiet-guard] contended (load1=6.67 procs=[]); sleeping 5s
[quiet-guard] contended (load1=6.29 procs=[]); sleeping 5s
RATE build-1t wall=1.873s capsules/s=5.34M transitions=7383052
[quiet-guard] contended (load1=6.59 procs=[]); sleeping 5s
[quiet-guard] contended (load1=13.03 procs=[2507162:cargo,2507986:rustc,2507996:rustc,2508165:rustc,2508219:rustc,2508419:rustc,2508878:rustc,2509045:rustc,2509250:rustc,2509253:rustc,2509258:rustc,2509348:rustc,2509384:rustc,2509485:rustc,2509555:rustc,2509565:rustc,2509630:rustc,2509748:rustc,2509778:rustc,2509809:rustc,2509828:rustc,2509887:rustc,2509891:cc,2509895:rustc,2509900:rustc]); sleeping 5s
[quiet-guard] contended (load1=14.87 procs=[2507162:cargo,2510842:rustc,2510939:cc,2510940:cc1,2511190:rustc,2511383:rustc,2511706:rustc,2511754:rustc,2511992:rustc,2512022:rustc,2512111:rustc,2512181:rustc,2512187:rustc,2512323:rustc,2512327:rustc,2512356:rustc,2512421:cc,2512424:cc1,2512453:rustc,2512458:cc,2512461:cc1,2512469:rustc,2512482:rustc,2512488:rustc,2512492:rustc,2512503:rustc,2512505:cc]); sleeping 5s
[quiet-guard] contended (load1=18.97 procs=[2507162:cargo,2510939:cc,2510940:cc1,2512612:rustc,2513115:rustc,2513313:cc,2513836:rustc,2513843:rustc,2514054:rustc,2514095:rustc,2514229:rustc,2514259:rustc,2514360:rustc,2514369:rustc]); sleeping 5s
[quiet-guard] contended (load1=17.69 procs=[2507162:cargo,2514619:rustc]); sleeping 5s
[quiet-guard] contended (load1=16.99 procs=[2507162:cargo,2514619:rustc]); sleeping 5s
[quiet-guard] contended (load1=15.87 procs=[2507162:cargo,2514619:rustc]); sleeping 5s
[quiet-guard] contended (load1=15.48 procs=[2507162:cargo,2514619:rustc]); sleeping 5s
[quiet-guard] contended (load1=14.40 procs=[2507162:cargo,2514619:rustc]); sleeping 5s
[quiet-guard] contended (load1=13.73 procs=[2507162:cargo,2514619:rustc]); sleeping 5s
[quiet-guard] contended (load1=12.79 procs=[2507162:cargo,2514619:rustc]); sleeping 5s
[quiet-guard] contended (load1=11.92 procs=[2507162:cargo,2514619:rustc]); sleeping 5s
[quiet-guard] contended (load1=11.21 procs=[2507162:cargo,2514619:rustc]); sleeping 5s
[quiet-guard] contended (load1=10.71 procs=[2507162:cargo,2514619:rustc]); sleeping 5s
[quiet-guard] contended (load1=10.33 procs=[2507162:cargo,2514619:rustc,2515490:cargo]); sleeping 5s
[quiet-guard] contended (load1=11.27 procs=[2507162:cargo,2514619:rustc,2515490:cargo,2515615:cargo]); sleeping 5s
[quiet-guard] contended (load1=10.77 procs=[2507162:cargo,2514619:rustc,2515490:cargo,2515615:cargo]); sleeping 5s
[quiet-guard] contended (load1=10.31 procs=[2507162:cargo,2514619:rustc,2515490:cargo,2515615:cargo]); sleeping 5s
[quiet-guard] contended (load1=10.04 procs=[2507162:cargo,2514619:rustc,2515490:cargo,2515615:cargo]); sleeping 5s
[quiet-guard] contended (load1=9.88 procs=[2507162:cargo,2514619:rustc,2515490:cargo,2515615:cargo,2515918:rustc]); sleeping 5s
[quiet-guard] contended (load1=9.41 procs=[2507162:cargo,2514619:rustc,2515490:cargo,2515615:cargo]); sleeping 5s
[quiet-guard] contended (load1=9.45 procs=[2507162:cargo,2514619:rustc,2515490:cargo,2515615:cargo]); sleeping 5s
[quiet-guard] contended (load1=9.82 procs=[2507162:cargo,2514619:rustc,2515490:cargo,2515615:cargo]); sleeping 5s
[quiet-guard] contended (load1=11.43 procs=[2507162:cargo,2514619:rustc,2515490:cargo,2515615:cargo]); sleeping 5s
[quiet-guard] contended (load1=11.24 procs=[2507162:cargo,2514619:rustc,2515490:cargo,2515615:cargo]); sleeping 5s
[quiet-guard] contended (load1=12.02 procs=[2507162:cargo,2515490:cargo,2515615:cargo,2516973:rustc]); sleeping 5s
[quiet-guard] contended (load1=11.30 procs=[2507162:cargo,2515490:cargo,2515615:cargo,2516973:rustc]); sleeping 5s
[quiet-guard] contended (load1=10.63 procs=[2507162:cargo,2515490:cargo,2515615:cargo,2516973:rustc]); sleeping 5s
[quiet-guard] contended (load1=10.10 procs=[2507162:cargo,2515490:cargo,2515615:cargo,2516973:rustc]); sleeping 5s
[quiet-guard] contended (load1=9.85 procs=[2507162:cargo,2515490:cargo,2515615:cargo,2516973:rustc]); sleeping 5s
[quiet-guard] contended (load1=9.62 procs=[2515490:cargo,2517664:rustc]); sleeping 5s
[quiet-guard] contended (load1=9.25 procs=[2515490:cargo,2517664:rustc,2517796:cargo,2518005:rustc]); sleeping 5s
[quiet-guard] contended (load1=8.75 procs=[2515490:cargo,2517664:rustc,2517796:cargo,2518005:rustc]); sleeping 5s
[quiet-guard] contended (load1=9.01 procs=[2515490:cargo,2517664:rustc,2517796:cargo,2518005:rustc]); sleeping 5s
[quiet-guard] contended (load1=8.53 procs=[2517796:cargo,2518005:rustc]); sleeping 5s
[quiet-guard] contended (load1=8.73 procs=[2517796:cargo,2518005:rustc]); sleeping 5s
[quiet-guard] contended (load1=8.27 procs=[2517796:cargo,2518005:rustc]); sleeping 5s
[quiet-guard] contended (load1=7.93 procs=[2517796:cargo,2518005:rustc]); sleeping 5s
[quiet-guard] contended (load1=7.53 procs=[2517796:cargo,2518005:rustc]); sleeping 5s
[quiet-guard] contended (load1=7.17 procs=[2517796:cargo,2518005:rustc]); sleeping 5s
[quiet-guard] contended (load1=6.92 procs=[2517796:cargo,2518005:rustc]); sleeping 5s
[quiet-guard] contended (load1=6.76 procs=[2517796:cargo,2518005:rustc]); sleeping 5s
[quiet-guard] contended (load1=6.70 procs=[2517796:cargo,2518005:rustc]); sleeping 5s
[quiet-guard] contended (load1=6.64 procs=[2517796:cargo,2518005:rustc]); sleeping 5s
[quiet-guard] contended (load1=6.59 procs=[2517796:cargo,2518005:rustc]); sleeping 5s
[quiet-guard] contended (load1=7.35 procs=[2517796:cargo,2518005:rustc]); sleeping 5s
[quiet-guard] contended (load1=7.40 procs=[2517796:cargo,2518005:rustc]); sleeping 5s
[quiet-guard] contended (load1=7.21 procs=[2517796:cargo]); sleeping 5s
[quiet-guard] contended (load1=6.87 procs=[2517796:cargo,2527042:cargo]); sleeping 5s
[quiet-guard] contended (load1=6.56 procs=[2527042:cargo,2527074:rustc,2527342:cargo,2527356:rustc]); sleeping 5s
[quiet-guard] contended (load1=6.35 procs=[2527042:cargo,2527074:rustc,2527342:cargo,2527356:rustc]); sleeping 5s
[quiet-guard] contended (load1=6.25 procs=[2527042:cargo,2527074:rustc,2527342:cargo,2527356:rustc]); sleeping 5s
[quiet-guard] contended (load1=6.15 procs=[2527042:cargo,2527342:cargo,2527356:rustc]); sleeping 5s
[quiet-guard] contended (load1=6.29 procs=[2527042:cargo,2527342:cargo,2527356:rustc]); sleeping 5s
[quiet-guard] contended (load1=6.59 procs=[2527042:cargo,2527342:cargo,2527356:rustc]); sleeping 5s
[quiet-guard] contended (load1=6.62 procs=[2527342:cargo,2527356:rustc]); sleeping 5s
[quiet-guard] contended (load1=6.73 procs=[2527342:cargo,2527356:rustc]); sleeping 5s
[quiet-guard] contended (load1=6.60 procs=[2527342:cargo,2527356:rustc]); sleeping 5s
[quiet-guard] contended (load1=12.55 procs=[2527342:cargo,2527356:rustc,2533135:cargo,2533187:rustc,2533195:rustc,2533201:rustc]); sleeping 5s
[quiet-guard] contended (load1=12.59 procs=[2527342:cargo,2533135:cargo,2533195:rustc,2533201:rustc,2533923:rustc,2533924:rustc]); sleeping 5s
[quiet-guard] contended (load1=14.31 procs=[2533135:cargo,2533195:rustc]); sleeping 5s
[quiet-guard] contended (load1=13.64 procs=[2533135:cargo,2533195:rustc]); sleeping 5s
[quiet-guard] contended (load1=18.71 procs=[2533135:cargo,2534891:rustc,2534900:rustc,2534907:rustc,2534911:rustc,2534922:rustc,2534926:rustc,2534934:rustc,2534939:rustc,2534943:rustc,2534950:rustc,2534956:rustc,2534969:rustc,2534971:rustc,2534975:rustc,2534976:rustc,2534982:rustc,2535558:rustc,2535643:cc,2535658:cc,2535691:cc,2535757:cc,2535917:cc,2536047:cc,2536103:cc,2536119:cc,2536123:cc,2536238:cc,2536355:cc,2536370:cc,2536373:cc,2536398:cc,2536475:cc]); sleeping 5s
[quiet-guard] contended (load1=29.63 procs=[2533135:cargo,2534891:rustc,2534900:rustc,2534907:rustc,2534922:rustc,2534926:rustc,2534939:rustc,2534943:rustc,2534950:rustc,2534956:rustc,2534969:rustc,2534971:rustc,2534975:rustc,2534976:rustc,2534982:rustc,2535558:rustc,2535643:cc,2535757:cc,2535917:cc,2536047:cc,2536103:cc,2536119:cc,2536123:cc,2536238:cc,2536355:cc,2536370:cc,2536373:cc,2536398:cc,2536475:cc,2536766:cc,2536937:cc]); sleeping 5s
[quiet-guard] contended (load1=41.19 procs=[2533135:cargo,2534891:rustc,2534900:rustc,2534907:rustc,2534922:rustc,2534926:rustc,2534939:rustc,2534943:rustc,2534950:rustc,2534956:rustc,2534969:rustc,2534971:rustc,2534975:rustc,2534976:rustc,2534982:rustc,2535558:rustc,2535643:cc,2535757:cc,2535917:cc,2536047:cc,2536103:cc,2536119:cc,2536123:cc,2536238:cc,2536355:cc,2536370:cc,2536373:cc,2536398:cc,2536475:cc,2536766:cc,2536937:cc]); sleeping 5s
[quiet-guard] contended (load1=47.66 procs=[2533135:cargo,2534891:rustc,2534900:rustc,2534907:rustc,2534922:rustc,2534926:rustc,2534939:rustc,2534943:rustc,2534956:rustc,2534969:rustc,2534971:rustc,2534975:rustc,2534976:rustc,2534982:rustc,2535558:rustc,2535757:cc,2535917:cc,2536047:cc,2536103:cc,2536119:cc,2536123:cc,2536238:cc,2536355:cc,2536370:cc,2536373:cc,2536398:cc,2536475:cc,2536766:cc,2536937:cc]); sleeping 5s
[quiet-guard] contended (load1=46.25 procs=[2533135:cargo,2534891:rustc,2534900:rustc,2534907:rustc,2534922:rustc,2534926:rustc,2534939:rustc,2534943:rustc,2534956:rustc,2534969:rustc,2534971:rustc,2534975:rustc,2534976:rustc,2534982:rustc,2535558:rustc,2535757:cc,2535917:cc,2536047:cc,2536103:cc,2536119:cc,2536123:cc,2536238:cc,2536355:cc,2536370:cc,2536373:cc,2536398:cc,2536475:cc,2536766:cc,2536937:cc]); sleeping 5s
[quiet-guard] contended (load1=44.14 procs=[2533135:cargo,2534900:rustc,2534907:rustc,2534922:rustc,2534926:rustc,2534956:rustc,2534969:rustc,2534976:rustc,2534982:rustc,2535558:rustc,2535917:cc,2536103:cc,2536123:cc,2536355:cc,2536370:cc,2536398:cc,2536475:cc,2536766:cc,2536937:cc]); sleeping 5s
[quiet-guard] contended (load1=41.49 procs=[2533135:cargo]); sleeping 5s
[quiet-guard] contended (load1=39.29 procs=[2533135:cargo]); sleeping 5s
[quiet-guard] contended (load1=36.62 procs=[2533135:cargo]); sleeping 5s
[quiet-guard] contended (load1=34.41 procs=[2533135:cargo]); sleeping 5s
[quiet-guard] contended (load1=32.37 procs=[2533135:cargo]); sleeping 5s
[quiet-guard] contended (load1=30.58 procs=[2533135:cargo,2542412:cargo,2542413:cargo,2542414:cargo,2542415:cargo,2542707:rustc,2542774:rustc,2542779:rustc]); sleeping 5s
[quiet-guard] contended (load1=28.61 procs=[2533135:cargo,2542412:cargo,2542413:cargo,2542414:cargo,2542415:cargo,2542779:rustc]); sleeping 5s
[quiet-guard] contended (load1=26.88 procs=[2533135:cargo,2542412:cargo,2542413:cargo,2542414:cargo,2542415:cargo,2542779:rustc]); sleeping 5s
[quiet-guard] contended (load1=24.97 procs=[2533135:cargo,2542412:cargo,2542413:cargo,2542414:cargo,2542415:cargo,2542779:rustc]); sleeping 5s
[quiet-guard] contended (load1=23.21 procs=[2533135:cargo,2542412:cargo,2542413:cargo,2542414:cargo,2542415:cargo,2542779:rustc]); sleeping 5s
[quiet-guard] contended (load1=21.67 procs=[2533135:cargo,2542412:cargo,2542413:cargo,2542414:cargo,2542415:cargo,2542779:rustc]); sleeping 5s
[quiet-guard] contended (load1=20.26 procs=[2533135:cargo,2542412:cargo,2542413:cargo,2542414:cargo,2542415:cargo,2542779:rustc]); sleeping 5s
[quiet-guard] contended (load1=18.79 procs=[2533135:cargo,2542412:cargo,2542413:cargo,2542414:cargo,2542415:cargo,2542779:rustc]); sleeping 5s
[quiet-guard] contended (load1=17.77 procs=[2533135:cargo,2542412:cargo,2542413:cargo,2542414:cargo,2542415:cargo,2542779:rustc,2543460:cargo]); sleeping 5s
[quiet-guard] contended (load1=16.67 procs=[2533135:cargo,2542412:cargo,2542413:cargo,2542414:cargo,2542415:cargo,2542779:rustc,2543460:cargo]); sleeping 5s
[quiet-guard] contended (load1=15.73 procs=[2533135:cargo,2542412:cargo,2542413:cargo,2542414:cargo,2542415:cargo,2542779:rustc,2543460:cargo]); sleeping 5s
[quiet-guard] contended (load1=14.79 procs=[2533135:cargo,2542412:cargo,2542413:cargo,2542414:cargo,2542415:cargo,2542779:rustc,2543460:cargo]); sleeping 5s
[quiet-guard] contended (load1=14.09 procs=[2533135:cargo,2542412:cargo,2542413:cargo,2542414:cargo,2542415:cargo,2542779:rustc,2543460:cargo]); sleeping 5s
[quiet-guard] contended (load1=13.28 procs=[2533135:cargo,2542412:cargo,2542413:cargo,2542414:cargo,2542415:cargo,2542779:rustc,2543460:cargo]); sleeping 5s
[quiet-guard] contended (load1=12.94 procs=[2533135:cargo,2542412:cargo,2542413:cargo,2542414:cargo,2542415:cargo,2542779:rustc,2543460:cargo]); sleeping 5s
[quiet-guard] contended (load1=12.38 procs=[2533135:cargo,2542412:cargo,2542413:cargo,2542414:cargo,2542415:cargo,2542779:rustc,2543460:cargo]); sleeping 5s
[quiet-guard] contended (load1=11.95 procs=[2533135:cargo,2542412:cargo,2542413:cargo,2542414:cargo,2542415:cargo,2542779:rustc,2543460:cargo,2544032:rustc]); sleeping 5s
[quiet-guard] contended (load1=15.80 procs=[2533135:cargo,2542412:cargo,2542413:cargo,2542414:cargo,2542415:cargo,2542779:rustc,2543460:cargo,2544032:rustc]); sleeping 5s
[quiet-guard] contended (load1=15.25 procs=[2533135:cargo,2542412:cargo,2542413:cargo,2542414:cargo,2542415:cargo,2542779:rustc,2543460:cargo,2544032:rustc]); sleeping 5s
[quiet-guard] contended (load1=14.83 procs=[2533135:cargo,2542412:cargo,2542413:cargo,2542414:cargo,2542415:cargo,2542779:rustc,2543460:cargo,2544032:rustc]); sleeping 5s
[quiet-guard] contended (load1=14.69 procs=[2533135:cargo,2542412:cargo,2542413:cargo,2542414:cargo,2542415:cargo,2542779:rustc,2543460:cargo]); sleeping 5s
[quiet-guard] contended (load1=13.67 procs=[2533135:cargo,2542412:cargo,2542413:cargo,2542414:cargo,2542415:cargo,2542779:rustc,2543460:cargo]); sleeping 5s
[quiet-guard] contended (load1=13.30 procs=[2533135:cargo,2542412:cargo,2542413:cargo,2542414:cargo,2542415:cargo,2542779:rustc,2543460:cargo]); sleeping 5s
[quiet-guard] contended (load1=12.63 procs=[2533135:cargo]); sleeping 5s
[quiet-guard] contended (load1=12.82 procs=[2545526:cargo,2546517:rustc,2546881:cargo,2546898:rustc,2546899:rustc,2546936:rustc,2546947:rustc,2546954:rustc,2546955:rustc,2546958:rustc,2546968:rustc,2546994:rustc,2546997:rustc,2547007:rustc,2547012:rustc,2547032:rustc,2547034:rustc,2547041:rustc,2547043:rustc,2547045:rustc,2547052:rustc]); sleeping 5s
[quiet-guard] contended (load1=17.88 procs=[2545526:cargo,2546517:rustc,2546881:cargo,2548082:rustc,2548587:rustc,2548769:rustc,2548799:rustc,2548846:rustc,2549008:rustc,2549012:rustc,2549025:rustc,2549042:rustc,2549049:rustc,2549055:rustc,2549067:rustc,2549072:rustc,2549095:rustc,2549107:rustc,2549109:rustc,2549110:cc,2549112:rustc,2549116:cc,2549118:cc1,2549120:rustc,2549127:rustc]); sleeping 5s
[quiet-guard] contended (load1=16.77 procs=[2545526:cargo,2546517:rustc,2546881:cargo,2549425:rustc,2549442:rustc]); sleeping 5s
[quiet-guard] contended (load1=15.75 procs=[2545526:cargo,2546517:rustc,2546881:cargo,2549442:rustc]); sleeping 5s
[quiet-guard] contended (load1=14.89 procs=[2545526:cargo,2546517:rustc,2546881:cargo,2549442:rustc]); sleeping 5s
[quiet-guard] contended (load1=14.01 procs=[2545526:cargo,2546517:rustc,2546881:cargo,2549442:rustc]); sleeping 5s
[quiet-guard] contended (load1=13.13 procs=[2545526:cargo,2546517:rustc,2546881:cargo,2549442:rustc]); sleeping 5s
[quiet-guard] contended (load1=12.40 procs=[2545526:cargo,2546517:rustc,2546881:cargo,2549442:rustc]); sleeping 5s
[quiet-guard] contended (load1=11.81 procs=[2545526:cargo,2546517:rustc,2546881:cargo,2549442:rustc]); sleeping 5s
[quiet-guard] contended (load1=11.18 procs=[2545526:cargo,2546517:rustc,2546881:cargo,2549442:rustc]); sleeping 5s
[quiet-guard] contended (load1=10.61 procs=[2545526:cargo,2546517:rustc,2546881:cargo,2549442:rustc]); sleeping 5s
[quiet-guard] contended (load1=10.32 procs=[2545526:cargo,2546517:rustc,2546881:cargo,2549442:rustc]); sleeping 5s
[quiet-guard] contended (load1=9.81 procs=[2545526:cargo,2546517:rustc,2546881:cargo,2549442:rustc]); sleeping 5s
[quiet-guard] contended (load1=9.59 procs=[2545526:cargo,2546517:rustc,2546881:cargo,2549442:rustc]); sleeping 5s
[quiet-guard] contended (load1=9.30 procs=[2545526:cargo,2546517:rustc,2546881:cargo,2549442:rustc]); sleeping 5s
[quiet-guard] contended (load1=9.75 procs=[2545526:cargo,2546517:rustc,2546881:cargo]); sleeping 5s
[quiet-guard] contended (load1=9.37 procs=[2545526:cargo,2546517:rustc,2546881:cargo,2550644:cc]); sleeping 5s
[quiet-guard] contended (load1=8.94 procs=[2545526:cargo,2546881:cargo]); sleeping 5s
[quiet-guard] contended (load1=8.79 procs=[2546881:cargo,2557714:cargo]); sleeping 5s
[quiet-guard] contended (load1=8.40 procs=[2546881:cargo,2557778:cargo,2557797:rustc]); sleeping 5s
[quiet-guard] contended (load1=8.05 procs=[2557778:cargo,2557797:rustc]); sleeping 5s
[quiet-guard] contended (load1=7.65 procs=[2557778:cargo,2557797:rustc]); sleeping 5s
[quiet-guard] contended (load1=7.19 procs=[2557778:cargo,2557797:rustc]); sleeping 5s
[quiet-guard] contended (load1=6.78 procs=[2557778:cargo,2557797:rustc]); sleeping 5s
[quiet-guard] contended (load1=6.64 procs=[2557778:cargo,2557797:rustc]); sleeping 5s
[quiet-guard] contended (load1=6.34 procs=[2557778:cargo,2557797:rustc]); sleeping 5s
[quiet-guard] contended (load1=6.64 procs=[2557778:cargo,2557797:rustc]); sleeping 5s
[quiet-guard] contended (load1=7.31 procs=[2557778:cargo,2557797:rustc]); sleeping 5s
[quiet-guard] contended (load1=7.36 procs=[2557778:cargo,2557797:rustc]); sleeping 5s
[quiet-guard] contended (load1=7.33 procs=[]); sleeping 5s
[quiet-guard] contended (load1=8.35 procs=[]); sleeping 5s
[quiet-guard] contended (load1=8.24 procs=[]); sleeping 5s
[quiet-guard] contended (load1=7.82 procs=[]); sleeping 5s
[quiet-guard] contended (load1=8.71 procs=[]); sleeping 5s
[quiet-guard] contended (load1=8.82 procs=[]); sleeping 5s
[quiet-guard] contended (load1=8.51 procs=[]); sleeping 5s
[quiet-guard] contended (load1=8.31 procs=[]); sleeping 5s
[quiet-guard] contended (load1=7.89 procs=[]); sleeping 5s
[quiet-guard] contended (load1=8.05 procs=[]); sleeping 5s
[quiet-guard] contended (load1=7.97 procs=[]); sleeping 5s
[quiet-guard] contended (load1=8.53 procs=[]); sleeping 5s
[quiet-guard] contended (load1=9.21 procs=[]); sleeping 5s
[quiet-guard] contended (load1=8.71 procs=[]); sleeping 5s
[quiet-guard] contended (load1=9.06 procs=[]); sleeping 5s
[quiet-guard] contended (load1=8.97 procs=[]); sleeping 5s
[quiet-guard] contended (load1=9.62 procs=[]); sleeping 5s
[quiet-guard] contended (load1=9.33 procs=[]); sleeping 5s
[quiet-guard] contended (load1=8.90 procs=[2561827:cargo]); sleeping 5s
[quiet-guard] contended (load1=8.91 procs=[2561827:cargo]); sleeping 5s
[quiet-guard] contended (load1=8.67 procs=[2561827:cargo]); sleeping 5s
[quiet-guard] contended (load1=8.54 procs=[2561827:cargo]); sleeping 5s
[quiet-guard] contended (load1=9.06 procs=[2561827:cargo]); sleeping 5s
[quiet-guard] contended (load1=8.81 procs=[2561827:cargo]); sleeping 5s
[quiet-guard] contended (load1=8.59 procs=[2561827:cargo]); sleeping 5s
[quiet-guard] contended (load1=9.58 procs=[2561827:cargo]); sleeping 5s
[quiet-guard] contended (load1=10.50 procs=[2561827:cargo]); sleeping 5s
[quiet-guard] contended (load1=10.46 procs=[2561827:cargo]); sleeping 5s
[quiet-guard] contended (load1=10.18 procs=[2561827:cargo]); sleeping 5s
[quiet-guard] contended (load1=10.56 procs=[2561827:cargo]); sleeping 5s
[quiet-guard] contended (load1=10.36 procs=[2561827:cargo]); sleeping 5s
[quiet-guard] contended (load1=10.17 procs=[2561827:cargo]); sleeping 5s
[quiet-guard] contended (load1=9.92 procs=[2561827:cargo]); sleeping 5s
[quiet-guard] contended (load1=10.08 procs=[2561827:cargo]); sleeping 5s
[quiet-guard] contended (load1=9.92 procs=[2561827:cargo]); sleeping 5s
[quiet-guard] contended (load1=10.00 procs=[2564054:cargo,2564497:rustc]); sleeping 5s
[quiet-guard] contended (load1=10.16 procs=[2564054:cargo,2564497:rustc]); sleeping 5s
[quiet-guard] contended (load1=10.15 procs=[2564054:cargo,2564497:rustc]); sleeping 5s
[quiet-guard] contended (load1=9.66 procs=[2564054:cargo,2564497:rustc]); sleeping 5s
[quiet-guard] contended (load1=9.85 procs=[2564054:cargo,2564497:rustc]); sleeping 5s
[quiet-guard] contended (load1=9.62 procs=[2564054:cargo,2564497:rustc]); sleeping 5s
[quiet-guard] contended (load1=10.13 procs=[2564054:cargo,2564497:rustc]); sleeping 5s
[quiet-guard] contended (load1=9.88 procs=[2564054:cargo,2564497:rustc]); sleeping 5s
[quiet-guard] contended (load1=10.05 procs=[2564054:cargo,2564497:rustc]); sleeping 5s
[quiet-guard] contended (load1=9.64 procs=[2564054:cargo,2564497:rustc]); sleeping 5s
[quiet-guard] contended (load1=9.59 procs=[2564054:cargo,2564497:rustc]); sleeping 5s
[quiet-guard] contended (load1=9.14 procs=[2564054:cargo,2564497:rustc]); sleeping 5s
[quiet-guard] contended (load1=9.05 procs=[2564054:cargo,2564497:rustc]); sleeping 5s
[quiet-guard] contended (load1=8.97 procs=[2564054:cargo,2564497:rustc]); sleeping 5s
[quiet-guard] contended (load1=9.21 procs=[2564054:cargo,2564497:rustc]); sleeping 5s
[quiet-guard] contended (load1=9.43 procs=[2564054:cargo,2564497:rustc]); sleeping 5s
[quiet-guard] contended (load1=9.80 procs=[2564054:cargo,2564497:rustc]); sleeping 5s
[quiet-guard] contended (load1=9.90 procs=[2564054:cargo,2564497:rustc,2566051:cc]); sleeping 5s
[quiet-guard] contended (load1=9.66 procs=[2564054:cargo]); sleeping 5s
[quiet-guard] contended (load1=9.13 procs=[2573162:cargo,2573178:rustc]); sleeping 5s
[quiet-guard] contended (load1=8.80 procs=[2573182:cargo,2573198:rustc]); sleeping 5s
[quiet-guard] contended (load1=8.98 procs=[2573182:cargo,2573198:rustc]); sleeping 5s
[quiet-guard] contended (load1=8.98 procs=[2573182:cargo,2573198:rustc]); sleeping 5s
[quiet-guard] contended (load1=8.58 procs=[2573182:cargo,2573198:rustc]); sleeping 5s
[quiet-guard] contended (load1=8.45 procs=[2573182:cargo,2573198:rustc]); sleeping 5s
[quiet-guard] contended (load1=8.42 procs=[2573182:cargo,2573198:rustc]); sleeping 5s
[quiet-guard] contended (load1=8.62 procs=[2573182:cargo,2573198:rustc]); sleeping 5s
[quiet-guard] contended (load1=9.13 procs=[2573182:cargo,2573198:rustc]); sleeping 5s
[quiet-guard] contended (load1=9.20 procs=[2573182:cargo,2573198:rustc]); sleeping 5s
[quiet-guard] contended (load1=10.39 procs=[2573182:cargo,2573198:rustc]); sleeping 5s
[quiet-guard] contended (load1=10.60 procs=[2573182:cargo,2575043:rustc,2575208:cc]); sleeping 5s
[quiet-guard] contended (load1=10.79 procs=[]); sleeping 5s
[quiet-guard] contended (load1=10.73 procs=[]); sleeping 5s
[quiet-guard] contended (load1=10.03 procs=[]); sleeping 5s
[quiet-guard] contended (load1=10.43 procs=[]); sleeping 5s
[quiet-guard] contended (load1=10.23 procs=[2575601:cargo,2575790:rustc,2575794:rustc]); sleeping 5s
[quiet-guard] contended (load1=10.13 procs=[2575601:cargo,2575794:rustc]); sleeping 5s
[quiet-guard] contended (load1=9.88 procs=[2575601:cargo,2575794:rustc]); sleeping 5s
[quiet-guard] contended (load1=9.73 procs=[2575601:cargo,2575794:rustc]); sleeping 5s
[quiet-guard] contended (load1=9.27 procs=[2575601:cargo,2575794:rustc]); sleeping 5s
[quiet-guard] contended (load1=8.77 procs=[2575601:cargo,2575794:rustc]); sleeping 5s
[quiet-guard] contended (load1=8.47 procs=[2575601:cargo,2575794:rustc]); sleeping 5s
[quiet-guard] contended (load1=8.03 procs=[2575601:cargo,2575794:rustc]); sleeping 5s
[quiet-guard] contended (load1=7.55 procs=[2575601:cargo,2575794:rustc]); sleeping 5s
[quiet-guard] contended (load1=7.26 procs=[2575601:cargo,2575794:rustc]); sleeping 5s
[quiet-guard] contended (load1=6.92 procs=[2575601:cargo,2575794:rustc]); sleeping 5s
[quiet-guard] contended (load1=6.61 procs=[2575601:cargo,2575794:rustc]); sleeping 5s
[quiet-guard] contended (load1=6.48 procs=[2575601:cargo,2575794:rustc]); sleeping 5s
[quiet-guard] contended (load1=6.28 procs=[2575601:cargo,2575794:rustc]); sleeping 5s
[quiet-guard] contended (load1=5.94 procs=[2575601:cargo,2575794:rustc]); sleeping 5s
[quiet-guard] contended (load1=5.70 procs=[2575601:cargo,2575794:rustc]); sleeping 5s
[quiet-guard] contended (load1=6.93 procs=[2575601:cargo,2575794:rustc]); sleeping 5s
[quiet-guard] contended (load1=6.77 procs=[2575601:cargo,2575794:rustc]); sleeping 5s
[quiet-guard] contended (load1=6.55 procs=[2575601:cargo,2575794:rustc]); sleeping 5s
[quiet-guard] contended (load1=6.43 procs=[2575601:cargo,2575794:rustc]); sleeping 5s
[quiet-guard] contended (load1=6.47 procs=[2575601:cargo,2575794:rustc]); sleeping 5s
[quiet-guard] contended (load1=6.19 procs=[2575601:cargo,2575794:rustc]); sleeping 5s
[quiet-guard] contended (load1=5.94 procs=[2575601:cargo,2578289:rustc]); sleeping 5s
[quiet-guard] contended (load1=5.70 procs=[2575601:cargo,2578289:rustc,2578720:cc]); sleeping 5s
RATE seq-apply-1t wall=0.304s head-transitions/s=24.31M  [gate >= 5M]
RATE tree-reduce+apply-1t wall=7.041s head-transitions/s=1.05M
RATE parallel t=1 build=2.215s reduce+apply=7.351s total=9.566s capsules/s=1.05M transitions/s(reduce)=1.00M
[quiet-guard] contended (load1=5.02 procs=[2579031:cargo,2579046:rustc]); sleeping 5s
RATE parallel t=2 build=1.004s reduce+apply=3.718s total=4.722s capsules/s=2.12M transitions/s(reduce)=1.99M
RATE parallel t=4 build=0.503s reduce+apply=2.156s total=2.659s capsules/s=3.76M transitions/s(reduce)=3.42M
[quiet-guard] contended (load1=4.56 procs=[2579761:cargo]); sleeping 5s
[quiet-guard] contended (load1=4.35 procs=[2579761:cargo,2579778:rustc]); sleeping 5s
[quiet-guard] contended (load1=4.24 procs=[2580246:cargo,2580267:rustc,2580268:rustc,2580278:rustc,2580526:cc]); sleeping 5s
[quiet-guard] contended (load1=4.47 procs=[2580246:cargo,2580278:rustc]); sleeping 5s
[quiet-guard] contended (load1=4.59 procs=[2580246:cargo,2581295:rustc,2581297:rustc,2581300:rustc,2581303:rustc,2581306:rustc,2581313:rustc,2581327:rustc,2581334:rustc,2581337:rustc,2581344:rustc,2581361:rustc,2581368:rustc,2581376:rustc,2581380:rustc,2581390:rustc,2581946:rustc,2582051:rustc,2582293:cc,2582357:cc,2582372:cc,2582536:cc,2582680:cc,2582681:cc,2582686:cc,2582687:cc,2582688:cc,2582716:cc,2582720:cc,2582721:cc,2582730:cc,2582853:cc,2582908:cc,2582923:cc,2583248:cc]); sleeping 5s
[quiet-guard] contended (load1=15.03 procs=[2580246:cargo,2581295:rustc,2581297:rustc,2581300:rustc,2581303:rustc,2581313:rustc,2581327:rustc,2581334:rustc,2581337:rustc,2581344:rustc,2581361:rustc,2581368:rustc,2581380:rustc,2581390:rustc,2581946:rustc,2582051:rustc,2582293:cc,2582357:cc,2582372:cc,2582536:cc,2582681:cc,2582686:cc,2582688:cc,2582716:cc,2582720:cc,2582721:cc,2582730:cc,2582853:cc,2582908:cc,2582923:cc,2583248:cc]); sleeping 5s
[quiet-guard] contended (load1=15.27 procs=[2580246:cargo]); sleeping 5s
[quiet-guard] contended (load1=15.01 procs=[2580246:cargo]); sleeping 5s
[quiet-guard] contended (load1=14.61 procs=[2580246:cargo]); sleeping 5s
[quiet-guard] contended (load1=14.16 procs=[2580246:cargo,2588483:cargo,2588484:cargo,2588485:cargo,2588486:cargo]); sleeping 5s
[quiet-guard] contended (load1=13.26 procs=[2580246:cargo,2588483:cargo,2588484:cargo,2588485:cargo,2588486:cargo,2588722:rustc]); sleeping 5s
[quiet-guard] contended (load1=12.44 procs=[2580246:cargo,2588483:cargo,2588484:cargo,2588485:cargo,2588486:cargo,2588722:rustc]); sleeping 5s
[quiet-guard] contended (load1=11.68 procs=[2580246:cargo,2588483:cargo,2588484:cargo,2588485:cargo,2588486:cargo,2588722:rustc]); sleeping 5s
[quiet-guard] contended (load1=10.91 procs=[2580246:cargo,2588483:cargo,2588484:cargo,2588485:cargo,2588486:cargo,2588722:rustc]); sleeping 5s
[quiet-guard] contended (load1=10.27 procs=[2580246:cargo,2588483:cargo,2588484:cargo,2588485:cargo,2588486:cargo,2588722:rustc]); sleeping 5s
[quiet-guard] contended (load1=9.77 procs=[2580246:cargo,2588483:cargo,2588484:cargo,2588485:cargo,2588486:cargo,2588722:rustc]); sleeping 5s
[quiet-guard] contended (load1=9.23 procs=[2580246:cargo,2588483:cargo,2588484:cargo,2588485:cargo,2588486:cargo,2588722:rustc,2589404:cargo,2589478:rustc,2589479:rustc]); sleeping 5s
[quiet-guard] contended (load1=9.13 procs=[2580246:cargo,2588483:cargo,2588484:cargo,2588485:cargo,2588486:cargo,2588722:rustc,2589535:cargo,2589567:rustc,2589568:rustc]); sleeping 5s
[quiet-guard] contended (load1=9.04 procs=[2580246:cargo,2588483:cargo,2588484:cargo,2588485:cargo,2588486:cargo,2588722:rustc,2589535:cargo,2589567:rustc,2589568:rustc]); sleeping 5s
[quiet-guard] contended (load1=8.96 procs=[2580246:cargo,2588483:cargo,2588484:cargo,2588485:cargo,2588486:cargo,2588722:rustc,2589535:cargo,2589567:rustc,2589568:rustc]); sleeping 5s
[quiet-guard] contended (load1=8.56 procs=[2580246:cargo,2588483:cargo,2588484:cargo,2588485:cargo,2588486:cargo,2588722:rustc,2589767:cargo,2589797:rustc,2589798:rustc]); sleeping 5s
[quiet-guard] contended (load1=8.27 procs=[2580246:cargo,2588483:cargo,2588484:cargo,2588485:cargo,2588486:cargo,2588722:rustc,2589767:cargo,2589797:rustc,2589798:rustc]); sleeping 5s
[quiet-guard] contended (load1=8.25 procs=[2580246:cargo,2588483:cargo,2588484:cargo,2588485:cargo,2588486:cargo,2588722:rustc,2589767:cargo,2589797:rustc,2589798:rustc]); sleeping 5s
[quiet-guard] contended (load1=8.15 procs=[2580246:cargo,2588483:cargo,2588484:cargo,2588485:cargo,2588486:cargo,2588722:rustc,2590011:cargo,2590038:rustc,2590039:rustc]); sleeping 5s
[quiet-guard] contended (load1=7.98 procs=[2580246:cargo,2588483:cargo,2588484:cargo,2588485:cargo,2588486:cargo,2588722:rustc,2590011:cargo,2590038:rustc,2590039:rustc]); sleeping 5s
[quiet-guard] contended (load1=8.30 procs=[2580246:cargo,2588483:cargo,2588484:cargo,2588485:cargo,2588486:cargo,2588722:rustc,2590011:cargo,2590038:rustc,2590039:rustc,2590146:cargo,2590671:rustc,2590956:rustc,2591181:rustc,2591354:rustc,2591386:rustc,2591402:rustc,2591415:rustc,2591590:rustc,2591603:rustc,2591611:rustc,2591672:rustc,2591704:rustc,2591714:rustc,2591720:rustc,2591723:rustc,2591727:rustc,2591732:rustc,2591742:rustc,2591768:rustc,2591773:rustc,2591775:rustc]); sleeping 5s
[quiet-guard] contended (load1=13.88 procs=[2580246:cargo,2588483:cargo,2588484:cargo,2588485:cargo,2588486:cargo,2588722:rustc,2590011:cargo,2590038:rustc,2590039:rustc,2590146:cargo,2592767:cc,2592769:cc1,2592978:rustc,2593120:rustc,2593206:rustc,2593244:rustc,2593252:rustc,2593292:rustc,2593314:rustc,2593411:rustc,2593608:rustc,2593663:rustc,2593689:rustc,2593696:rustc,2593700:rustc,2593718:cc,2593720:rustc,2593722:cc,2593724:cc,2593725:rustc]); sleeping 5s
[quiet-guard] contended (load1=16.62 procs=[2580246:cargo,2588483:cargo,2588484:cargo,2588485:cargo,2588486:cargo,2588722:rustc,2590011:cargo,2590038:rustc,2590039:rustc,2590146:cargo,2594070:rustc,2594574:rustc,2594841:cc,2594846:cc1,2595101:rustc,2595437:cc,2595438:cc,2595439:cc,2595441:cc,2595442:cc,2595444:cc,2595446:cc,2595448:cc,2595451:cc,2595452:cc,2595454:cc,2595457:cc,2595459:cc,2595462:cc,2595464:cc,2595465:cc,2595466:cc]); sleeping 5s
[quiet-guard] contended (load1=15.93 procs=[2580246:cargo,2588483:cargo,2588484:cargo,2588485:cargo,2588486:cargo,2588722:rustc,2590011:cargo,2590038:rustc,2590039:rustc,2590146:cargo,2594070:rustc,2595760:rustc,2596066:rustc,2596079:rustc]); sleeping 5s
[quiet-guard] contended (load1=16.09 procs=[2580246:cargo,2588483:cargo,2588484:cargo,2588485:cargo,2588486:cargo,2588722:rustc,2590011:cargo,2590038:rustc,2590146:cargo,2596199:rustc]); sleeping 5s
[quiet-guard] contended (load1=15.52 procs=[2580246:cargo,2588483:cargo,2588484:cargo,2588485:cargo,2588486:cargo,2588722:rustc,2590011:cargo,2590038:rustc,2590146:cargo,2596199:rustc]); sleeping 5s
[quiet-guard] contended (load1=15.08 procs=[2580246:cargo,2588483:cargo,2588484:cargo,2588485:cargo,2588486:cargo,2588722:rustc,2590011:cargo,2590038:rustc,2590146:cargo,2596199:rustc]); sleeping 5s
[quiet-guard] contended (load1=14.51 procs=[2580246:cargo,2588483:cargo,2588484:cargo,2588485:cargo,2588486:cargo,2588722:rustc,2590146:cargo,2596199:rustc]); sleeping 5s
[quiet-guard] contended (load1=13.91 procs=[2580246:cargo,2588483:cargo,2588484:cargo,2588485:cargo,2588486:cargo,2590146:cargo,2596199:rustc,2596765:rustc,2596879:cc]); sleeping 5s
[quiet-guard] contended (load1=17.12 procs=[2590146:cargo,2596199:rustc,2597907:cargo]); sleeping 5s
[quiet-guard] contended (load1=15.91 procs=[2597907:cargo,2598109:rustc]); sleeping 5s
[quiet-guard] contended (load1=14.88 procs=[2597907:cargo,2598109:rustc]); sleeping 5s
[quiet-guard] contended (load1=13.93 procs=[2597907:cargo,2598109:rustc]); sleeping 5s
[quiet-guard] contended (load1=12.89 procs=[2597907:cargo,2598109:rustc]); sleeping 5s
[quiet-guard] contended (load1=12.26 procs=[2597907:cargo,2598109:rustc]); sleeping 5s
[quiet-guard] contended (load1=11.52 procs=[2597907:cargo,2598109:rustc]); sleeping 5s
[quiet-guard] contended (load1=10.75 procs=[2597907:cargo,2598109:rustc,2598553:cargo,2598574:rustc,2598632:rustc,2598644:rustc,2598651:rustc,2598689:rustc,2598894:rustc,2598900:rustc,2598921:rustc,2598932:rustc,2598952:rustc,2598976:rustc,2599012:rustc,2599032:rustc,2599035:rustc,2599049:rustc,2599058:rustc,2599072:rustc,2599096:rustc,2599099:rustc,2599104:rustc,2599110:rustc,2599118:rustc,2599122:rustc]); sleeping 5s
[quiet-guard] contended (load1=15.74 procs=[2597907:cargo,2598109:rustc,2598553:cargo,2599330:rustc,2599689:rustc,2600318:rustc,2600661:rustc,2600831:rustc,2600848:rustc,2600860:rustc,2600945:rustc,2600985:rustc,2601006:cc,2601007:cc1,2601017:rustc,2601040:rustc,2601052:rustc,2601081:cc,2601085:cc,2601089:cc,2601091:cc,2601093:cc,2601105:cc,2601107:cc1]); sleeping 5s
[quiet-guard] contended (load1=20.72 procs=[2597907:cargo,2598109:rustc,2598553:cargo,2601270:rustc,2602166:cc,2602168:cc1,2602196:rustc,2602415:rustc,2602508:rustc,2602544:cc,2602545:cc,2602548:cc,2602550:cc,2602552:cc,2602553:cc1,2602554:cc,2602555:cc,2602557:cc,2602575:cc,2602576:cc,2602577:cc,2602578:cc1,2602579:cc1,2602581:cc1]); sleeping 5s
[quiet-guard] contended (load1=19.71 procs=[2597907:cargo,2598109:rustc,2598553:cargo,2603166:rustc,2603212:rustc]); sleeping 5s
[quiet-guard] contended (load1=18.77 procs=[2597907:cargo,2598109:rustc,2598553:cargo,2603453:rustc]); sleeping 5s
[quiet-guard] contended (load1=17.51 procs=[2597907:cargo,2598109:rustc,2598553:cargo,2603514:rustc]); sleeping 5s
[quiet-guard] contended (load1=16.58 procs=[2597907:cargo,2598109:rustc,2598553:cargo,2603514:rustc]); sleeping 5s
[quiet-guard] contended (load1=15.50 procs=[2597907:cargo,2598109:rustc,2598553:cargo,2603514:rustc]); sleeping 5s
[quiet-guard] contended (load1=15.14 procs=[2597907:cargo,2598553:cargo,2603514:rustc]); sleeping 5s
[quiet-guard] contended (load1=14.24 procs=[2597907:cargo,2598553:cargo,2603514:rustc]); sleeping 5s
[quiet-guard] contended (load1=13.82 procs=[2597907:cargo,2598553:cargo,2603514:rustc]); sleeping 5s
[quiet-guard] contended (load1=13.20 procs=[2598553:cargo,2603514:rustc]); sleeping 5s
[quiet-guard] contended (load1=12.38 procs=[2598553:cargo,2603514:rustc]); sleeping 5s
[quiet-guard] contended (load1=11.63 procs=[2598553:cargo,2603514:rustc]); sleeping 5s
[quiet-guard] contended (load1=10.86 procs=[2598553:cargo,2603514:rustc]); sleeping 5s
[quiet-guard] contended (load1=10.23 procs=[2598553:cargo,2603514:rustc]); sleeping 5s
[quiet-guard] contended (load1=10.05 procs=[2598553:cargo,2603514:rustc]); sleeping 5s
[quiet-guard] contended (load1=9.72 procs=[2598553:cargo,2603514:rustc]); sleeping 5s
[quiet-guard] contended (load1=9.75 procs=[2598553:cargo,2603514:rustc]); sleeping 5s
[quiet-guard] contended (load1=10.33 procs=[2598553:cargo,2603514:rustc]); sleeping 5s
[quiet-guard] contended (load1=10.46 procs=[2598553:cargo,2603514:rustc]); sleeping 5s
[quiet-guard] contended (load1=10.91 procs=[2598553:cargo,2603514:rustc]); sleeping 5s
[quiet-guard] contended (load1=10.59 procs=[2598553:cargo]); sleeping 5s
[quiet-guard] contended (load1=10.38 procs=[]); sleeping 5s
[quiet-guard] contended (load1=9.79 procs=[]); sleeping 5s
[quiet-guard] contended (load1=9.81 procs=[]); sleeping 5s
[quiet-guard] contended (load1=9.83 procs=[2606662:cargo]); sleeping 5s
[quiet-guard] contended (load1=9.68 procs=[2606662:cargo]); sleeping 5s
[quiet-guard] contended (load1=9.30 procs=[2606662:cargo]); sleeping 5s
[quiet-guard] contended (load1=8.88 procs=[2606662:cargo]); sleeping 5s
[quiet-guard] contended (load1=8.73 procs=[2606662:cargo]); sleeping 5s
[quiet-guard] contended (load1=9.07 procs=[2606662:cargo]); sleeping 5s
[quiet-guard] contended (load1=8.50 procs=[2606662:cargo]); sleeping 5s
[quiet-guard] contended (load1=8.62 procs=[2606662:cargo]); sleeping 5s
[quiet-guard] contended (load1=8.65 procs=[2606662:cargo]); sleeping 5s
[quiet-guard] contended (load1=9.16 procs=[2606662:cargo]); sleeping 5s
[quiet-guard] contended (load1=9.39 procs=[]); sleeping 5s
[quiet-guard] contended (load1=9.20 procs=[2607546:cargo]); sleeping 5s
[quiet-guard] contended (load1=9.10 procs=[2607546:cargo]); sleeping 5s
[quiet-guard] contended (load1=9.33 procs=[2607546:cargo]); sleeping 5s
[quiet-guard] contended (load1=8.99 procs=[2607546:cargo]); sleeping 5s
[quiet-guard] contended (load1=9.79 procs=[2607546:cargo]); sleeping 5s
[quiet-guard] contended (load1=9.57 procs=[2607546:cargo]); sleeping 5s
[quiet-guard] contended (load1=9.36 procs=[2607546:cargo]); sleeping 5s
[quiet-guard] contended (load1=9.17 procs=[2607546:cargo]); sleeping 5s
[quiet-guard] contended (load1=9.56 procs=[2607546:cargo]); sleeping 5s
[quiet-guard] contended (load1=9.67 procs=[2607546:cargo]); sleeping 5s
[quiet-guard] contended (load1=9.54 procs=[2607546:cargo]); sleeping 5s
[quiet-guard] contended (load1=9.34 procs=[2607546:cargo]); sleeping 5s
[quiet-guard] contended (load1=9.07 procs=[2607546:cargo]); sleeping 5s
[quiet-guard] contended (load1=8.58 procs=[2607546:cargo]); sleeping 5s
[quiet-guard] contended (load1=8.29 procs=[2607546:cargo,2608921:cargo,2609521:rustc,2609564:rustc,2609593:rustc,2609608:rustc,2609613:rustc,2609622:rustc,2609658:rustc,2609750:rustc,2609819:rustc,2609820:rustc,2609837:rustc,2609993:rustc,2610001:rustc,2610013:rustc,2610030:rustc,2610035:rustc,2610041:rustc,2610063:cc,2610108:rustc,2610114:rustc]); sleeping 5s
[quiet-guard] contended (load1=13.40 procs=[2607546:cargo,2608921:cargo,2612121:cc,2612124:cc1,2612271:rustc,2612430:rustc,2612743:cc,2612745:cc,2612746:cc,2612747:cc1,2612748:cc1]); sleeping 5s
[quiet-guard] contended (load1=12.72 procs=[2607546:cargo,2608921:cargo,2613004:cc]); sleeping 5s
[quiet-guard] contended (load1=11.94 procs=[2608921:cargo,2613129:cc,2613130:cc1]); sleeping 5s
[quiet-guard] contended (load1=11.39 procs=[2608921:cargo]); sleeping 5s
[quiet-guard] contended (load1=10.64 procs=[2608921:cargo]); sleeping 5s
[quiet-guard] contended (load1=10.51 procs=[2608921:cargo,2613317:cargo]); sleeping 5s
[quiet-guard] contended (load1=10.14 procs=[2608921:cargo,2613317:cargo]); sleeping 5s
[quiet-guard] contended (load1=9.89 procs=[2608921:cargo,2613317:cargo]); sleeping 5s
[quiet-guard] contended (load1=9.74 procs=[2608921:cargo,2613317:cargo]); sleeping 5s
[quiet-guard] contended (load1=9.20 procs=[2608921:cargo,2613317:cargo]); sleeping 5s
[quiet-guard] contended (load1=8.70 procs=[2608921:cargo,2613317:cargo]); sleeping 5s
[quiet-guard] contended (load1=8.33 procs=[2608921:cargo,2613317:cargo]); sleeping 5s
[quiet-guard] contended (load1=8.14 procs=[2608921:cargo,2613317:cargo]); sleeping 5s
[quiet-guard] contended (load1=7.89 procs=[2608921:cargo,2613317:cargo]); sleeping 5s
[quiet-guard] contended (load1=7.58 procs=[2608921:cargo,2613317:cargo]); sleeping 5s
[quiet-guard] contended (load1=7.13 procs=[2608921:cargo,2613317:cargo]); sleeping 5s
[quiet-guard] contended (load1=7.12 procs=[2608921:cargo,2613317:cargo]); sleeping 5s
[quiet-guard] contended (load1=6.71 procs=[2608921:cargo,2613317:cargo]); sleeping 5s
[quiet-guard] contended (load1=6.41 procs=[2608921:cargo,2613317:cargo]); sleeping 5s
[quiet-guard] contended (load1=6.14 procs=[2608921:cargo,2613317:cargo]); sleeping 5s
[quiet-guard] contended (load1=6.05 procs=[2608921:cargo,2614638:cargo]); sleeping 5s
[quiet-guard] contended (load1=5.64 procs=[2608921:cargo]); sleeping 5s
[quiet-guard] contended (load1=5.35 procs=[2608921:cargo]); sleeping 5s
[quiet-guard] contended (load1=5.00 procs=[2608921:cargo]); sleeping 5s
[quiet-guard] contended (load1=4.76 procs=[2608921:cargo,2615012:cargo]); sleeping 5s
[quiet-guard] contended (load1=4.62 procs=[2608921:cargo,2615012:cargo]); sleeping 5s
[quiet-guard] contended (load1=4.73 procs=[2608921:cargo,2615012:cargo]); sleeping 5s
[quiet-guard] contended (load1=4.59 procs=[2608921:cargo,2615012:cargo]); sleeping 5s
[quiet-guard] contended (load1=4.46 procs=[2608921:cargo,2615012:cargo]); sleeping 5s
[quiet-guard] contended (load1=4.43 procs=[2608921:cargo,2615012:cargo]); sleeping 5s
[quiet-guard] contended (load1=4.31 procs=[2608921:cargo,2615012:cargo]); sleeping 5s
[quiet-guard] contended (load1=4.45 procs=[2608921:cargo,2615012:cargo]); sleeping 5s
[quiet-guard] contended (load1=4.81 procs=[2608921:cargo,2615012:cargo]); sleeping 5s
[quiet-guard] contended (load1=4.67 procs=[2608921:cargo,2615815:cargo,2615836:rustc,2615837:rustc]); sleeping 5s
[quiet-guard] contended (load1=4.77 procs=[2608921:cargo,2615815:cargo,2615837:rustc]); sleeping 5s
[quiet-guard] contended (load1=4.47 procs=[2608921:cargo,2615815:cargo,2615837:rustc]); sleeping 5s
[quiet-guard] contended (load1=4.43 procs=[2608921:cargo,2615815:cargo,2615837:rustc]); sleeping 5s
[quiet-guard] contended (load1=4.72 procs=[2608921:cargo,2615815:cargo,2615837:rustc]); sleeping 5s
[quiet-guard] contended (load1=4.58 procs=[2608921:cargo,2615815:cargo]); sleeping 5s
[quiet-guard] contended (load1=4.86 procs=[2608921:cargo,2615815:cargo]); sleeping 5s
[quiet-guard] contended (load1=4.63 procs=[2608921:cargo,2623847:cargo,2624356:rustc,2624357:rustc]); sleeping 5s
[quiet-guard] contended (load1=4.66 procs=[2608921:cargo,2624467:cargo,2624482:rustc]); sleeping 5s
[quiet-guard] contended (load1=4.60 procs=[2608921:cargo,2624467:cargo,2624482:rustc]); sleeping 5s
[quiet-guard] contended (load1=4.39 procs=[2608921:cargo,2624467:cargo,2624482:rustc]); sleeping 5s
[quiet-guard] contended (load1=4.20 procs=[2608921:cargo,2624467:cargo,2624482:rustc]); sleeping 5s
[quiet-guard] contended (load1=4.03 procs=[2608921:cargo,2624467:cargo,2624482:rustc]); sleeping 5s
[quiet-guard] contended (load1=3.94 procs=[2608921:cargo,2624467:cargo,2624482:rustc]); sleeping 5s
[quiet-guard] contended (load1=3.79 procs=[2608921:cargo,2624467:cargo,2624482:rustc]); sleeping 5s
[quiet-guard] contended (load1=3.72 procs=[2608921:cargo,2624467:cargo,2624482:rustc]); sleeping 5s
[quiet-guard] contended (load1=3.83 procs=[2608921:cargo,2624467:cargo,2624482:rustc]); sleeping 5s
[quiet-guard] contended (load1=3.92 procs=[2608921:cargo,2624467:cargo,2624482:rustc]); sleeping 5s
[quiet-guard] contended (load1=4.09 procs=[2608921:cargo,2624467:cargo,2624482:rustc]); sleeping 5s
[quiet-guard] contended (load1=4.16 procs=[2608921:cargo]); sleeping 5s
[quiet-guard] contended (load1=3.91 procs=[2608921:cargo]); sleeping 5s
[quiet-guard] contended (load1=3.92 procs=[2608921:cargo]); sleeping 5s
[quiet-guard] contended (load1=3.84 procs=[2608921:cargo]); sleeping 5s
[quiet-guard] contended (load1=3.85 procs=[2608921:cargo]); sleeping 5s
[quiet-guard] contended (load1=3.79 procs=[2608921:cargo]); sleeping 5s
[quiet-guard] contended (load1=3.64 procs=[2608921:cargo]); sleeping 5s
[quiet-guard] contended (load1=3.59 procs=[2608921:cargo,2626237:cargo]); sleeping 5s
[quiet-guard] contended (load1=3.54 procs=[2608921:cargo,2626237:cargo]); sleeping 5s
[quiet-guard] contended (load1=3.42 procs=[2608921:cargo]); sleeping 5s
[quiet-guard] contended (load1=3.39 procs=[2608921:cargo]); sleeping 5s
[quiet-guard] contended (load1=3.19 procs=[2608921:cargo]); sleeping 5s
[quiet-guard] contended (load1=3.18 procs=[2608921:cargo]); sleeping 5s
[quiet-guard] contended (load1=3.24 procs=[2608921:cargo]); sleeping 5s
[quiet-guard] contended (load1=3.14 procs=[2608921:cargo]); sleeping 5s
[quiet-guard] contended (load1=3.05 procs=[2608921:cargo]); sleeping 5s
[quiet-guard] contended (load1=2.89 procs=[2608921:cargo]); sleeping 5s
[quiet-guard] contended (load1=2.82 procs=[2608921:cargo]); sleeping 5s
[quiet-guard] contended (load1=2.67 procs=[2608921:cargo]); sleeping 5s
[quiet-guard] contended (load1=2.62 procs=[2608921:cargo]); sleeping 5s
[quiet-guard] contended (load1=2.49 procs=[2608921:cargo]); sleeping 5s
[quiet-guard] contended (load1=2.61 procs=[2608921:cargo]); sleeping 5s
[quiet-guard] contended (load1=2.72 procs=[2608921:cargo]); sleeping 5s
[quiet-guard] contended (load1=2.58 procs=[2608921:cargo]); sleeping 5s
[quiet-guard] contended (load1=2.94 procs=[2608921:cargo]); sleeping 5s
[quiet-guard] contended (load1=3.26 procs=[2608921:cargo]); sleeping 5s
[quiet-guard] contended (load1=3.16 procs=[2608921:cargo]); sleeping 5s
[quiet-guard] contended (load1=2.99 procs=[2608921:cargo]); sleeping 5s
[quiet-guard] contended (load1=2.99 procs=[2608921:cargo]); sleeping 5s
[quiet-guard] contended (load1=2.91 procs=[2608921:cargo]); sleeping 5s
[quiet-guard] contended (load1=2.76 procs=[2608921:cargo]); sleeping 5s
[quiet-guard] contended (load1=2.70 procs=[2608921:cargo]); sleeping 5s
[quiet-guard] contended (load1=2.72 procs=[2608921:cargo]); sleeping 5s
[quiet-guard] contended (load1=2.82 procs=[2608921:cargo,2635615:cargo]); sleeping 5s
[quiet-guard] contended (load1=3.16 procs=[2608921:cargo,2635615:cargo]); sleeping 5s
[quiet-guard] contended (load1=3.79 procs=[2608921:cargo,2635615:cargo]); sleeping 5s
[quiet-guard] contended (load1=3.80 procs=[2608921:cargo,2635615:cargo]); sleeping 5s
[quiet-guard] contended (load1=3.90 procs=[2608921:cargo,2635615:cargo]); sleeping 5s
[quiet-guard] contended (load1=3.91 procs=[2608921:cargo,2635615:cargo]); sleeping 5s
[quiet-guard] contended (load1=3.75 procs=[2608921:cargo,2635615:cargo]); sleeping 5s
[quiet-guard] contended (load1=3.69 procs=[2608921:cargo,2635615:cargo]); sleeping 5s
[quiet-guard] contended (load1=3.72 procs=[2608921:cargo,2635615:cargo]); sleeping 5s
[quiet-guard] contended (load1=3.66 procs=[2608921:cargo,2636503:cargo]); sleeping 5s
[quiet-guard] contended (load1=3.61 procs=[2608921:cargo,2636503:cargo,2636939:rustc]); sleeping 5s
[quiet-guard] contended (load1=3.56 procs=[2608921:cargo,2636503:cargo,2636939:rustc]); sleeping 5s
[quiet-guard] contended (load1=3.51 procs=[2608921:cargo,2636503:cargo,2636939:rustc]); sleeping 5s
[quiet-guard] contended (load1=3.47 procs=[2608921:cargo,2636503:cargo]); sleeping 5s
[quiet-guard] contended (load1=3.43 procs=[2608921:cargo,2636503:cargo]); sleeping 5s
[quiet-guard] contended (load1=3.32 procs=[2608921:cargo,2644691:cargo,2644703:rustc]); sleeping 5s
[quiet-guard] contended (load1=3.21 procs=[2608921:cargo,2644691:cargo,2644703:rustc]); sleeping 5s
[quiet-guard] contended (load1=3.20 procs=[2608921:cargo,2644691:cargo,2645118:rustc,2645119:rustc,2645259:cc,2645278:cc]); sleeping 5s
[quiet-guard] contended (load1=3.10 procs=[2608921:cargo]); sleeping 5s
[quiet-guard] contended (load1=3.09 procs=[2608921:cargo]); sleeping 5s
[quiet-guard] contended (load1=3.16 procs=[2608921:cargo]); sleeping 5s
[quiet-guard] contended (load1=3.07 procs=[2608921:cargo]); sleeping 5s
[quiet-guard] contended (load1=3.15 procs=[2608921:cargo]); sleeping 5s
[quiet-guard] contended (load1=3.05 procs=[2608921:cargo]); sleeping 5s
[quiet-guard] contended (load1=2.89 procs=[2608921:cargo]); sleeping 5s
[quiet-guard] contended (load1=2.74 procs=[2608921:cargo]); sleeping 5s
[quiet-guard] contended (load1=2.68 procs=[2608921:cargo,2645921:cargo,2645965:rustc,2645967:rustc]); sleeping 5s
[quiet-guard] contended (load1=2.78 procs=[2608921:cargo,2645921:cargo,2645965:rustc,2645967:rustc]); sleeping 5s
[quiet-guard] contended (load1=2.80 procs=[2608921:cargo,2645921:cargo,2645967:rustc,2646409:cargo]); sleeping 5s
[quiet-guard] contended (load1=2.90 procs=[2608921:cargo,2646409:cargo,2646722:rustc]); sleeping 5s
[quiet-guard] contended (load1=2.91 procs=[2608921:cargo,2646409:cargo,2646722:rustc]); sleeping 5s
[quiet-guard] contended (load1=3.23 procs=[2608921:cargo,2646409:cargo,2646722:rustc]); sleeping 5s
[quiet-guard] contended (load1=3.22 procs=[2608921:cargo,2646409:cargo,2646722:rustc]); sleeping 5s
[quiet-guard] contended (load1=3.12 procs=[2608921:cargo,2646409:cargo,2646722:rustc]); sleeping 5s
[quiet-guard] contended (load1=3.11 procs=[2646409:cargo,2646722:rustc]); sleeping 5s
[quiet-guard] contended (load1=3.18 procs=[2646409:cargo,2646722:rustc]); sleeping 5s
[quiet-guard] contended (load1=3.33 procs=[2646409:cargo,2646722:rustc,2647156:cargo,2647924:rustc,2648377:rustc,2648939:rustc,2649270:rustc,2649298:rustc,2649570:rustc,2649590:rustc,2649655:rustc,2649719:rustc,2649802:rustc,2649806:rustc,2649814:rustc,2649896:rustc,2649905:rustc,2649914:rustc,2649920:rustc,2649937:rustc,2649948:rustc,2649952:rustc,2649966:rustc,2649975:rustc,2649981:rustc,2649986:cargo]); sleeping 5s
[quiet-guard] contended (load1=7.86 procs=[2646409:cargo,2646722:rustc,2647156:cargo,2650453:cc,2650454:cc1,2651717:rustc,2651856:rustc,2652056:rustc,2652105:rustc,2652315:cc,2652317:cc1,2652319:cc,2652354:cc,2652358:cc1,2652361:cc,2652363:cc1,2652388:rustc,2652397:cc,2652406:rustc,2652420:rustc,2652424:cc,2652427:cc1,2652428:rustc,2652453:rustc,2652458:cc,2652459:cc1,2652460:cc,2652461:cc,2652462:cc,2652463:cc1,2652464:cc1,2652466:cc,2652467:cc1,2652468:cc1,2652469:rustc,2652472:rustc,2652480:rustc]); sleeping 5s
[quiet-guard] contended (load1=9.88 procs=[2646409:cargo,2646722:rustc,2647156:cargo,2652933:rustc]); sleeping 5s
[quiet-guard] contended (load1=9.33 procs=[2646409:cargo,2646722:rustc,2647156:cargo,2652933:rustc]); sleeping 5s
[quiet-guard] contended (load1=8.90 procs=[2646409:cargo,2646722:rustc,2647156:cargo,2652933:rustc]); sleeping 5s
[quiet-guard] contended (load1=9.15 procs=[2646409:cargo,2646722:rustc,2647156:cargo,2652933:rustc]); sleeping 5s
[quiet-guard] contended (load1=8.82 procs=[2646409:cargo,2646722:rustc,2647156:cargo,2652933:rustc]); sleeping 5s
[quiet-guard] contended (load1=8.67 procs=[2646409:cargo,2646722:rustc,2647156:cargo,2652933:rustc]); sleeping 5s
[quiet-guard] contended (load1=8.54 procs=[2646409:cargo,2646722:rustc,2647156:cargo,2652933:rustc]); sleeping 5s
[quiet-guard] contended (load1=8.73 procs=[2646409:cargo,2646722:rustc,2647156:cargo,2652933:rustc,2653668:cc]); sleeping 5s
[quiet-guard] contended (load1=8.35 procs=[2647156:cargo,2652933:rustc]); sleeping 5s
[quiet-guard] contended (load1=8.01 procs=[2647156:cargo,2652933:rustc]); sleeping 5s
[quiet-guard] contended (load1=7.92 procs=[2647156:cargo,2652933:rustc]); sleeping 5s
[quiet-guard] contended (load1=7.69 procs=[2647156:cargo,2652933:rustc]); sleeping 5s
[quiet-guard] contended (load1=7.23 procs=[2647156:cargo,2654046:rustc]); sleeping 5s
[quiet-guard] contended (load1=6.97 procs=[2647156:cargo,2654080:rustc,2654081:rustc]); sleeping 5s
[quiet-guard] contended (load1=6.90 procs=[2647156:cargo,2654080:rustc,2654081:rustc]); sleeping 5s
[quiet-guard] contended (load1=6.82 procs=[2647156:cargo,2654081:rustc]); sleeping 5s
[quiet-guard] contended (load1=6.60 procs=[]); sleeping 5s
[quiet-guard] contended (load1=6.23 procs=[]); sleeping 5s
RATE parallel t=8 build=0.274s reduce+apply=1.664s total=1.938s capsules/s=5.16M transitions/s(reduce)=4.44M
