control cycle=1 slot=1 process batch=1 ev/s=147419 p99=56.0us alloc/event=16.6249 bytes/event=2653.8 copied=160000/41760000 groups/fsyncs=0/0 fsync_p99=0ns degraded=false load=4.37->4.58
candidate cycle=1 slot=2 process batch=1 ev/s=138196 p99=60.2us alloc/event=16.6044 bytes/event=2645.7 copied=160000/41760000 groups/fsyncs=0/0 fsync_p99=0ns degraded=false load=4.58->4.58
candidate cycle=1 slot=3 process batch=1 ev/s=139361 p99=55.0us alloc/event=16.6157 bytes/event=2649.1 copied=160000/41760000 groups/fsyncs=0/0 fsync_p99=0ns degraded=false load=4.58->4.58
control cycle=1 slot=4 process batch=1 ev/s=145906 p99=52.2us alloc/event=16.6408 bytes/event=2659.0 copied=160000/41760000 groups/fsyncs=0/0 fsync_p99=0ns degraded=false load=4.58->4.53
candidate cycle=2 slot=1 process batch=1 ev/s=134473 p99=58.4us alloc/event=16.6054 bytes/event=2646.2 copied=160000/41760000 groups/fsyncs=0/0 fsync_p99=0ns degraded=false load=4.53->4.53
control cycle=2 slot=2 process batch=1 ev/s=150904 p99=53.7us alloc/event=16.6354 bytes/event=2657.7 copied=160000/41760000 groups/fsyncs=0/0 fsync_p99=0ns degraded=false load=4.53->4.53
control cycle=2 slot=3 process batch=1 ev/s=137452 p99=67.7us alloc/event=16.6528 bytes/event=2662.5 copied=160000/41760000 groups/fsyncs=0/0 fsync_p99=0ns degraded=false load=4.53->4.49
candidate cycle=2 slot=4 process batch=1 ev/s=118050 p99=99.9us alloc/event=16.6207 bytes/event=2649.9 copied=160000/41760000 groups/fsyncs=0/0 fsync_p99=0ns degraded=false load=4.49->4.49
control cycle=3 slot=1 process batch=1 ev/s=144273 p99=57.5us alloc/event=16.6381 bytes/event=2657.9 copied=160000/41760000 groups/fsyncs=0/0 fsync_p99=0ns degraded=false load=4.49->4.37
candidate cycle=3 slot=2 process batch=1 ev/s=127162 p99=66.7us alloc/event=16.6095 bytes/event=2646.8 copied=160000/41760000 groups/fsyncs=0/0 fsync_p99=0ns degraded=false load=4.37->4.37
candidate cycle=3 slot=3 process batch=1 ev/s=131064 p99=62.3us alloc/event=16.6121 bytes/event=2647.5 copied=160000/41760000 groups/fsyncs=0/0 fsync_p99=0ns degraded=false load=4.37->4.37
control cycle=3 slot=4 process batch=1 ev/s=137235 p99=63.6us alloc/event=16.6435 bytes/event=2659.4 copied=160000/41760000 groups/fsyncs=0/0 fsync_p99=0ns degraded=false load=4.37->4.58
candidate cycle=4 slot=1 process batch=1 ev/s=137342 p99=58.0us alloc/event=16.6102 bytes/event=2647.3 copied=160000/41760000 groups/fsyncs=0/0 fsync_p99=0ns degraded=false load=4.58->4.58
control cycle=4 slot=2 process batch=1 ev/s=145468 p99=53.5us alloc/event=16.6382 bytes/event=2657.7 copied=160000/41760000 groups/fsyncs=0/0 fsync_p99=0ns degraded=false load=4.58->4.58
control cycle=4 slot=3 process batch=1 ev/s=138753 p99=61.1us alloc/event=16.6468 bytes/event=2660.9 copied=160000/41760000 groups/fsyncs=0/0 fsync_p99=0ns degraded=false load=4.58->4.53
candidate cycle=4 slot=4 process batch=1 ev/s=137388 p99=59.9us alloc/event=16.6091 bytes/event=2647.0 copied=160000/41760000 groups/fsyncs=0/0 fsync_p99=0ns degraded=false load=4.53->4.53
control cycle=5 slot=1 process batch=1 ev/s=139184 p99=64.3us alloc/event=16.6445 bytes/event=2660.0 copied=160000/41760000 groups/fsyncs=0/0 fsync_p99=0ns degraded=false load=4.53->4.53
candidate cycle=5 slot=2 process batch=1 ev/s=134035 p99=58.1us alloc/event=16.6029 bytes/event=2645.0 copied=160000/41760000 groups/fsyncs=0/0 fsync_p99=0ns degraded=false load=4.33->4.33
candidate cycle=5 slot=3 process batch=1 ev/s=128873 p99=63.2us alloc/event=16.6117 bytes/event=2646.9 copied=160000/41760000 groups/fsyncs=0/0 fsync_p99=0ns degraded=false load=4.33->4.33
control cycle=5 slot=4 process batch=1 ev/s=142283 p99=57.6us alloc/event=16.6422 bytes/event=2659.5 copied=160000/41760000 groups/fsyncs=0/0 fsync_p99=0ns degraded=false load=4.33->4.06
control cycle=1 slot=1 process batch=10 ev/s=761093 p99=120.3us alloc/event=5.4305 bytes/event=1134.9 copied=500000/130500000 groups/fsyncs=0/0 fsync_p99=0ns degraded=false load=4.06->4.06
candidate cycle=1 slot=2 process batch=10 ev/s=805078 p99=115.2us alloc/event=5.4327 bytes/event=1137.0 copied=500000/130500000 groups/fsyncs=0/0 fsync_p99=0ns degraded=false load=4.06->4.06
candidate cycle=1 slot=3 process batch=10 ev/s=784956 p99=109.6us alloc/event=5.4389 bytes/event=1139.1 copied=500000/130500000 groups/fsyncs=0/0 fsync_p99=0ns degraded=false load=4.06->4.06
control cycle=1 slot=4 process batch=10 ev/s=750609 p99=110.2us alloc/event=5.4301 bytes/event=1135.0 copied=500000/130500000 groups/fsyncs=0/0 fsync_p99=0ns degraded=false load=4.06->4.3
candidate cycle=2 slot=1 process batch=10 ev/s=775921 p99=133.7us alloc/event=5.4325 bytes/event=1136.6 copied=500000/130500000 groups/fsyncs=0/0 fsync_p99=0ns degraded=false load=4.3->4.3
control cycle=2 slot=2 process batch=10 ev/s=752440 p99=110.3us alloc/event=5.4324 bytes/event=1136.0 copied=500000/130500000 groups/fsyncs=0/0 fsync_p99=0ns degraded=false load=4.3->4.3
control cycle=2 slot=3 process batch=10 ev/s=746541 p99=119.6us alloc/event=5.4309 bytes/event=1135.0 copied=500000/130500000 groups/fsyncs=0/0 fsync_p99=0ns degraded=false load=4.3->4.3
candidate cycle=2 slot=4 process batch=10 ev/s=818894 p99=101.2us alloc/event=5.4383 bytes/event=1139.2 copied=500000/130500000 groups/fsyncs=0/0 fsync_p99=0ns degraded=false load=4.3->4.35
control cycle=3 slot=1 process batch=10 ev/s=800247 p99=99.1us alloc/event=5.4283 bytes/event=1134.4 copied=500000/130500000 groups/fsyncs=0/0 fsync_p99=0ns degraded=false load=4.35->4.35
candidate cycle=3 slot=2 process batch=10 ev/s=780734 p99=106.7us alloc/event=5.4413 bytes/event=1140.0 copied=500000/130500000 groups/fsyncs=0/0 fsync_p99=0ns degraded=false load=4.35->4.35
candidate cycle=3 slot=3 process batch=10 ev/s=804455 p99=101.9us alloc/event=5.4371 bytes/event=1138.5 copied=500000/130500000 groups/fsyncs=0/0 fsync_p99=0ns degraded=false load=4.35->4.49
control cycle=3 slot=4 process batch=10 ev/s=755628 p99=121.1us alloc/event=5.4268 bytes/event=1133.7 copied=500000/130500000 groups/fsyncs=0/0 fsync_p99=0ns degraded=false load=4.49->4.49
candidate cycle=4 slot=1 process batch=10 ev/s=763352 p99=112.9us alloc/event=5.4359 bytes/event=1137.6 copied=500000/130500000 groups/fsyncs=0/0 fsync_p99=0ns degraded=false load=4.49->4.49
control cycle=4 slot=2 process batch=10 ev/s=772937 p99=121.7us alloc/event=5.4280 bytes/event=1134.6 copied=500000/130500000 groups/fsyncs=0/0 fsync_p99=0ns degraded=false load=4.49->4.37
control cycle=4 slot=3 process batch=10 ev/s=768641 p99=119.7us alloc/event=5.4267 bytes/event=1133.7 copied=500000/130500000 groups/fsyncs=0/0 fsync_p99=0ns degraded=false load=4.37->4.37
candidate cycle=4 slot=4 process batch=10 ev/s=835062 p99=94.0us alloc/event=5.4378 bytes/event=1138.7 copied=500000/130500000 groups/fsyncs=0/0 fsync_p99=0ns degraded=false load=4.37->4.37
control cycle=5 slot=1 process batch=10 ev/s=800908 p99=91.0us alloc/event=5.4323 bytes/event=1135.9 copied=500000/130500000 groups/fsyncs=0/0 fsync_p99=0ns degraded=false load=4.37->4.37
candidate cycle=5 slot=2 process batch=10 ev/s=751077 p99=116.7us alloc/event=5.4394 bytes/event=1139.2 copied=500000/130500000 groups/fsyncs=0/0 fsync_p99=0ns degraded=false load=4.42->4.42
candidate cycle=5 slot=3 process batch=10 ev/s=795499 p99=112.0us alloc/event=5.4337 bytes/event=1137.3 copied=500000/130500000 groups/fsyncs=0/0 fsync_p99=0ns degraded=false load=4.42->4.42
control cycle=5 slot=4 process batch=10 ev/s=759481 p99=109.9us alloc/event=5.4321 bytes/event=1135.8 copied=500000/130500000 groups/fsyncs=0/0 fsync_p99=0ns degraded=false load=4.42->4.42
control cycle=1 slot=1 process batch=100 ev/s=2998237 p99=310.6us alloc/event=2.2213 bytes/event=737.1 copied=0/0 groups/fsyncs=0/0 fsync_p99=0ns degraded=false load=4.42->4.42
candidate cycle=1 slot=2 process batch=100 ev/s=3065723 p99=429.1us alloc/event=2.2209 bytes/event=737.1 copied=0/0 groups/fsyncs=0/0 fsync_p99=0ns degraded=false load=4.42->4.54
candidate cycle=1 slot=3 process batch=100 ev/s=3245237 p99=252.0us alloc/event=2.2211 bytes/event=737.1 copied=0/0 groups/fsyncs=0/0 fsync_p99=0ns degraded=false load=4.54->4.54
control cycle=1 slot=4 process batch=100 ev/s=3240362 p99=249.9us alloc/event=2.2210 bytes/event=737.1 copied=0/0 groups/fsyncs=0/0 fsync_p99=0ns degraded=false load=4.54->4.54
candidate cycle=2 slot=1 process batch=100 ev/s=3276777 p99=315.2us alloc/event=2.2209 bytes/event=737.1 copied=0/0 groups/fsyncs=0/0 fsync_p99=0ns degraded=false load=4.54->4.54
control cycle=2 slot=2 process batch=100 ev/s=3018401 p99=320.2us alloc/event=2.2212 bytes/event=737.1 copied=0/0 groups/fsyncs=0/0 fsync_p99=0ns degraded=false load=4.54->4.54
control cycle=2 slot=3 process batch=100 ev/s=3037411 p99=346.7us alloc/event=2.2213 bytes/event=737.1 copied=0/0 groups/fsyncs=0/0 fsync_p99=0ns degraded=false load=4.54->4.54
candidate cycle=2 slot=4 process batch=100 ev/s=3159123 p99=286.1us alloc/event=2.2212 bytes/event=737.1 copied=0/0 groups/fsyncs=0/0 fsync_p99=0ns degraded=false load=4.54->5.3
control cycle=3 slot=1 process batch=100 ev/s=3327060 p99=292.7us alloc/event=2.2198 bytes/event=737.1 copied=0/0 groups/fsyncs=0/0 fsync_p99=0ns degraded=false load=5.3->5.3
candidate cycle=3 slot=2 process batch=100 ev/s=3093323 p99=369.1us alloc/event=2.2215 bytes/event=737.1 copied=0/0 groups/fsyncs=0/0 fsync_p99=0ns degraded=false load=5.3->5.3
candidate cycle=3 slot=3 process batch=100 ev/s=2838960 p99=625.1us alloc/event=2.2208 bytes/event=737.0 copied=0/0 groups/fsyncs=0/0 fsync_p99=0ns degraded=false load=5.3->5.3
control cycle=3 slot=4 process batch=100 ev/s=3161952 p99=318.8us alloc/event=2.2206 bytes/event=737.1 copied=0/0 groups/fsyncs=0/0 fsync_p99=0ns degraded=false load=5.3->5.3
candidate cycle=4 slot=1 process batch=100 ev/s=3169088 p99=308.1us alloc/event=2.2211 bytes/event=737.1 copied=0/0 groups/fsyncs=0/0 fsync_p99=0ns degraded=false load=5.3->5.3
control cycle=4 slot=2 process batch=100 ev/s=3274582 p99=254.3us alloc/event=2.2210 bytes/event=737.1 copied=0/0 groups/fsyncs=0/0 fsync_p99=0ns degraded=false load=5.12->5.12
control cycle=4 slot=3 process batch=100 ev/s=3159658 p99=310.7us alloc/event=2.2209 bytes/event=737.1 copied=0/0 groups/fsyncs=0/0 fsync_p99=0ns degraded=false load=5.12->5.12
candidate cycle=4 slot=4 process batch=100 ev/s=3003005 p99=433.2us alloc/event=2.2215 bytes/event=737.1 copied=0/0 groups/fsyncs=0/0 fsync_p99=0ns degraded=false load=5.12->5.12
control cycle=5 slot=1 process batch=100 ev/s=3211639 p99=300.1us alloc/event=2.2209 bytes/event=737.1 copied=0/0 groups/fsyncs=0/0 fsync_p99=0ns degraded=false load=5.12->5.12
candidate cycle=5 slot=2 process batch=100 ev/s=3142089 p99=280.3us alloc/event=2.2211 bytes/event=737.1 copied=0/0 groups/fsyncs=0/0 fsync_p99=0ns degraded=false load=5.12->5.12
candidate cycle=5 slot=3 process batch=100 ev/s=3112786 p99=343.3us alloc/event=2.2209 bytes/event=737.1 copied=0/0 groups/fsyncs=0/0 fsync_p99=0ns degraded=false load=5.12->5.19
control cycle=5 slot=4 process batch=100 ev/s=3279953 p99=266.5us alloc/event=2.2205 bytes/event=737.1 copied=0/0 groups/fsyncs=0/0 fsync_p99=0ns degraded=false load=5.19->5.19
control cycle=1 slot=1 process batch=1000 ev/s=4806286 p99=1922.0us alloc/event=2.0256 bytes/event=695.1 copied=0/0 groups/fsyncs=0/0 fsync_p99=0ns degraded=false load=5.19->5.19
candidate cycle=1 slot=2 process batch=1000 ev/s=4947871 p99=2079.7us alloc/event=2.0256 bytes/event=695.1 copied=0/0 groups/fsyncs=0/0 fsync_p99=0ns degraded=false load=5.19->5.25
candidate cycle=1 slot=3 process batch=1000 ev/s=5137666 p99=2054.3us alloc/event=2.0256 bytes/event=695.1 copied=0/0 groups/fsyncs=0/0 fsync_p99=0ns degraded=false load=5.25->5.25
control cycle=1 slot=4 process batch=1000 ev/s=5062135 p99=1921.6us alloc/event=2.0255 bytes/event=695.1 copied=0/0 groups/fsyncs=0/0 fsync_p99=0ns degraded=false load=5.25->5.25
candidate cycle=2 slot=1 process batch=1000 ev/s=5208304 p99=2133.4us alloc/event=2.0255 bytes/event=695.1 copied=0/0 groups/fsyncs=0/0 fsync_p99=0ns degraded=false load=5.25->5.39
control cycle=2 slot=2 process batch=1000 ev/s=4919753 p99=2049.2us alloc/event=2.0256 bytes/event=695.1 copied=0/0 groups/fsyncs=0/0 fsync_p99=0ns degraded=false load=5.39->5.39
control cycle=2 slot=3 process batch=1000 ev/s=5084798 p99=1784.9us alloc/event=2.0257 bytes/event=695.1 copied=0/0 groups/fsyncs=0/0 fsync_p99=0ns degraded=false load=5.39->5.39
candidate cycle=2 slot=4 process batch=1000 ev/s=5199955 p99=1870.5us alloc/event=2.0256 bytes/event=695.1 copied=0/0 groups/fsyncs=0/0 fsync_p99=0ns degraded=false load=5.39->5.36
control cycle=3 slot=1 process batch=1000 ev/s=4880904 p99=1847.5us alloc/event=2.0256 bytes/event=695.1 copied=0/0 groups/fsyncs=0/0 fsync_p99=0ns degraded=false load=5.36->5.36
candidate cycle=3 slot=2 process batch=1000 ev/s=5080261 p99=1706.9us alloc/event=2.0256 bytes/event=695.1 copied=0/0 groups/fsyncs=0/0 fsync_p99=0ns degraded=false load=5.36->5.36
candidate cycle=3 slot=3 process batch=1000 ev/s=4923958 p99=2263.2us alloc/event=2.0257 bytes/event=695.1 copied=0/0 groups/fsyncs=0/0 fsync_p99=0ns degraded=false load=5.41->5.41
control cycle=3 slot=4 process batch=1000 ev/s=5095398 p99=1656.7us alloc/event=2.0256 bytes/event=695.1 copied=0/0 groups/fsyncs=0/0 fsync_p99=0ns degraded=false load=5.41->5.41
candidate cycle=4 slot=1 process batch=1000 ev/s=4910862 p99=1810.4us alloc/event=2.0255 bytes/event=695.1 copied=0/0 groups/fsyncs=0/0 fsync_p99=0ns degraded=false load=5.41->5.3
control cycle=4 slot=2 process batch=1000 ev/s=5087811 p99=1754.0us alloc/event=2.0256 bytes/event=695.1 copied=0/0 groups/fsyncs=0/0 fsync_p99=0ns degraded=false load=5.3->5.3
control cycle=4 slot=3 process batch=1000 ev/s=4802824 p99=1746.5us alloc/event=2.0255 bytes/event=695.1 copied=0/0 groups/fsyncs=0/0 fsync_p99=0ns degraded=false load=5.3->5.3
candidate cycle=4 slot=4 process batch=1000 ev/s=5099586 p99=1614.5us alloc/event=2.0256 bytes/event=695.1 copied=0/0 groups/fsyncs=0/0 fsync_p99=0ns degraded=false load=5.3->5.68
control cycle=5 slot=1 process batch=1000 ev/s=4953543 p99=1830.9us alloc/event=2.0256 bytes/event=695.1 copied=0/0 groups/fsyncs=0/0 fsync_p99=0ns degraded=false load=5.68->5.68
candidate cycle=5 slot=2 process batch=1000 ev/s=5374363 p99=1702.5us alloc/event=2.0256 bytes/event=695.1 copied=0/0 groups/fsyncs=0/0 fsync_p99=0ns degraded=false load=5.68->5.68
candidate cycle=5 slot=3 process batch=1000 ev/s=5050774 p99=1691.2us alloc/event=2.0256 bytes/event=695.1 copied=0/0 groups/fsyncs=0/0 fsync_p99=0ns degraded=false load=5.68->5.54
control cycle=5 slot=4 process batch=1000 ev/s=4905599 p99=1980.1us alloc/event=2.0256 bytes/event=695.1 copied=0/0 groups/fsyncs=0/0 fsync_p99=0ns degraded=false load=5.54->5.54
control cycle=1 slot=1 group batch=1 ev/s=596 p99=11063.0us alloc/event=16.8316 bytes/event=2617.5 copied=3200/835200 groups/fsyncs=801/801 fsync_p99=10223616ns degraded=false load=5.54->5.5
candidate cycle=1 slot=2 group batch=1 ev/s=608 p99=9449.0us alloc/event=16.8337 bytes/event=2614.8 copied=3200/835200 groups/fsyncs=801/801 fsync_p99=9175040ns degraded=false load=5.5->5.57
candidate cycle=1 slot=3 group batch=1 ev/s=613 p99=9553.9us alloc/event=16.8325 bytes/event=2616.8 copied=3200/835200 groups/fsyncs=801/801 fsync_p99=9175040ns degraded=false load=5.57->5.44
control cycle=1 slot=4 group batch=1 ev/s=655 p99=9372.0us alloc/event=16.8334 bytes/event=2622.0 copied=3200/835200 groups/fsyncs=801/801 fsync_p99=9175040ns degraded=false load=5.44->5.41
candidate cycle=2 slot=1 group batch=1 ev/s=635 p99=8201.8us alloc/event=16.8322 bytes/event=2617.4 copied=3200/835200 groups/fsyncs=801/801 fsync_p99=7733248ns degraded=false load=5.41->5.46
control cycle=2 slot=2 group batch=1 ev/s=625 p99=9743.4us alloc/event=16.8287 bytes/event=2613.5 copied=3200/835200 groups/fsyncs=800/800 fsync_p99=9699328ns degraded=false load=5.46->5.26
control cycle=2 slot=3 group batch=1 ev/s=636 p99=9608.5us alloc/event=16.8313 bytes/event=2615.7 copied=3200/835200 groups/fsyncs=801/801 fsync_p99=9175040ns degraded=false load=5.26->5.08
candidate cycle=2 slot=4 group batch=1 ev/s=621 p99=9179.4us alloc/event=16.8291 bytes/event=2612.2 copied=3200/835200 groups/fsyncs=801/801 fsync_p99=8257536ns degraded=false load=5.08->5.06
control cycle=3 slot=1 group batch=1 ev/s=641 p99=9634.5us alloc/event=16.8328 bytes/event=2618.1 copied=3200/835200 groups/fsyncs=801/801 fsync_p99=9175040ns degraded=false load=5.06->4.81
candidate cycle=3 slot=2 group batch=1 ev/s=652 p99=9270.7us alloc/event=16.8309 bytes/event=2619.2 copied=3200/835200 groups/fsyncs=800/800 fsync_p99=9175040ns degraded=false load=4.81->4.59
candidate cycle=3 slot=3 group batch=1 ev/s=659 p99=7617.8us alloc/event=16.8300 bytes/event=2616.3 copied=3200/835200 groups/fsyncs=800/800 fsync_p99=7471104ns degraded=false load=4.59->4.46
control cycle=3 slot=4 group batch=1 ev/s=639 p99=9731.7us alloc/event=16.8322 bytes/event=2617.6 copied=3200/835200 groups/fsyncs=800/800 fsync_p99=9699328ns degraded=false load=4.46->4.75
candidate cycle=4 slot=1 group batch=1 ev/s=653 p99=9286.2us alloc/event=16.8316 bytes/event=2617.4 copied=3200/835200 groups/fsyncs=800/800 fsync_p99=9175040ns degraded=false load=4.75->4.77
control cycle=4 slot=2 group batch=1 ev/s=648 p99=9301.0us alloc/event=16.8309 bytes/event=2615.0 copied=3200/835200 groups/fsyncs=802/802 fsync_p99=9175040ns degraded=false load=4.77->4.79
control cycle=4 slot=3 group batch=1 ev/s=629 p99=8048.5us alloc/event=16.8306 bytes/event=2616.2 copied=3200/835200 groups/fsyncs=800/800 fsync_p99=7733248ns degraded=false load=4.79->5.93
candidate cycle=4 slot=4 group batch=1 ev/s=638 p99=9618.6us alloc/event=16.8309 bytes/event=2618.4 copied=3200/835200 groups/fsyncs=800/800 fsync_p99=9175040ns degraded=false load=5.93->5.86
control cycle=5 slot=1 group batch=1 ev/s=590 p99=25296.8us alloc/event=16.8337 bytes/event=2620.6 copied=3200/835200 groups/fsyncs=802/802 fsync_p99=24641536ns degraded=false load=5.86->5.63
candidate cycle=5 slot=2 group batch=1 ev/s=606 p99=9337.9us alloc/event=16.8362 bytes/event=2622.6 copied=3200/835200 groups/fsyncs=801/801 fsync_p99=9175040ns degraded=false load=5.63->5.74
candidate cycle=5 slot=3 group batch=1 ev/s=640 p99=9741.7us alloc/event=16.8306 bytes/event=2617.2 copied=3200/835200 groups/fsyncs=800/800 fsync_p99=9175040ns degraded=false load=5.74->5.76
control cycle=5 slot=4 group batch=1 ev/s=664 p99=9306.2us alloc/event=16.8334 bytes/event=2621.7 copied=3200/835200 groups/fsyncs=801/801 fsync_p99=9175040ns degraded=false load=5.76->5.46
control cycle=1 slot=1 group batch=10 ev/s=6589 p99=7335.0us alloc/event=5.3945 bytes/event=1115.1 copied=20000/5220000 groups/fsyncs=501/501 fsync_p99=6946816ns degraded=false load=5.34->5.34
candidate cycle=1 slot=2 group batch=10 ev/s=6285 p99=8205.7us alloc/event=5.3943 bytes/event=1114.9 copied=20000/5220000 groups/fsyncs=500/500 fsync_p99=7995392ns degraded=false load=5.34->5.31
candidate cycle=1 slot=3 group batch=10 ev/s=6301 p99=11626.1us alloc/event=5.3944 bytes/event=1115.6 copied=20000/5220000 groups/fsyncs=500/500 fsync_p99=11272192ns degraded=false load=5.31->5.53
control cycle=1 slot=4 group batch=10 ev/s=6343 p99=9617.7us alloc/event=5.3948 bytes/event=1115.1 copied=20000/5220000 groups/fsyncs=501/501 fsync_p99=9175040ns degraded=false load=5.53->5.41
!!! mess DEGRADED: fdatasync latency 59.5 ms crossed 50.0 ms threshold (1 crossings) — near-full/contended device fdatasync stall (docs/spec/03-durability.md §2.6); durable appends are stalling
candidate cycle=2 slot=1 group batch=10 ev/s=4827 p99=59552.4us alloc/event=5.3945 bytes/event=1115.1 copied=20000/5220000 groups/fsyncs=501/501 fsync_p99=59768832ns degraded=true load=5.41->5.13
control cycle=2 slot=2 group batch=10 ev/s=6203 p99=11571.4us alloc/event=5.3944 bytes/event=1114.8 copied=20000/5220000 groups/fsyncs=500/500 fsync_p99=11272192ns degraded=false load=5.13->5.13
control cycle=2 slot=3 group batch=10 ev/s=6401 p99=9722.4us alloc/event=5.3945 bytes/event=1114.8 copied=20000/5220000 groups/fsyncs=500/500 fsync_p99=9175040ns degraded=false load=5.13->5.28
candidate cycle=2 slot=4 group batch=10 ev/s=6547 p99=9341.0us alloc/event=5.3943 bytes/event=1115.2 copied=20000/5220000 groups/fsyncs=500/500 fsync_p99=9175040ns degraded=false load=5.28->5.18
control cycle=3 slot=1 group batch=10 ev/s=6565 p99=7768.0us alloc/event=5.3946 bytes/event=1115.8 copied=20000/5220000 groups/fsyncs=500/500 fsync_p99=7471104ns degraded=false load=5.18->4.93
candidate cycle=3 slot=2 group batch=10 ev/s=6253 p99=7970.3us alloc/event=5.3947 bytes/event=1115.3 copied=20000/5220000 groups/fsyncs=500/500 fsync_p99=7733248ns degraded=false load=4.93->4.77
!!! mess DEGRADED: fdatasync latency 56.5 ms crossed 50.0 ms threshold (1 crossings) — near-full/contended device fdatasync stall (docs/spec/03-durability.md §2.6); durable appends are stalling
candidate cycle=3 slot=3 group batch=10 ev/s=6244 p99=12858.7us alloc/event=5.3951 bytes/event=1115.3 copied=20000/5220000 groups/fsyncs=501/501 fsync_p99=12320768ns degraded=true load=4.77->4.77
!!! mess DEGRADED: fdatasync latency 56.4 ms crossed 50.0 ms threshold (1 crossings) — near-full/contended device fdatasync stall (docs/spec/03-durability.md §2.6); durable appends are stalling
control cycle=3 slot=4 group batch=10 ev/s=5136 p99=34192.9us alloc/event=5.3944 bytes/event=1115.3 copied=20000/5220000 groups/fsyncs=500/500 fsync_p99=34603008ns degraded=true load=4.77->4.71
candidate cycle=4 slot=1 group batch=10 ev/s=6523 p99=7835.4us alloc/event=5.3947 bytes/event=1115.3 copied=20000/5220000 groups/fsyncs=500/500 fsync_p99=7471104ns degraded=false load=4.71->4.57
control cycle=4 slot=2 group batch=10 ev/s=6296 p99=9602.5us alloc/event=5.3948 bytes/event=1115.4 copied=20000/5220000 groups/fsyncs=501/501 fsync_p99=9175040ns degraded=false load=4.57->4.45
control cycle=4 slot=3 group batch=10 ev/s=6434 p99=9547.2us alloc/event=5.3947 bytes/event=1115.4 copied=20000/5220000 groups/fsyncs=501/501 fsync_p99=9175040ns degraded=false load=4.45->4.33
candidate cycle=4 slot=4 group batch=10 ev/s=6609 p99=9540.7us alloc/event=5.3949 bytes/event=1115.2 copied=20000/5220000 groups/fsyncs=501/501 fsync_p99=8650752ns degraded=false load=4.33->4.33
control cycle=5 slot=1 group batch=10 ev/s=6534 p99=7977.0us alloc/event=5.3945 bytes/event=1115.1 copied=20000/5220000 groups/fsyncs=500/500 fsync_p99=7733248ns degraded=false load=4.33->4.22
!!! mess DEGRADED: fdatasync latency 57.3 ms crossed 50.0 ms threshold (1 crossings) — near-full/contended device fdatasync stall (docs/spec/03-durability.md §2.6); durable appends are stalling
candidate cycle=5 slot=2 group batch=10 ev/s=5059 p99=55091.2us alloc/event=5.3947 bytes/event=1115.2 copied=20000/5220000 groups/fsyncs=500/500 fsync_p99=55574528ns degraded=true load=4.22->4.2
candidate cycle=5 slot=3 group batch=10 ev/s=6217 p99=9994.7us alloc/event=5.3949 bytes/event=1115.8 copied=20000/5220000 groups/fsyncs=501/501 fsync_p99=9175040ns degraded=false load=4.2->4.19
!!! mess DEGRADED: fdatasync latency 227.0 ms crossed 50.0 ms threshold (1 crossings) — near-full/contended device fdatasync stall (docs/spec/03-durability.md §2.6); durable appends are stalling
control cycle=5 slot=4 group batch=10 ev/s=5199 p99=34036.0us alloc/event=5.3948 bytes/event=1115.4 copied=20000/5220000 groups/fsyncs=501/501 fsync_p99=34603008ns degraded=true load=4.19->5.13
control cycle=1 slot=1 group batch=100 ev/s=61522 p99=8486.9us alloc/event=2.2104 bytes/event=734.0 copied=0/0 groups/fsyncs=300/300 fsync_p99=7995392ns degraded=false load=5.13->5.13
candidate cycle=1 slot=2 group batch=100 ev/s=58622 p99=9718.9us alloc/event=2.2106 bytes/event=734.1 copied=0/0 groups/fsyncs=302/302 fsync_p99=9175040ns degraded=false load=5.13->5.12
candidate cycle=1 slot=3 group batch=100 ev/s=61436 p99=9885.0us alloc/event=2.2104 bytes/event=734.0 copied=0/0 groups/fsyncs=301/301 fsync_p99=9699328ns degraded=false load=5.12->5.12
control cycle=1 slot=4 group batch=100 ev/s=63017 p99=8131.1us alloc/event=2.2104 bytes/event=733.9 copied=0/0 groups/fsyncs=300/300 fsync_p99=7733248ns degraded=false load=5.12->5.19
!!! mess DEGRADED: fdatasync latency 123.5 ms crossed 50.0 ms threshold (1 crossings) — near-full/contended device fdatasync stall (docs/spec/03-durability.md §2.6); durable appends are stalling
candidate cycle=2 slot=1 group batch=100 ev/s=48311 p99=88305.8us alloc/event=2.2105 bytes/event=734.0 copied=0/0 groups/fsyncs=300/300 fsync_p99=90177536ns degraded=true load=5.19->5.1
control cycle=2 slot=2 group batch=100 ev/s=59722 p99=9917.5us alloc/event=2.2106 bytes/event=734.0 copied=0/0 groups/fsyncs=302/302 fsync_p99=9699328ns degraded=false load=5.1->5.1
!!! mess DEGRADED: fdatasync latency 88.9 ms crossed 50.0 ms threshold (1 crossings) — near-full/contended device fdatasync stall (docs/spec/03-durability.md §2.6); durable appends are stalling
control cycle=2 slot=3 group batch=100 ev/s=40458 p99=89334.0us alloc/event=2.2106 bytes/event=734.0 copied=0/0 groups/fsyncs=301/301 fsync_p99=90177536ns degraded=true load=5.1->5.09
!!! mess DEGRADED: fdatasync latency 60.6 ms crossed 50.0 ms threshold (1 crossings) — near-full/contended device fdatasync stall (docs/spec/03-durability.md §2.6); durable appends are stalling
candidate cycle=2 slot=4 group batch=100 ev/s=42883 p99=81678.1us alloc/event=2.2104 bytes/event=734.0 copied=0/0 groups/fsyncs=300/300 fsync_p99=81788928ns degraded=true load=5.09->5
control cycle=3 slot=1 group batch=100 ev/s=60488 p99=9696.2us alloc/event=2.2105 bytes/event=734.1 copied=0/0 groups/fsyncs=300/300 fsync_p99=9175040ns degraded=false load=5->5
candidate cycle=3 slot=2 group batch=100 ev/s=61534 p99=13731.9us alloc/event=2.2105 bytes/event=734.0 copied=0/0 groups/fsyncs=300/300 fsync_p99=13369344ns degraded=false load=5->5.08
candidate cycle=3 slot=3 group batch=100 ev/s=67038 p99=9654.2us alloc/event=2.2106 bytes/event=734.0 copied=0/0 groups/fsyncs=301/301 fsync_p99=9175040ns degraded=false load=5.08->5.08
control cycle=3 slot=4 group batch=100 ev/s=66494 p99=7857.1us alloc/event=2.2105 bytes/event=734.0 copied=0/0 groups/fsyncs=300/300 fsync_p99=7471104ns degraded=false load=5.08->6.44
waiting for load1=6.44 to fall below 6.0
waiting for load1=6.44 to fall below 6.0
waiting for load1=6.08 to fall below 6.0
waiting for load1=6.08 to fall below 6.0
waiting for load1=6.08 to fall below 6.0
candidate cycle=4 slot=1 group batch=100 ev/s=66632 p99=7348.6us alloc/event=2.2104 bytes/event=734.0 copied=0/0 groups/fsyncs=301/301 fsync_p99=6946816ns degraded=false load=5.91->5.91
control cycle=4 slot=2 group batch=100 ev/s=93322 p99=6807.9us alloc/event=2.2105 bytes/event=734.0 copied=0/0 groups/fsyncs=301/301 fsync_p99=6422528ns degraded=false load=5.91->5.76
control cycle=4 slot=3 group batch=100 ev/s=134058 p99=4068.1us alloc/event=2.2105 bytes/event=734.0 copied=0/0 groups/fsyncs=301/301 fsync_p99=3604480ns degraded=false load=5.76->5.76
candidate cycle=4 slot=4 group batch=100 ev/s=134725 p99=3857.3us alloc/event=2.2105 bytes/event=734.0 copied=0/0 groups/fsyncs=300/300 fsync_p99=3473408ns degraded=false load=5.76->5.76
control cycle=5 slot=1 group batch=100 ev/s=127063 p99=9145.0us alloc/event=2.2106 bytes/event=734.0 copied=0/0 groups/fsyncs=301/301 fsync_p99=8650752ns degraded=false load=5.76->5.46
candidate cycle=5 slot=2 group batch=100 ev/s=132210 p99=6088.3us alloc/event=2.2106 bytes/event=734.0 copied=0/0 groups/fsyncs=301/301 fsync_p99=5636096ns degraded=false load=5.46->5.46
candidate cycle=5 slot=3 group batch=100 ev/s=136785 p99=3398.0us alloc/event=2.2105 bytes/event=734.0 copied=0/0 groups/fsyncs=300/300 fsync_p99=2818048ns degraded=false load=5.46->5.46
control cycle=5 slot=4 group batch=100 ev/s=132094 p99=5918.9us alloc/event=2.2106 bytes/event=734.0 copied=0/0 groups/fsyncs=301/301 fsync_p99=4325376ns degraded=false load=5.46->5.46
control cycle=1 slot=1 group batch=1000 ev/s=930908 p99=7682.6us alloc/event=2.0236 bytes/event=694.7 copied=0/0 groups/fsyncs=102/102 fsync_p99=6160384ns degraded=false load=5.46->5.18
candidate cycle=1 slot=2 group batch=1000 ev/s=943476 p99=6946.8us alloc/event=2.0236 bytes/event=694.7 copied=0/0 groups/fsyncs=101/101 fsync_p99=3342336ns degraded=false load=5.18->5.18
candidate cycle=1 slot=3 group batch=1000 ev/s=947332 p99=7678.5us alloc/event=2.0236 bytes/event=694.7 copied=0/0 groups/fsyncs=100/100 fsync_p99=6160384ns degraded=false load=5.18->5.18
control cycle=1 slot=4 group batch=1000 ev/s=933482 p99=5415.8us alloc/event=2.0236 bytes/event=694.7 copied=0/0 groups/fsyncs=102/102 fsync_p99=5898240ns degraded=false load=5.18->5.18
candidate cycle=2 slot=1 group batch=1000 ev/s=964090 p99=7041.6us alloc/event=2.0236 bytes/event=694.7 copied=0/0 groups/fsyncs=101/101 fsync_p99=3211264ns degraded=false load=5.18->5.18
control cycle=2 slot=2 group batch=1000 ev/s=890677 p99=9399.1us alloc/event=2.0236 bytes/event=694.7 copied=0/0 groups/fsyncs=104/104 fsync_p99=6160384ns degraded=false load=5.18->5.18
control cycle=2 slot=3 group batch=1000 ev/s=946175 p99=7043.7us alloc/event=2.0236 bytes/event=694.7 copied=0/0 groups/fsyncs=101/101 fsync_p99=3080192ns degraded=false load=5.18->5.01
candidate cycle=2 slot=4 group batch=1000 ev/s=898849 p99=7720.0us alloc/event=2.0236 bytes/event=694.7 copied=0/0 groups/fsyncs=104/104 fsync_p99=6160384ns degraded=false load=5.01->5.01
control cycle=3 slot=1 group batch=1000 ev/s=925228 p99=7710.3us alloc/event=2.0236 bytes/event=694.8 copied=0/0 groups/fsyncs=105/105 fsync_p99=5636096ns degraded=false load=5.01->5.01
candidate cycle=3 slot=2 group batch=1000 ev/s=918535 p99=7504.0us alloc/event=2.0236 bytes/event=694.7 copied=0/0 groups/fsyncs=102/102 fsync_p99=3735552ns degraded=false load=5.01->5.01
candidate cycle=3 slot=3 group batch=1000 ev/s=893818 p99=8410.2us alloc/event=2.0236 bytes/event=694.7 copied=0/0 groups/fsyncs=103/103 fsync_p99=6422528ns degraded=false load=5.01->5.01
control cycle=3 slot=4 group batch=1000 ev/s=944709 p99=5517.5us alloc/event=2.0236 bytes/event=694.7 copied=0/0 groups/fsyncs=102/102 fsync_p99=3080192ns degraded=false load=5.01->4.77
candidate cycle=4 slot=1 group batch=1000 ev/s=912802 p99=7590.6us alloc/event=2.0236 bytes/event=694.7 copied=0/0 groups/fsyncs=102/102 fsync_p99=6160384ns degraded=false load=4.77->4.77
control cycle=4 slot=2 group batch=1000 ev/s=908116 p99=7596.8us alloc/event=2.0236 bytes/event=694.7 copied=0/0 groups/fsyncs=102/102 fsync_p99=3735552ns degraded=false load=4.77->4.77
control cycle=4 slot=3 group batch=1000 ev/s=921289 p99=7717.0us alloc/event=2.0236 bytes/event=694.8 copied=0/0 groups/fsyncs=102/102 fsync_p99=3997696ns degraded=false load=4.77->4.77
candidate cycle=4 slot=4 group batch=1000 ev/s=821852 p99=10152.5us alloc/event=2.0237 bytes/event=694.8 copied=0/0 groups/fsyncs=112/112 fsync_p99=6422528ns degraded=false load=4.77->4.77
control cycle=5 slot=1 group batch=1000 ev/s=929163 p99=6825.0us alloc/event=2.0236 bytes/event=694.7 copied=0/0 groups/fsyncs=102/102 fsync_p99=3866624ns degraded=false load=4.77->4.77
candidate cycle=5 slot=2 group batch=1000 ev/s=911412 p99=7484.2us alloc/event=2.0236 bytes/event=694.7 copied=0/0 groups/fsyncs=102/102 fsync_p99=5898240ns degraded=false load=4.62->4.62
candidate cycle=5 slot=3 group batch=1000 ev/s=949335 p99=6391.3us alloc/event=2.0236 bytes/event=694.7 copied=0/0 groups/fsyncs=100/100 fsync_p99=4325376ns degraded=false load=4.62->4.62
control cycle=5 slot=4 group batch=1000 ev/s=933966 p99=7705.2us alloc/event=2.0236 bytes/event=694.7 copied=0/0 groups/fsyncs=100/100 fsync_p99=6160384ns degraded=false load=4.62->4.62
