control cycle=1 slot=1 process batch=1 ev/s=146527 p99=50.3us alloc/event=16.6097 bytes/event=2648.9 copied=160000/41760000 groups/fsyncs=0/0 fsync_p99=0ns degraded=false load=3.58->3.58
candidate cycle=1 slot=2 process batch=1 ev/s=153051 p99=54.9us alloc/event=12.6232 bytes/event=2157.6 copied=0/0 groups/fsyncs=0/0 fsync_p99=0ns degraded=false load=4.49->4.49
candidate cycle=1 slot=3 process batch=1 ev/s=149889 p99=48.5us alloc/event=12.6192 bytes/event=2156.5 copied=0/0 groups/fsyncs=0/0 fsync_p99=0ns degraded=false load=4.49->4.49
control cycle=1 slot=4 process batch=1 ev/s=143091 p99=49.9us alloc/event=16.6171 bytes/event=2651.3 copied=160000/41760000 groups/fsyncs=0/0 fsync_p99=0ns degraded=false load=4.49->4.45
candidate cycle=2 slot=1 process batch=1 ev/s=155557 p99=51.0us alloc/event=12.6100 bytes/event=2152.7 copied=0/0 groups/fsyncs=0/0 fsync_p99=0ns degraded=false load=4.45->4.45
control cycle=2 slot=2 process batch=1 ev/s=144504 p99=53.3us alloc/event=16.6272 bytes/event=2654.6 copied=160000/41760000 groups/fsyncs=0/0 fsync_p99=0ns degraded=false load=4.45->4.45
control cycle=2 slot=3 process batch=1 ev/s=149845 p99=48.5us alloc/event=16.6145 bytes/event=2651.1 copied=160000/41760000 groups/fsyncs=0/0 fsync_p99=0ns degraded=false load=4.45->4.41
candidate cycle=2 slot=4 process batch=1 ev/s=145243 p99=51.7us alloc/event=12.6128 bytes/event=2154.1 copied=0/0 groups/fsyncs=0/0 fsync_p99=0ns degraded=false load=4.41->4.41
control cycle=3 slot=1 process batch=1 ev/s=149205 p99=56.4us alloc/event=16.6089 bytes/event=2649.7 copied=160000/41760000 groups/fsyncs=0/0 fsync_p99=0ns degraded=false load=4.41->4.41
candidate cycle=3 slot=2 process batch=1 ev/s=155460 p99=48.9us alloc/event=12.6023 bytes/event=2151.0 copied=0/0 groups/fsyncs=0/0 fsync_p99=0ns degraded=false load=4.41->5.5
candidate cycle=3 slot=3 process batch=1 ev/s=151172 p99=58.0us alloc/event=12.6054 bytes/event=2152.8 copied=0/0 groups/fsyncs=0/0 fsync_p99=0ns degraded=false load=5.5->5.5
control cycle=3 slot=4 process batch=1 ev/s=146970 p99=51.5us alloc/event=16.6179 bytes/event=2651.6 copied=160000/41760000 groups/fsyncs=0/0 fsync_p99=0ns degraded=false load=5.5->5.22
candidate cycle=4 slot=1 process batch=1 ev/s=150316 p99=50.4us alloc/event=12.6029 bytes/event=2150.4 copied=0/0 groups/fsyncs=0/0 fsync_p99=0ns degraded=false load=5.22->5.22
control cycle=4 slot=2 process batch=1 ev/s=145477 p99=53.5us alloc/event=16.6237 bytes/event=2653.5 copied=160000/41760000 groups/fsyncs=0/0 fsync_p99=0ns degraded=false load=5.22->5.22
control cycle=4 slot=3 process batch=1 ev/s=141303 p99=52.8us alloc/event=16.6212 bytes/event=2652.4 copied=160000/41760000 groups/fsyncs=0/0 fsync_p99=0ns degraded=false load=5.22->5.2
candidate cycle=4 slot=4 process batch=1 ev/s=148345 p99=50.6us alloc/event=12.6206 bytes/event=2156.5 copied=0/0 groups/fsyncs=0/0 fsync_p99=0ns degraded=false load=5.2->5.2
control cycle=5 slot=1 process batch=1 ev/s=148158 p99=55.1us alloc/event=16.6051 bytes/event=2648.1 copied=160000/41760000 groups/fsyncs=0/0 fsync_p99=0ns degraded=false load=5.2->5.2
candidate cycle=5 slot=2 process batch=1 ev/s=147046 p99=51.7us alloc/event=12.6191 bytes/event=2156.4 copied=0/0 groups/fsyncs=0/0 fsync_p99=0ns degraded=false load=5.2->4.95
candidate cycle=5 slot=3 process batch=1 ev/s=145524 p99=51.2us alloc/event=12.6176 bytes/event=2155.7 copied=0/0 groups/fsyncs=0/0 fsync_p99=0ns degraded=false load=4.95->4.95
control cycle=5 slot=4 process batch=1 ev/s=141584 p99=56.3us alloc/event=16.6206 bytes/event=2652.4 copied=160000/41760000 groups/fsyncs=0/0 fsync_p99=0ns degraded=false load=4.95->4.95
control cycle=1 slot=1 process batch=10 ev/s=806609 p99=91.2us alloc/event=5.4272 bytes/event=1134.7 copied=500000/130500000 groups/fsyncs=0/0 fsync_p99=0ns degraded=false load=4.95->5.75
candidate cycle=1 slot=2 process batch=10 ev/s=910559 p99=104.3us alloc/event=2.4116 bytes/event=756.7 copied=0/0 groups/fsyncs=0/0 fsync_p99=0ns degraded=false load=5.75->5.75
candidate cycle=1 slot=3 process batch=10 ev/s=943983 p99=79.1us alloc/event=2.4051 bytes/event=754.1 copied=0/0 groups/fsyncs=0/0 fsync_p99=0ns degraded=false load=5.75->5.75
control cycle=1 slot=4 process batch=10 ev/s=752546 p99=98.8us alloc/event=5.4312 bytes/event=1135.8 copied=500000/130500000 groups/fsyncs=0/0 fsync_p99=0ns degraded=false load=5.75->5.53
candidate cycle=2 slot=1 process batch=10 ev/s=913410 p99=78.4us alloc/event=2.4121 bytes/event=756.7 copied=0/0 groups/fsyncs=0/0 fsync_p99=0ns degraded=false load=5.53->5.53
control cycle=2 slot=2 process batch=10 ev/s=726031 p99=106.1us alloc/event=5.4379 bytes/event=1138.3 copied=500000/130500000 groups/fsyncs=0/0 fsync_p99=0ns degraded=false load=5.53->5.53
control cycle=2 slot=3 process batch=10 ev/s=778346 p99=100.5us alloc/event=5.4323 bytes/event=1136.3 copied=500000/130500000 groups/fsyncs=0/0 fsync_p99=0ns degraded=false load=5.53->5.33
candidate cycle=2 slot=4 process batch=10 ev/s=934212 p99=83.8us alloc/event=2.4112 bytes/event=756.5 copied=0/0 groups/fsyncs=0/0 fsync_p99=0ns degraded=false load=5.33->5.33
control cycle=3 slot=1 process batch=10 ev/s=814431 p99=100.6us alloc/event=5.4233 bytes/event=1132.9 copied=500000/130500000 groups/fsyncs=0/0 fsync_p99=0ns degraded=false load=5.33->5.33
candidate cycle=3 slot=2 process batch=10 ev/s=961114 p99=82.7us alloc/event=2.4023 bytes/event=753.6 copied=0/0 groups/fsyncs=0/0 fsync_p99=0ns degraded=false load=5.33->5.38
candidate cycle=3 slot=3 process batch=10 ev/s=963923 p99=82.0us alloc/event=2.4068 bytes/event=755.4 copied=0/0 groups/fsyncs=0/0 fsync_p99=0ns degraded=false load=5.38->5.38
control cycle=3 slot=4 process batch=10 ev/s=772820 p99=90.1us alloc/event=5.4357 bytes/event=1137.5 copied=500000/130500000 groups/fsyncs=0/0 fsync_p99=0ns degraded=false load=5.38->5.38
candidate cycle=4 slot=1 process batch=10 ev/s=936062 p99=78.8us alloc/event=2.4101 bytes/event=756.3 copied=0/0 groups/fsyncs=0/0 fsync_p99=0ns degraded=false load=5.38->5.99
control cycle=4 slot=2 process batch=10 ev/s=751596 p99=95.3us alloc/event=5.4339 bytes/event=1136.7 copied=500000/130500000 groups/fsyncs=0/0 fsync_p99=0ns degraded=false load=5.99->5.99
control cycle=4 slot=3 process batch=10 ev/s=753797 p99=93.7us alloc/event=5.4330 bytes/event=1136.2 copied=500000/130500000 groups/fsyncs=0/0 fsync_p99=0ns degraded=false load=5.99->5.99
candidate cycle=4 slot=4 process batch=10 ev/s=980260 p99=78.9us alloc/event=2.3969 bytes/event=751.9 copied=0/0 groups/fsyncs=0/0 fsync_p99=0ns degraded=false load=5.99->5.75
control cycle=5 slot=1 process batch=10 ev/s=747438 p99=102.1us alloc/event=5.4320 bytes/event=1136.3 copied=500000/130500000 groups/fsyncs=0/0 fsync_p99=0ns degraded=false load=5.75->5.75
candidate cycle=5 slot=2 process batch=10 ev/s=921632 p99=92.4us alloc/event=2.4125 bytes/event=757.3 copied=0/0 groups/fsyncs=0/0 fsync_p99=0ns degraded=false load=5.75->5.75
candidate cycle=5 slot=3 process batch=10 ev/s=938074 p99=80.9us alloc/event=2.4025 bytes/event=753.9 copied=0/0 groups/fsyncs=0/0 fsync_p99=0ns degraded=false load=5.75->5.45
control cycle=5 slot=4 process batch=10 ev/s=738819 p99=102.4us alloc/event=5.4373 bytes/event=1137.9 copied=500000/130500000 groups/fsyncs=0/0 fsync_p99=0ns degraded=false load=5.45->5.45
control cycle=1 slot=1 process batch=100 ev/s=3166830 p99=270.7us alloc/event=2.2211 bytes/event=737.1 copied=0/0 groups/fsyncs=0/0 fsync_p99=0ns degraded=false load=5.45->5.45
candidate cycle=1 slot=2 process batch=100 ev/s=3996601 p99=198.5us alloc/event=1.1967 bytes/event=663.3 copied=0/0 groups/fsyncs=0/0 fsync_p99=0ns degraded=false load=5.45->5.58
candidate cycle=1 slot=3 process batch=100 ev/s=3989424 p99=223.9us alloc/event=1.1966 bytes/event=663.4 copied=0/0 groups/fsyncs=0/0 fsync_p99=0ns degraded=false load=5.58->5.58
control cycle=1 slot=4 process batch=100 ev/s=3174879 p99=258.5us alloc/event=2.2211 bytes/event=737.2 copied=0/0 groups/fsyncs=0/0 fsync_p99=0ns degraded=false load=5.58->5.58
candidate cycle=2 slot=1 process batch=100 ev/s=4017992 p99=175.0us alloc/event=1.1965 bytes/event=663.3 copied=0/0 groups/fsyncs=0/0 fsync_p99=0ns degraded=false load=5.58->5.58
control cycle=2 slot=2 process batch=100 ev/s=3260333 p99=239.2us alloc/event=2.2213 bytes/event=737.2 copied=0/0 groups/fsyncs=0/0 fsync_p99=0ns degraded=false load=5.58->5.58
control cycle=2 slot=3 process batch=100 ev/s=2740194 p99=537.8us alloc/event=2.2204 bytes/event=737.1 copied=0/0 groups/fsyncs=0/0 fsync_p99=0ns degraded=false load=5.58->5.93
candidate cycle=2 slot=4 process batch=100 ev/s=3796256 p99=197.1us alloc/event=1.1966 bytes/event=663.4 copied=0/0 groups/fsyncs=0/0 fsync_p99=0ns degraded=false load=5.93->5.93
control cycle=3 slot=1 process batch=100 ev/s=3153465 p99=293.3us alloc/event=2.2213 bytes/event=737.2 copied=0/0 groups/fsyncs=0/0 fsync_p99=0ns degraded=false load=5.93->5.93
candidate cycle=3 slot=2 process batch=100 ev/s=3954646 p99=218.5us alloc/event=1.1966 bytes/event=663.3 copied=0/0 groups/fsyncs=0/0 fsync_p99=0ns degraded=false load=5.93->5.93
candidate cycle=3 slot=3 process batch=100 ev/s=3951691 p99=210.2us alloc/event=1.1967 bytes/event=663.4 copied=0/0 groups/fsyncs=0/0 fsync_p99=0ns degraded=false load=5.93->5.93
control cycle=3 slot=4 process batch=100 ev/s=3452315 p99=238.2us alloc/event=2.2196 bytes/event=737.1 copied=0/0 groups/fsyncs=0/0 fsync_p99=0ns degraded=false load=5.93->5.7
candidate cycle=4 slot=1 process batch=100 ev/s=4007301 p99=205.7us alloc/event=1.1965 bytes/event=663.3 copied=0/0 groups/fsyncs=0/0 fsync_p99=0ns degraded=false load=5.7->5.7
control cycle=4 slot=2 process batch=100 ev/s=3239083 p99=261.6us alloc/event=2.2210 bytes/event=737.2 copied=0/0 groups/fsyncs=0/0 fsync_p99=0ns degraded=false load=5.7->5.7
control cycle=4 slot=3 process batch=100 ev/s=3127072 p99=305.0us alloc/event=2.2201 bytes/event=737.1 copied=0/0 groups/fsyncs=0/0 fsync_p99=0ns degraded=false load=5.7->5.7
candidate cycle=4 slot=4 process batch=100 ev/s=3975713 p99=194.9us alloc/event=1.1966 bytes/event=663.4 copied=0/0 groups/fsyncs=0/0 fsync_p99=0ns degraded=false load=5.7->5.7
control cycle=5 slot=1 process batch=100 ev/s=3258376 p99=305.6us alloc/event=2.2201 bytes/event=737.1 copied=0/0 groups/fsyncs=0/0 fsync_p99=0ns degraded=false load=5.7->5.64
candidate cycle=5 slot=2 process batch=100 ev/s=3896743 p99=203.3us alloc/event=1.1967 bytes/event=663.4 copied=0/0 groups/fsyncs=0/0 fsync_p99=0ns degraded=false load=5.64->5.64
candidate cycle=5 slot=3 process batch=100 ev/s=3918844 p99=202.5us alloc/event=1.1965 bytes/event=663.3 copied=0/0 groups/fsyncs=0/0 fsync_p99=0ns degraded=false load=5.64->5.64
control cycle=5 slot=4 process batch=100 ev/s=3221011 p99=261.9us alloc/event=2.2209 bytes/event=737.2 copied=0/0 groups/fsyncs=0/0 fsync_p99=0ns degraded=false load=5.64->5.35
control cycle=1 slot=1 process batch=1000 ev/s=4952192 p99=2460.1us alloc/event=2.0257 bytes/event=695.1 copied=0/0 groups/fsyncs=0/0 fsync_p99=0ns degraded=false load=5.35->5.35
candidate cycle=1 slot=2 process batch=1000 ev/s=7457853 p99=1346.3us alloc/event=1.0231 bytes/event=634.8 copied=0/0 groups/fsyncs=0/0 fsync_p99=0ns degraded=false load=5.35->5.35
candidate cycle=1 slot=3 process batch=1000 ev/s=7838994 p99=1000.0us alloc/event=1.0229 bytes/event=634.8 copied=0/0 groups/fsyncs=0/0 fsync_p99=0ns degraded=false load=5.35->5.35
control cycle=1 slot=4 process batch=1000 ev/s=5004902 p99=1592.2us alloc/event=2.0256 bytes/event=695.1 copied=0/0 groups/fsyncs=0/0 fsync_p99=0ns degraded=false load=5.24->5.24
candidate cycle=2 slot=1 process batch=1000 ev/s=7486453 p99=1701.8us alloc/event=1.0230 bytes/event=634.8 copied=0/0 groups/fsyncs=0/0 fsync_p99=0ns degraded=false load=5.24->5.24
control cycle=2 slot=2 process batch=1000 ev/s=4822504 p99=2464.9us alloc/event=2.0257 bytes/event=695.1 copied=0/0 groups/fsyncs=0/0 fsync_p99=0ns degraded=false load=5.24->5.06
control cycle=2 slot=3 process batch=1000 ev/s=4628455 p99=3994.8us alloc/event=2.0256 bytes/event=695.1 copied=0/0 groups/fsyncs=0/0 fsync_p99=0ns degraded=false load=5.06->5.06
candidate cycle=2 slot=4 process batch=1000 ev/s=7239698 p99=3508.5us alloc/event=1.0230 bytes/event=634.8 copied=0/0 groups/fsyncs=0/0 fsync_p99=0ns degraded=false load=5.06->5.06
control cycle=3 slot=1 process batch=1000 ev/s=4776260 p99=3768.0us alloc/event=2.0256 bytes/event=695.1 copied=0/0 groups/fsyncs=0/0 fsync_p99=0ns degraded=false load=5.06->5.3
candidate cycle=3 slot=2 process batch=1000 ev/s=7098224 p99=1171.9us alloc/event=1.0231 bytes/event=634.7 copied=0/0 groups/fsyncs=0/0 fsync_p99=0ns degraded=false load=5.3->5.3
candidate cycle=3 slot=3 process batch=1000 ev/s=7780849 p99=1137.1us alloc/event=1.0230 bytes/event=634.8 copied=0/0 groups/fsyncs=0/0 fsync_p99=0ns degraded=false load=5.3->5.3
control cycle=3 slot=4 process batch=1000 ev/s=5196397 p99=2079.7us alloc/event=2.0256 bytes/event=695.1 copied=0/0 groups/fsyncs=0/0 fsync_p99=0ns degraded=false load=5.27->5.27
candidate cycle=4 slot=1 process batch=1000 ev/s=6876463 p99=3943.3us alloc/event=1.0230 bytes/event=634.8 copied=0/0 groups/fsyncs=0/0 fsync_p99=0ns degraded=false load=5.27->5.27
control cycle=4 slot=2 process batch=1000 ev/s=4703474 p99=3973.3us alloc/event=2.0256 bytes/event=695.1 copied=0/0 groups/fsyncs=0/0 fsync_p99=0ns degraded=false load=5.27->5.33
control cycle=4 slot=3 process batch=1000 ev/s=4677058 p99=3095.9us alloc/event=2.0256 bytes/event=695.1 copied=0/0 groups/fsyncs=0/0 fsync_p99=0ns degraded=false load=5.33->5.33
candidate cycle=4 slot=4 process batch=1000 ev/s=7481688 p99=2044.7us alloc/event=1.0230 bytes/event=634.8 copied=0/0 groups/fsyncs=0/0 fsync_p99=0ns degraded=false load=5.33->5.33
control cycle=5 slot=1 process batch=1000 ev/s=4977158 p99=3228.7us alloc/event=2.0256 bytes/event=695.1 copied=0/0 groups/fsyncs=0/0 fsync_p99=0ns degraded=false load=5.06->5.06
candidate cycle=5 slot=2 process batch=1000 ev/s=6733479 p99=1603.3us alloc/event=1.0229 bytes/event=634.8 copied=0/0 groups/fsyncs=0/0 fsync_p99=0ns degraded=false load=5.06->5.06
candidate cycle=5 slot=3 process batch=1000 ev/s=7477279 p99=1941.6us alloc/event=1.0230 bytes/event=634.8 copied=0/0 groups/fsyncs=0/0 fsync_p99=0ns degraded=false load=5.06->4.74
control cycle=5 slot=4 process batch=1000 ev/s=4855904 p99=2590.4us alloc/event=2.0255 bytes/event=695.1 copied=0/0 groups/fsyncs=0/0 fsync_p99=0ns degraded=false load=4.74->4.74
control cycle=1 slot=1 group batch=1 ev/s=581 p99=11247.0us alloc/event=16.8428 bytes/event=2616.8 copied=3200/835200 groups/fsyncs=801/801 fsync_p99=10747904ns degraded=false load=4.74->5.08
candidate cycle=1 slot=2 group batch=1 ev/s=601 p99=10650.3us alloc/event=12.8431 bytes/event=2122.2 copied=0/0 groups/fsyncs=802/802 fsync_p99=10223616ns degraded=false load=5.08->4.84
candidate cycle=1 slot=3 group batch=1 ev/s=580 p99=10591.0us alloc/event=12.8438 bytes/event=2119.2 copied=0/0 groups/fsyncs=801/801 fsync_p99=10223616ns degraded=false load=4.84->4.77
control cycle=1 slot=4 group batch=1 ev/s=568 p99=11818.9us alloc/event=16.8425 bytes/event=2616.5 copied=3200/835200 groups/fsyncs=801/801 fsync_p99=11272192ns degraded=false load=4.77->4.71
candidate cycle=2 slot=1 group batch=1 ev/s=623 p99=10012.6us alloc/event=12.8431 bytes/event=2120.4 copied=0/0 groups/fsyncs=801/801 fsync_p99=9699328ns degraded=false load=4.71->4.73
control cycle=2 slot=2 group batch=1 ev/s=620 p99=9394.1us alloc/event=16.8428 bytes/event=2623.1 copied=3200/835200 groups/fsyncs=802/802 fsync_p99=9175040ns degraded=false load=4.73->4.59
control cycle=2 slot=3 group batch=1 ev/s=596 p99=9498.5us alloc/event=16.8419 bytes/event=2621.6 copied=3200/835200 groups/fsyncs=800/800 fsync_p99=9175040ns degraded=false load=4.59->4.43
candidate cycle=2 slot=4 group batch=1 ev/s=621 p99=11368.4us alloc/event=12.8444 bytes/event=2124.3 copied=0/0 groups/fsyncs=801/801 fsync_p99=10747904ns degraded=false load=4.43->4.47
control cycle=3 slot=1 group batch=1 ev/s=658 p99=8267.9us alloc/event=16.8409 bytes/event=2616.9 copied=3200/835200 groups/fsyncs=801/801 fsync_p99=7733248ns degraded=false load=4.47->4.36
candidate cycle=3 slot=2 group batch=1 ev/s=643 p99=8456.8us alloc/event=12.8422 bytes/event=2123.0 copied=0/0 groups/fsyncs=800/800 fsync_p99=7471104ns degraded=false load=4.36->4.57
candidate cycle=3 slot=3 group batch=1 ev/s=646 p99=9705.7us alloc/event=12.8416 bytes/event=2117.8 copied=0/0 groups/fsyncs=801/801 fsync_p99=9175040ns degraded=false load=4.57->4.52
control cycle=3 slot=4 group batch=1 ev/s=671 p99=7950.2us alloc/event=16.8409 bytes/event=2616.4 copied=3200/835200 groups/fsyncs=800/800 fsync_p99=7733248ns degraded=false load=4.52->4.56
candidate cycle=4 slot=1 group batch=1 ev/s=624 p99=9391.1us alloc/event=12.8419 bytes/event=2120.7 copied=0/0 groups/fsyncs=802/802 fsync_p99=7995392ns degraded=false load=4.56->4.7
control cycle=4 slot=2 group batch=1 ev/s=631 p99=9665.4us alloc/event=16.8431 bytes/event=2618.2 copied=3200/835200 groups/fsyncs=801/801 fsync_p99=9175040ns degraded=false load=4.7->4.81
control cycle=4 slot=3 group batch=1 ev/s=660 p99=8392.2us alloc/event=16.8428 bytes/event=2617.3 copied=3200/835200 groups/fsyncs=801/801 fsync_p99=7471104ns degraded=false load=4.81->4.82
candidate cycle=4 slot=4 group batch=1 ev/s=642 p99=8569.4us alloc/event=12.8416 bytes/event=2123.0 copied=0/0 groups/fsyncs=800/800 fsync_p99=7995392ns degraded=false load=4.82->4.92
control cycle=5 slot=1 group batch=1 ev/s=626 p99=8767.8us alloc/event=16.8412 bytes/event=2619.1 copied=3200/835200 groups/fsyncs=800/800 fsync_p99=7995392ns degraded=false load=4.92->4.84
candidate cycle=5 slot=2 group batch=1 ev/s=650 p99=9641.5us alloc/event=12.8453 bytes/event=2122.9 copied=0/0 groups/fsyncs=802/802 fsync_p99=9175040ns degraded=false load=4.84->4.7
candidate cycle=5 slot=3 group batch=1 ev/s=661 p99=9027.1us alloc/event=12.8438 bytes/event=2124.5 copied=0/0 groups/fsyncs=801/801 fsync_p99=7995392ns degraded=false load=4.7->4.72
control cycle=5 slot=4 group batch=1 ev/s=642 p99=7751.3us alloc/event=16.8438 bytes/event=2621.2 copied=3200/835200 groups/fsyncs=800/800 fsync_p99=7471104ns degraded=false load=4.66->4.45
control cycle=1 slot=1 group batch=10 ev/s=6543 p99=12755.3us alloc/event=5.3961 bytes/event=1115.3 copied=20000/5220000 groups/fsyncs=500/500 fsync_p99=12320768ns degraded=false load=4.45->4.45
candidate cycle=1 slot=2 group batch=10 ev/s=6694 p99=8019.9us alloc/event=2.3962 bytes/event=742.6 copied=0/0 groups/fsyncs=500/500 fsync_p99=7733248ns degraded=false load=4.45->4.73
candidate cycle=1 slot=3 group batch=10 ev/s=6476 p99=9119.3us alloc/event=2.3963 bytes/event=742.6 copied=0/0 groups/fsyncs=500/500 fsync_p99=8650752ns degraded=false load=4.73->4.67
control cycle=1 slot=4 group batch=10 ev/s=6430 p99=7877.8us alloc/event=5.3965 bytes/event=1116.0 copied=20000/5220000 groups/fsyncs=501/501 fsync_p99=7208960ns degraded=false load=4.67->5.26
!!! mess DEGRADED: fdatasync latency 54.2 ms crossed 50.0 ms threshold (1 crossings) — near-full/contended device fdatasync stall (docs/spec/03-durability.md §2.6); durable appends are stalling
candidate cycle=2 slot=1 group batch=10 ev/s=4982 p99=33819.9us alloc/event=2.3960 bytes/event=742.3 copied=0/0 groups/fsyncs=500/500 fsync_p99=33030144ns degraded=true load=5.26->5.24
fsync degradation alarm tripped; fail-stop
