warning: field `n` is never read
  --> src/candidates/h4_ptrhash.rs:49:5
   |
43 | pub struct PtrHashDir {
   |            ---------- field in this struct
...
49 |     n:               usize,
   |     ^
   |
   = note: `#[warn(dead_code)]` (part of `#[warn(unused)]`) on by default

warning: `directory_tournament` (lib) generated 1 warning
    Finished `release` profile [optimized + debuginfo] target(s) in 0.08s
warning: the following packages contain code that will be rejected by a future version of Rust: proc-macro-error2 v2.0.1
note: to see what the problems were, use the option `--future-incompat-report`, or run `cargo report future-incompatibilities --id 1`
tsc: 0.2500 ns/tick, empty rdtsc..rdtscp overhead 80 ticks (~20.0 ns)
contention: Some("load1=12.68 procs=[]")
store dir default: /home/bob/.cache/mess-bench-scratch/directory_tournament_store
[bench] tsc 0.2500 ns/tick, overhead 80 ticks; quick=false
[bench] dataset dense-1k n=1000 U/n=1.50
[quiet-guard] contended (load1=12.68 procs=[]); sleeping 5s
[quiet-guard] contended (load1=12.14 procs=[]); sleeping 5s
[quiet-guard] contended (load1=11.25 procs=[]); sleeping 5s
[quiet-guard] contended (load1=10.67 procs=[]); sleeping 5s
[quiet-guard] contended (load1=9.81 procs=[]); sleeping 5s
[quiet-guard] contended (load1=9.19 procs=[]); sleeping 5s
[quiet-guard] contended (load1=8.61 procs=[]); sleeping 5s
[quiet-guard] contended (load1=8.00 procs=[]); sleeping 5s
[quiet-guard] contended (load1=7.44 procs=[]); sleeping 5s
[quiet-guard] contended (load1=7.17 procs=[]); sleeping 5s
[quiet-guard] contended (load1=6.75 procs=[]); sleeping 5s
[quiet-guard] contended (load1=8.45 procs=[]); sleeping 5s
[quiet-guard] contended (load1=8.90 procs=[]); sleeping 5s
[quiet-guard] contended (load1=8.75 procs=[]); sleeping 5s
[quiet-guard] contended (load1=8.20 procs=[]); sleeping 5s
[quiet-guard] contended (load1=8.11 procs=[]); sleeping 5s
[quiet-guard] contended (load1=8.10 procs=[]); sleeping 5s
[quiet-guard] contended (load1=7.77 procs=[]); sleeping 5s
[quiet-guard] contended (load1=8.27 procs=[]); sleeping 5s
[quiet-guard] contended (load1=8.41 procs=[]); sleeping 5s
[quiet-guard] contended (load1=8.06 procs=[]); sleeping 5s
[quiet-guard] contended (load1=7.97 procs=[]); sleeping 5s
[quiet-guard] contended (load1=7.65 procs=[]); sleeping 5s
[quiet-guard] contended (load1=7.76 procs=[]); sleeping 5s
[quiet-guard] contended (load1=7.30 procs=[]); sleeping 5s
[quiet-guard] contended (load1=7.27 procs=[]); sleeping 5s
[quiet-guard] contended (load1=6.77 procs=[]); sleeping 5s
[quiet-guard] contended (load1=6.55 procs=[]); sleeping 5s
[quiet-guard] contended (load1=6.18 procs=[]); sleeping 5s
  h0_hashmap_sip     build p50      21.9us open p50      31.8us ser      56020B res     124824B batch  12.17ns/op serial  16.38ns/op cold p50    90.0ns
  h0f_hashmap_fold   build p50      19.3us open p50      28.4us ser      56020B res     124816B batch   5.83ns/op serial  11.45ns/op cold p50    80.0ns
  h1_sorted          build p50       1.5us open p50       6.4us ser      56020B res      56048B batch  21.10ns/op serial  27.32ns/op cold p50    80.0ns
  h2_bitrank         build p50       2.0us open p50       5.6us ser      48228B res      48372B batch   5.04ns/op serial   8.10ns/op cold p50    60.0ns
  h3_pef             build p50       3.6us open p50       4.6us ser      48408B res      48600B batch  81.44ns/op serial  78.03ns/op cold p50   150.0ns
  h4_ptrhash         build p50     109.1us open p50     127.5us ser      56020B res      57177B batch   6.42ns/op serial  12.59ns/op cold p50    79.8ns
  h5_kbin            build p50      30.6us open p50      41.6us ser      56020B res      64472B batch  14.98ns/op serial  20.57ns/op cold p50    80.0ns
[bench] dataset sparse-1k n=1000 U/n=997.46
  h0_hashmap_sip     build p50      23.1us open p50      32.6us ser      56020B res     124824B batch  14.56ns/op serial  18.06ns/op cold p50    90.0ns
  h0f_hashmap_fold   build p50       8.9us open p50      19.3us ser      56020B res     124816B batch   6.09ns/op serial  11.39ns/op cold p50    80.0ns
  h1_sorted          build p50       1.5us open p50       6.4us ser      56020B res      56048B batch  20.43ns/op serial  28.78ns/op cold p50    80.0ns
  h2_bitrank: skipped (U/n = 997.5 > 64)
  h3_pef             build p50       4.3us open p50       4.6us ser      49592B res      49784B batch  91.05ns/op serial  92.04ns/op cold p50   180.0ns
  h4_ptrhash         build p50      93.5us open p50      98.5us ser      56020B res      57177B batch   6.48ns/op serial  12.63ns/op cold p50    80.0ns
  h5_kbin            build p50      30.8us open p50      41.6us ser      56020B res      64472B batch  14.81ns/op serial  17.86ns/op cold p50    80.0ns
[bench] dataset zipfclust-1k n=1000 U/n=1145.05
  h0_hashmap_sip     build p50      36.9us open p50      44.1us ser      56020B res     124824B batch  12.20ns/op serial  16.53ns/op cold p50    90.0ns
  h0f_hashmap_fold   build p50      10.0us open p50      18.7us ser      56020B res     124816B batch   5.21ns/op serial  11.09ns/op cold p50    80.0ns
  h1_sorted          build p50       1.5us open p50       6.4us ser      56020B res      56048B batch  16.63ns/op serial  26.35ns/op cold p50    80.0ns
  h2_bitrank: skipped (U/n = 1145.0 > 64)
  h3_pef             build p50       4.4us open p50       4.6us ser      49608B res      49800B batch  91.71ns/op serial  92.03ns/op cold p50   170.0ns
  h4_ptrhash         build p50      91.0us open p50      98.4us ser      56020B res      57177B batch   6.39ns/op serial  12.65ns/op cold p50    79.8ns
  h5_kbin            build p50      29.4us open p50      40.2us ser      56020B res      64472B batch  14.96ns/op serial  17.90ns/op cold p50    80.0ns
[bench] dataset dense-10k n=10000 U/n=1.50
  h0_hashmap_sip     build p50     238.4us open p50     356.8us ser     560020B res    1013976B batch  14.77ns/op serial  21.53ns/op cold p50   180.0ns
  h0f_hashmap_fold   build p50     124.1us open p50     243.3us ser     560020B res    1013968B batch   8.37ns/op serial  16.01ns/op cold p50   160.0ns
[quiet-guard] contended (load1=6.17 procs=[]); sleeping 5s
[quiet-guard] contended (load1=6.24 procs=[]); sleeping 5s
[quiet-guard] contended (load1=6.14 procs=[]); sleeping 5s
  h1_sorted          build p50      18.5us open p50      64.3us ser     560020B res     560048B batch  29.30ns/op serial  45.43ns/op cold p50   400.0ns
  h2_bitrank         build p50      20.0us open p50      45.8us ser     481916B res     482590B batch   4.68ns/op serial   9.53ns/op cold p50    70.0ns
  h3_pef             build p50      39.9us open p50      44.3us ser     483684B res     484848B batch 107.93ns/op serial 108.48ns/op cold p50   200.0ns
  h4_ptrhash         build p50     744.5us open p50     863.1us ser     560020B res     569273B batch   8.17ns/op serial  16.35ns/op cold p50   140.0ns
  h5_kbin            build p50     317.9us open p50     435.9us ser     560020B res     665432B batch  18.08ns/op serial  24.23ns/op cold p50   110.0ns
[bench] dataset sparse-10k n=10000 U/n=999.54
  h0_hashmap_sip     build p50     239.4us open p50     361.0us ser     560020B res    1013976B batch  14.88ns/op serial  23.87ns/op cold p50   180.0ns
  h0f_hashmap_fold   build p50     114.1us open p50     222.9us ser     560020B res    1013968B batch   6.64ns/op serial  15.89ns/op cold p50   170.0ns
[quiet-guard] contended (load1=6.08 procs=[]); sleeping 5s
[quiet-guard] contended (load1=6.07 procs=[]); sleeping 5s
  h1_sorted          build p50      18.9us open p50      65.8us ser     560020B res     560048B batch  29.07ns/op serial  45.21ns/op cold p50   390.0ns
  h2_bitrank: skipped (U/n = 999.5 > 64)
  h3_pef             build p50      46.2us open p50      45.4us ser     495484B res     496648B batch 138.29ns/op serial 139.46ns/op cold p50   300.0ns
  h4_ptrhash         build p50     722.2us open p50     814.7us ser     560020B res     569273B batch   8.12ns/op serial  16.70ns/op cold p50   140.0ns
[quiet-guard] contended (load1=6.23 procs=[]); sleeping 5s
[quiet-guard] contended (load1=6.21 procs=[]); sleeping 5s
[quiet-guard] contended (load1=7.08 procs=[]); sleeping 5s
[quiet-guard] contended (load1=7.31 procs=[]); sleeping 5s
[quiet-guard] contended (load1=7.61 procs=[]); sleeping 5s
[quiet-guard] contended (load1=7.16 procs=[]); sleeping 5s
[quiet-guard] contended (load1=6.75 procs=[]); sleeping 5s
[quiet-guard] contended (load1=6.60 procs=[]); sleeping 5s
[quiet-guard] contended (load1=6.24 procs=[]); sleeping 5s
  h5_kbin            build p50     328.6us open p50     475.8us ser     560020B res     665432B batch  18.26ns/op serial  24.13ns/op cold p50   100.0ns
[bench] dataset zipfclust-10k n=10000 U/n=1256.06
  h0_hashmap_sip     build p50     239.2us open p50     353.5us ser     560020B res    1013976B batch  14.45ns/op serial  23.17ns/op cold p50   180.0ns
  h0f_hashmap_fold   build p50     112.5us open p50     221.5us ser     560020B res    1013968B batch   6.35ns/op serial  15.53ns/op cold p50   160.0ns
  h1_sorted          build p50      18.4us open p50      63.5us ser     560020B res     560048B batch  31.49ns/op serial  44.22ns/op cold p50   380.0ns
  h2_bitrank: skipped (U/n = 1256.1 > 64)
  h3_pef             build p50      46.4us open p50      55.3us ser     495732B res     496896B batch 110.75ns/op serial 113.00ns/op cold p50   260.0ns
  h4_ptrhash         build p50     736.4us open p50     862.3us ser     560020B res     569273B batch   8.41ns/op serial  16.62ns/op cold p50   150.0ns
  h5_kbin            build p50     335.3us open p50     437.0us ser     560020B res     665432B batch  18.84ns/op serial  23.76ns/op cold p50   100.0ns
[bench] dataset dense-100k n=100000 U/n=1.50
  h0_hashmap_sip     build p50    7442.5us open p50   11514.2us ser    5600020B res    8271192B batch  27.10ns/op serial  27.99ns/op cold p50   250.0ns
  h0f_hashmap_fold   build p50    4506.7us open p50    6590.5us ser    5600020B res    8271184B batch  14.08ns/op serial  29.28ns/op cold p50   240.0ns
  h1_sorted          build p50     393.3us open p50     815.6us ser    5600020B res    5600048B batch  84.14ns/op serial  96.38ns/op cold p50   760.0ns
[quiet-guard] contended (load1=6.03 procs=[]); sleeping 5s
  h2_bitrank         build p50     286.5us open p50     520.9us ser    4818788B res    4824732B batch  16.31ns/op serial  17.94ns/op cold p50   150.0ns
  h3_pef             build p50     585.1us open p50     533.9us ser    4836311B res    4846952B batch 135.00ns/op serial 149.12ns/op cold p50   380.0ns
  h4_ptrhash         build p50    8400.9us open p50    9863.5us ser    5600020B res    5690177B batch  16.41ns/op serial  23.30ns/op cold p50   200.0ns
  h5_kbin            build p50    6083.1us open p50    7390.4us ser    5600020B res    6538840B batch  29.90ns/op serial  40.19ns/op cold p50   169.8ns
[bench] dataset sparse-100k n=100000 U/n=999.99
  h0_hashmap_sip     build p50    7526.4us open p50   11489.9us ser    5600020B res    8271192B batch  29.12ns/op serial  53.01ns/op cold p50   250.0ns
  h0f_hashmap_fold   build p50    4409.2us open p50    7418.1us ser    5600020B res    8271184B batch  13.74ns/op serial  25.39ns/op cold p50   240.0ns
  h1_sorted          build p50     361.8us open p50     863.7us ser    5600020B res    5600048B batch  67.37ns/op serial  87.11ns/op cold p50   790.0ns
  h2_bitrank: skipped (U/n = 1000.0 > 64)
  h3_pef             build p50     857.3us open p50     505.7us ser    4954279B res    4964920B batch 171.22ns/op serial 170.78ns/op cold p50   500.0ns
  h4_ptrhash         build p50    8619.0us open p50   12800.5us ser    5600020B res    5690177B batch  15.25ns/op serial  23.27ns/op cold p50   240.0ns
[quiet-guard] contended (load1=6.96 procs=[]); sleeping 5s
[quiet-guard] contended (load1=8.48 procs=[]); sleeping 5s
[quiet-guard] contended (load1=8.12 procs=[]); sleeping 5s
[quiet-guard] contended (load1=8.35 procs=[]); sleeping 5s
[quiet-guard] contended (load1=8.25 procs=[]); sleeping 5s
[quiet-guard] contended (load1=7.98 procs=[]); sleeping 5s
[quiet-guard] contended (load1=9.03 procs=[]); sleeping 5s
[quiet-guard] contended (load1=9.59 procs=[]); sleeping 5s
[quiet-guard] contended (load1=9.30 procs=[]); sleeping 5s
[quiet-guard] contended (load1=8.79 procs=[]); sleeping 5s
[quiet-guard] contended (load1=8.41 procs=[]); sleeping 5s
[quiet-guard] contended (load1=8.06 procs=[]); sleeping 5s
[quiet-guard] contended (load1=7.73 procs=[]); sleeping 5s
[quiet-guard] contended (load1=7.43 procs=[]); sleeping 5s
[quiet-guard] contended (load1=7.08 procs=[]); sleeping 5s
[quiet-guard] contended (load1=6.67 procs=[]); sleeping 5s
[quiet-guard] contended (load1=6.38 procs=[]); sleeping 5s
[quiet-guard] contended (load1=6.43 procs=[]); sleeping 5s
[quiet-guard] contended (load1=6.15 procs=[]); sleeping 5s
  h5_kbin            build p50    4783.4us open p50    7594.2us ser    5600020B res    6538840B batch  27.68ns/op serial  34.31ns/op cold p50   170.0ns
[bench] dataset zipfclust-100k n=100000 U/n=1137.81
  h0_hashmap_sip     build p50    6865.9us open p50   10064.9us ser    5600020B res    8271192B batch  41.60ns/op serial  30.94ns/op cold p50   250.0ns
  h0f_hashmap_fold   build p50    4152.9us open p50    6901.3us ser    5600020B res    8271184B batch  14.76ns/op serial  24.68ns/op cold p50   240.0ns
  h1_sorted          build p50     467.4us open p50     814.1us ser    5600020B res    5600048B batch  74.55ns/op serial 107.82ns/op cold p50   760.0ns
  h2_bitrank: skipped (U/n = 1137.8 > 64)
  h3_pef             build p50     575.5us open p50     744.5us ser    4954999B res    4965640B batch 144.58ns/op serial 135.39ns/op cold p50   440.0ns
  h4_ptrhash         build p50    8394.6us open p50    9712.6us ser    5600020B res    5690177B batch  18.03ns/op serial  23.58ns/op cold p50   210.0ns
  h5_kbin            build p50    5956.9us open p50    7003.5us ser    5600020B res    6538840B batch  29.51ns/op serial  37.13ns/op cold p50   170.0ns
[bench] dataset dense-1m n=1000000 U/n=1.50
  h0_hashmap_sip     build p50  170473.1us open p50  225863.8us ser   56000020B res  127537752B batch  65.99ns/op serial 110.76ns/op cold p50   320.0ns
  h0f_hashmap_fold   build p50  119976.2us open p50  156996.6us ser   56000020B res  127537744B batch  25.50ns/op serial 112.77ns/op cold p50   310.0ns
  h1_sorted          build p50   26929.5us open p50   29629.9us ser   56000020B res   56000048B batch 142.86ns/op serial 227.82ns/op cold p50  1239.8ns
  h2_bitrank         build p50   23229.1us open p50   27439.8us ser   48187540B res   48246220B batch  23.18ns/op serial  62.01ns/op cold p50   160.0ns
  h3_pef             build p50   29310.3us open p50   27411.0us ser   48362611B res   48468184B batch 188.42ns/op serial 213.03ns/op cold p50   570.0ns
  h4_ptrhash         build p50  130945.7us open p50  172762.8us ser   56000020B res   56899273B batch  32.72ns/op serial 106.27ns/op cold p50   290.0ns
  h5_kbin            build p50  160046.7us open p50  186802.7us ser   56000020B res   64470104B batch  98.23ns/op serial 147.08ns/op cold p50   200.0ns
[bench] dataset sparse-1m n=1000000 U/n=1000.00
  h0_hashmap_sip     build p50  169087.9us open p50  215160.2us ser   56000020B res  127537752B batch  62.64ns/op serial 105.08ns/op cold p50   330.0ns
[quiet-guard] contended (load1=7.18 procs=[]); sleeping 5s
[quiet-guard] contended (load1=7.33 procs=[]); sleeping 5s
[quiet-guard] contended (load1=7.06 procs=[]); sleeping 5s
[quiet-guard] contended (load1=6.90 procs=[]); sleeping 5s
[quiet-guard] contended (load1=6.58 procs=[]); sleeping 5s
[quiet-guard] contended (load1=6.54 procs=[]); sleeping 5s
[quiet-guard] contended (load1=6.33 procs=[]); sleeping 5s
[quiet-guard] contended (load1=6.39 procs=[]); sleeping 5s
[quiet-guard] contended (load1=6.28 procs=[]); sleeping 5s
[quiet-guard] contended (load1=6.17 procs=[]); sleeping 5s
[quiet-guard] contended (load1=6.08 procs=[]); sleeping 5s
  h0f_hashmap_fold   build p50  112032.2us open p50  148496.3us ser   56000020B res  127537744B batch  32.37ns/op serial  89.93ns/op cold p50   320.0ns
[quiet-guard] contended (load1=6.49 procs=[]); sleeping 5s
[quiet-guard] contended (load1=6.13 procs=[]); sleeping 5s
  h1_sorted          build p50    9780.3us open p50   13166.2us ser   56000020B res   56000048B batch 161.82ns/op serial 273.80ns/op cold p50  1189.8ns
  h2_bitrank: skipped (U/n = 1000.0 > 64)
  h3_pef             build p50   13878.6us open p50   10846.5us ser   49542123B res   49647696B batch 235.71ns/op serial 254.39ns/op cold p50   800.0ns
  h4_ptrhash         build p50  115132.2us open p50  148758.5us ser   56000020B res   56899273B batch  31.80ns/op serial 107.99ns/op cold p50   270.0ns
  h5_kbin            build p50  152950.4us open p50  196303.4us ser   56000020B res   64470104B batch  77.38ns/op serial 149.00ns/op cold p50   190.0ns
[bench] dataset zipfclust-1m n=1000000 U/n=1163.97
  h0_hashmap_sip     build p50  164279.1us open p50  219669.2us ser   56000020B res  127537752B batch  65.88ns/op serial 108.86ns/op cold p50   320.0ns
  h0f_hashmap_fold   build p50  113550.7us open p50  155640.8us ser   56000020B res  127537744B batch  27.69ns/op serial 113.71ns/op cold p50   310.0ns
  h1_sorted          build p50   25650.5us open p50   29794.1us ser   56000020B res   56000048B batch 138.14ns/op serial 215.69ns/op cold p50  1240.0ns
  h2_bitrank: skipped (U/n = 1164.0 > 64)
  h3_pef             build p50   29139.1us open p50   27245.7us ser   49552987B res   49658560B batch 219.11ns/op serial 241.70ns/op cold p50   720.0ns
  h4_ptrhash         build p50  131054.7us open p50  174171.3us ser   56000020B res   56899273B batch  42.39ns/op serial 113.98ns/op cold p50   280.0ns
  h5_kbin            build p50  153929.8us open p50  166571.3us ser   56000020B res   64470104B batch  87.85ns/op serial 163.91ns/op cold p50   209.8ns
[bench] dataset dense-10m n=10000000 U/n=1.50
  h0_hashmap_sip     build p50 2245970.3us open p50 3022310.9us ser  560000020B res 1036301400B batch 123.98ns/op serial 195.58ns/op cold p50   410.0ns
  h0f_hashmap_fold   build p50 1570878.9us open p50 2066363.3us ser  560000020B res 1036301392B batch  59.20ns/op serial 183.26ns/op cold p50   390.0ns
[quiet-guard] contended (load1=7.05 procs=[]); sleeping 5s
[quiet-guard] contended (load1=6.72 procs=[]); sleeping 5s
[quiet-guard] contended (load1=6.51 procs=[]); sleeping 5s
[quiet-guard] contended (load1=6.39 procs=[]); sleeping 5s
[quiet-guard] contended (load1=6.35 procs=[]); sleeping 5s
[quiet-guard] contended (load1=6.33 procs=[]); sleeping 5s
[quiet-guard] contended (load1=6.30 procs=[]); sleeping 5s
[quiet-guard] contended (load1=7.80 procs=[]); sleeping 5s
[quiet-guard] contended (load1=7.41 procs=[]); sleeping 5s
[quiet-guard] contended (load1=7.06 procs=[]); sleeping 5s
[quiet-guard] contended (load1=6.73 procs=[]); sleeping 5s
[quiet-guard] contended (load1=6.43 procs=[]); sleeping 5s
[quiet-guard] contended (load1=6.24 procs=[]); sleeping 5s
[quiet-guard] contended (load1=6.14 procs=[]); sleeping 5s
  h1_sorted          build p50  296078.3us open p50  316937.5us ser  560000020B res  560000048B batch 586.73ns/op serial 746.47ns/op cold p50  1920.0ns
  h2_bitrank         build p50  238649.9us open p50  261634.3us ser  481875036B res  482461058B batch  30.93ns/op serial 119.43ns/op cold p50   230.0ns
  h3_pef             build p50  325308.4us open p50  264182.1us ser  483625527B res  484680312B batch 252.19ns/op serial 307.68ns/op cold p50  1050.0ns
  h4_ptrhash         build p50 2534396.0us open p50 2960472.6us ser  560000020B res  568990177B batch  43.58ns/op serial 149.22ns/op cold p50   360.0ns
  h5_kbin            build p50 2364691.8us open p50 2480164.3us ser  560000020B res  637360216B batch 129.39ns/op serial 207.21ns/op cold p50   230.0ns
[bench] dataset sparse-10m n=10000000 U/n=1000.00
[quiet-guard] contended (load1=7.07 procs=[]); sleeping 5s
[quiet-guard] contended (load1=7.14 procs=[]); sleeping 5s
[quiet-guard] contended (load1=6.89 procs=[]); sleeping 5s
[quiet-guard] contended (load1=6.66 procs=[]); sleeping 5s
[quiet-guard] contended (load1=6.53 procs=[]); sleeping 5s
[quiet-guard] contended (load1=6.32 procs=[]); sleeping 5s
[quiet-guard] contended (load1=6.14 procs=[]); sleeping 5s
[quiet-guard] contended (load1=6.53 procs=[]); sleeping 5s
[quiet-guard] contended (load1=6.32 procs=[]); sleeping 5s
[quiet-guard] contended (load1=6.14 procs=[]); sleeping 5s
  h0_hashmap_sip     build p50 2164972.7us open p50 2901605.3us ser  560000020B res 1036301400B batch 106.84ns/op serial 190.76ns/op cold p50   400.0ns
[quiet-guard] contended (load1=6.54 procs=[]); sleeping 5s
[quiet-guard] contended (load1=6.50 procs=[]); sleeping 5s
  h0f_hashmap_fold   build p50 1499118.2us open p50 2024009.1us ser  560000020B res 1036301392B batch  63.64ns/op serial 205.18ns/op cold p50   399.8ns
  h1_sorted          build p50  104547.6us open p50  139736.3us ser  560000020B res  560000048B batch 588.02ns/op serial 777.17ns/op cold p50  2020.0ns
  h2_bitrank: skipped (U/n = 1000.0 > 64)
[quiet-guard] contended (load1=6.17 procs=[]); sleeping 5s
  h3_pef             build p50  142459.3us open p50  101098.2us ser  495420783B res  496475568B batch 356.65ns/op serial 358.33ns/op cold p50  1260.0ns
  h4_ptrhash         build p50 2374045.6us open p50 2657470.9us ser  560000020B res  568990177B batch  52.91ns/op serial 152.51ns/op cold p50   350.0ns
[quiet-guard] contended (load1=6.46 procs=[]); sleeping 5s
[quiet-guard] contended (load1=6.27 procs=[]); sleeping 5s
[quiet-guard] contended (load1=6.48 procs=[]); sleeping 5s
[quiet-guard] contended (load1=6.29 procs=[]); sleeping 5s
[quiet-guard] contended (load1=6.18 procs=[]); sleeping 5s
[quiet-guard] contended (load1=6.09 procs=[]); sleeping 5s
[quiet-guard] contended (load1=6.24 procs=[]); sleeping 5s
  h5_kbin            build p50 2006772.4us open p50 2483543.8us ser  560000020B res  637360216B batch 122.28ns/op serial 203.88ns/op cold p50   240.0ns
[bench] dataset zipfclust-10m n=10000000 U/n=1183.09
  h0_hashmap_sip     build p50 2110822.7us open p50 3000802.0us ser  560000020B res 1036301400B batch 112.26ns/op serial 192.08ns/op cold p50   409.8ns
  h0f_hashmap_fold   build p50 1495742.8us open p50 2030793.8us ser  560000020B res 1036301392B batch  46.39ns/op serial 174.73ns/op cold p50   400.0ns
  h1_sorted          build p50  264628.7us open p50  302369.8us ser  560000020B res  560000048B batch 604.02ns/op serial 788.61ns/op cold p50  1930.0ns
  h2_bitrank: skipped (U/n = 1183.1 > 64)
[quiet-guard] contended (load1=6.72 procs=[]); sleeping 5s
[quiet-guard] contended (load1=6.42 procs=[]); sleeping 5s
[quiet-guard] contended (load1=6.31 procs=[]); sleeping 5s
  h3_pef             build p50  306496.5us open p50  278395.5us ser  495559287B res  496614072B batch 310.94ns/op serial 380.04ns/op cold p50  1210.0ns
[quiet-guard] contended (load1=6.13 procs=[]); sleeping 5s
[quiet-guard] contended (load1=6.04 procs=[]); sleeping 5s
[quiet-guard] contended (load1=6.11 procs=[]); sleeping 5s
  h4_ptrhash         build p50 2450398.8us open p50 2835418.9us ser  560000020B res  568990177B batch  51.71ns/op serial 153.30ns/op cold p50   350.0ns
[quiet-guard] contended (load1=6.13 procs=[]); sleeping 5s
[quiet-guard] contended (load1=6.28 procs=[]); sleeping 5s
[quiet-guard] contended (load1=6.41 procs=[]); sleeping 5s
[quiet-guard] contended (load1=6.22 procs=[]); sleeping 5s
[quiet-guard] contended (load1=6.20 procs=[]); sleeping 5s
  h5_kbin            build p50 2289310.1us open p50 2688267.8us ser  560000020B res  652040280B batch 128.76ns/op serial 208.23ns/op cold p50   230.0ns
[bench] dataset dense-30m n=30000000 U/n=1.50
  h0_hashmap_sip     build p50 8527226.0us open p50 10975673.9us ser 1680000020B res 4065205336B batch 148.80ns/op serial 241.92ns/op cold p50   420.0ns
[quiet-guard] contended (load1=6.29 procs=[]); sleeping 5s
[quiet-guard] contended (load1=6.59 procs=[]); sleeping 5s
[quiet-guard] contended (load1=6.78 procs=[]); sleeping 5s
[quiet-guard] contended (load1=6.64 procs=[]); sleeping 5s
[quiet-guard] contended (load1=6.75 procs=[]); sleeping 5s
[quiet-guard] contended (load1=6.53 procs=[]); sleeping 5s
[quiet-guard] contended (load1=6.64 procs=[]); sleeping 5s
[quiet-guard] contended (load1=6.35 procs=[]); sleeping 5s
[quiet-guard] contended (load1=6.16 procs=[]); sleeping 5s
  h0f_hashmap_fold   build p50 5817885.4us open p50 7555423.8us ser 1680000020B res 4065205328B batch  75.24ns/op serial 230.74ns/op cold p50   400.0ns
  h1_sorted          build p50  830827.1us open p50  885688.6us ser 1680000020B res 1680000048B batch 754.07ns/op serial 1002.17ns/op cold p50  2409.8ns
  h2_bitrank         build p50  663466.9us open p50  742498.0us ser 1445625036B res 1447382934B batch  57.16ns/op serial 184.92ns/op cold p50   270.0ns
  h3_pef             build p50  957208.8us open p50  757792.5us ser 1450876512B res 1454040672B batch 362.57ns/op serial 398.06ns/op cold p50  1330.0ns
  h4_ptrhash         build p50 8687021.0us open p50 10087395.4us ser 1680000020B res 1706969963B batch  71.95ns/op serial 222.53ns/op cold p50   389.8ns
[quiet-guard] contended (load1=6.39 procs=[]); sleeping 5s
[quiet-guard] contended (load1=6.36 procs=[]); sleeping 5s
[quiet-guard] contended (load1=7.21 procs=[]); sleeping 5s
[quiet-guard] contended (load1=6.87 procs=[]); sleeping 5s
[quiet-guard] contended (load1=6.64 procs=[]); sleeping 5s
[quiet-guard] contended (load1=8.11 procs=[]); sleeping 5s
[quiet-guard] contended (load1=7.70 procs=[]); sleeping 5s
[quiet-guard] contended (load1=7.17 procs=[]); sleeping 5s
[quiet-guard] contended (load1=8.27 procs=[]); sleeping 5s
[quiet-guard] contended (load1=7.61 procs=[]); sleeping 5s
[quiet-guard] contended (load1=7.08 procs=[]); sleeping 5s
[quiet-guard] contended (load1=6.59 procs=[]); sleeping 5s
[quiet-guard] contended (load1=6.63 procs=[]); sleeping 5s
[quiet-guard] contended (load1=6.18 procs=[]); sleeping 5s
  h5_kbin            build p50 7609460.3us open p50 8834904.6us ser 1680000020B res 1941440600B batch 143.90ns/op serial 241.30ns/op cold p50   260.0ns
[bench] dataset sparse-30m n=30000000 U/n=1000.00
[quiet-guard] contended (load1=7.06 procs=[]); sleeping 5s
[quiet-guard] contended (load1=6.82 procs=[]); sleeping 5s
[quiet-guard] contended (load1=6.51 procs=[]); sleeping 5s
[quiet-guard] contended (load1=6.31 procs=[]); sleeping 5s
  h0_hashmap_sip     build p50 8433259.9us open p50 10833715.2us ser 1680000020B res 4065205336B batch 146.79ns/op serial 241.03ns/op cold p50   420.0ns
  h0f_hashmap_fold   build p50 5626395.9us open p50 7379946.0us ser 1680000020B res 4065205328B batch  72.69ns/op serial 224.72ns/op cold p50   410.0ns
[quiet-guard] contended (load1=6.45 procs=[]); sleeping 5s
[quiet-guard] contended (load1=6.66 procs=[]); sleeping 5s
[quiet-guard] contended (load1=6.60 procs=[]); sleeping 5s
[quiet-guard] contended (load1=6.80 procs=[]); sleeping 5s
[quiet-guard] contended (load1=7.05 procs=[]); sleeping 5s
[quiet-guard] contended (load1=6.89 procs=[]); sleeping 5s
[quiet-guard] contended (load1=6.98 procs=[]); sleeping 5s
[quiet-guard] contended (load1=6.66 procs=[]); sleeping 5s
[quiet-guard] contended (load1=6.53 procs=[]); sleeping 5s
[quiet-guard] contended (load1=6.24 procs=[]); sleeping 5s
[quiet-guard] contended (load1=6.06 procs=[]); sleeping 5s
  h1_sorted          build p50  752917.2us open p50  809626.2us ser 1680000020B res 1680000048B batch 784.15ns/op serial 1050.45ns/op cold p50  2310.0ns
  h2_bitrank: skipped (U/n = 1000.0 > 64)
  h3_pef             build p50  843845.1us open p50  752524.0us ser 1486262008B res 1489426168B batch 455.32ns/op serial 501.32ns/op cold p50  1560.0ns
  h4_ptrhash         build p50 8816219.8us open p50 9907535.1us ser 1680000020B res 1706969963B batch  70.09ns/op serial 215.42ns/op cold p50   380.0ns
[quiet-guard] contended (load1=6.66 procs=[]); sleeping 5s
[quiet-guard] contended (load1=6.52 procs=[]); sleeping 5s
[quiet-guard] contended (load1=6.24 procs=[]); sleeping 5s
[quiet-guard] contended (load1=6.06 procs=[]); sleeping 5s
[quiet-guard] contended (load1=6.06 procs=[]); sleeping 5s
[quiet-guard] contended (load1=6.29 procs=[]); sleeping 5s
[quiet-guard] contended (load1=6.11 procs=[]); sleeping 5s
  h5_kbin            build p50 7632117.1us open p50 8839980.6us ser 1680000020B res 1941440600B batch 139.98ns/op serial 241.04ns/op cold p50   240.0ns
[bench] dataset zipfclust-30m n=30000000 U/n=1178.87
  h0_hashmap_sip     build p50 8492690.6us open p50 10902960.7us ser 1680000020B res 4065205336B batch 148.25ns/op serial 248.70ns/op cold p50   439.8ns
  h0f_hashmap_fold   build p50 5620419.5us open p50 7289313.2us ser 1680000020B res 4065205328B batch  66.52ns/op serial 233.41ns/op cold p50   410.0ns
[quiet-guard] contended (load1=7.00 procs=[]); sleeping 5s
[quiet-guard] contended (load1=6.76 procs=[]); sleeping 5s
[quiet-guard] contended (load1=6.54 procs=[]); sleeping 5s
[quiet-guard] contended (load1=6.17 procs=[]); sleeping 5s
  h1_sorted          build p50  736862.7us open p50  803342.6us ser 1680000020B res 1680000048B batch 769.58ns/op serial 983.86ns/op cold p50  2320.0ns
  h2_bitrank: skipped (U/n = 1178.9 > 64)
  h3_pef             build p50  844116.9us open p50  753587.0us ser 1486656456B res 1489820616B batch 456.60ns/op serial 503.01ns/op cold p50  1490.0ns
  h4_ptrhash         build p50 8430780.1us open p50 9624154.4us ser 1680000020B res 1706969963B batch  72.16ns/op serial 239.88ns/op cold p50   380.0ns
  h5_kbin            build p50 7569866.9us open p50 8932208.4us ser 1680000020B res 1941440600B batch 145.49ns/op serial 257.61ns/op cold p50   260.0ns
[bench] tsc 0.2500 ns/tick, overhead 80 ticks; quick=false
[bench] real segments:
  seg   1  n=2022    min=1        max=2022     U/n=1.00
  seg   2  n=2070    min=1        max=3272     U/n=1.58
  seg   3  n=2017    min=1        max=4143     U/n=2.05
  seg   4  n=2007    min=2        max=4826     U/n=2.40
  seg   5  n=2011    min=2        max=5442     U/n=2.71
  seg   6  n=2006    min=2        max=5992     U/n=2.99
  seg   7  n=2070    min=1        max=6488     U/n=3.13
  seg   8  n=1976    min=2        max=6881     U/n=3.48
  seg   9  n=2015    min=1        max=7306     U/n=3.63
  seg  10  n=2046    min=1        max=7644     U/n=3.74
  seg  11  n=2046    min=1        max=7966     U/n=3.89
  seg  12  n=2035    min=4        max=8264     U/n=4.06
  seg  13  n=2008    min=2        max=8516     U/n=4.24
  seg  14  n=2033    min=2        max=8732     U/n=4.29
  seg  15  n=1900    min=1        max=8940     U/n=4.71
  seg  16  n=1659    min=1        max=9139     U/n=5.51
  seg  17  n=1628    min=1        max=9327     U/n=5.73
  seg  18  n=1254    min=4        max=9494     U/n=7.57
  seg  19  n=994     min=4        max=9631     U/n=9.69
  seg  20  n=1048    min=4        max=9744     U/n=9.29
  seg  21  n=1045    min=4        max=9854     U/n=9.43
  seg  22  n=1021    min=4        max=9954     U/n=9.75
  seg  23  n=794     min=4        max=10049    U/n=12.65
  seg  24  n=529     min=4        max=10107    U/n=19.10
  seg  25  n=554     min=4        max=10165    U/n=18.34
  seg  26  n=109     min=4        max=10172    U/n=93.29

[bench] dataset real-seg1-n2022 n=2022 U/n=1.00
[quiet-guard] contended (load1=6.51 procs=[]); sleeping 5s
[quiet-guard] contended (load1=6.63 procs=[]); sleeping 5s
[quiet-guard] contended (load1=6.26 procs=[]); sleeping 5s
[quiet-guard] contended (load1=6.00 procs=[]); sleeping 5s
  h0_hashmap_sip     build p50      64.6us open p50      92.2us ser     113252B res     249736B batch  12.19ns/op serial  16.69ns/op cold p50   120.0ns
[quiet-guard] contended (load1=6.01 procs=[]); sleeping 5s
  h0f_hashmap_fold   build p50      22.3us open p50      40.8us ser     113252B res     249728B batch   5.28ns/op serial  11.69ns/op cold p50    80.0ns
  h1_sorted          build p50       3.4us open p50      12.0us ser     113252B res     113280B batch  18.27ns/op serial  30.04ns/op cold p50   100.0ns
  h2_bitrank         build p50       4.1us open p50       9.3us ser      97348B res      97512B batch   4.09ns/op serial   7.81ns/op cold p50    60.0ns
  h3_pef             build p50       7.8us open p50       9.3us ser      97716B res      98016B batch  60.40ns/op serial  65.60ns/op cold p50   110.0ns
  h4_ptrhash         build p50     162.3us open p50     183.0us ser     113252B res     115309B batch   6.54ns/op serial  13.06ns/op cold p50    80.0ns
  h5_kbin            build p50      61.4us open p50      77.6us ser     113252B res     130232B batch  15.38ns/op serial  18.50ns/op cold p50    80.0ns
[bench] dataset real-seg2-n2070 n=2070 U/n=1.58
  h0_hashmap_sip     build p50      47.9us open p50      71.6us ser     115940B res     250120B batch  12.53ns/op serial  17.77ns/op cold p50   100.0ns
  h0f_hashmap_fold   build p50      31.5us open p50      42.9us ser     115940B res     250112B batch   5.68ns/op serial  11.63ns/op cold p50    89.7ns
  h1_sorted          build p50       3.1us open p50      12.0us ser     115940B res     115968B batch  20.69ns/op serial  32.13ns/op cold p50   130.0ns
  h2_bitrank         build p50       3.9us open p50       9.1us ser      99812B res     100028B batch   4.03ns/op serial   7.46ns/op cold p50    60.0ns
  h3_pef             build p50      11.0us open p50      10.4us ser     100169B res     100496B batch  81.82ns/op serial  78.96ns/op cold p50   140.0ns
  h4_ptrhash         build p50     158.8us open p50     175.7us ser     115940B res     118013B batch   6.59ns/op serial  13.19ns/op cold p50    80.0ns
  h5_kbin            build p50      66.3us open p50      82.4us ser     115940B res     133112B batch  15.43ns/op serial  18.52ns/op cold p50    90.0ns
[bench] dataset real-seg3-n2017 n=2017 U/n=2.05
  h0_hashmap_sip     build p50      49.3us open p50      65.8us ser     112972B res     249696B batch  12.12ns/op serial  16.90ns/op cold p50   100.0ns
  h0f_hashmap_fold   build p50      20.1us open p50      40.0us ser     112972B res     249688B batch   7.05ns/op serial  13.66ns/op cold p50    90.0ns
  h1_sorted          build p50       4.3us open p50      16.4us ser     112972B res     113000B batch  18.77ns/op serial  29.93ns/op cold p50   120.0ns
  h2_bitrank         build p50       3.8us open p50       9.3us ser      97372B res      97622B batch   4.05ns/op serial   7.38ns/op cold p50    60.0ns
  h3_pef             build p50       9.2us open p50       9.2us ser      97676B res      97976B batch  87.62ns/op serial  82.74ns/op cold p50   160.0ns
  h4_ptrhash         build p50     159.8us open p50     174.0us ser     112972B res     115028B batch   8.27ns/op serial  14.06ns/op cold p50    80.0ns
  h5_kbin            build p50      64.8us open p50      79.1us ser     112972B res     131720B batch  15.20ns/op serial  20.51ns/op cold p50    90.0ns
[bench] dataset real-seg4-n2007 n=2007 U/n=2.40
  h0_hashmap_sip     build p50      45.3us open p50      65.5us ser     112412B res     249616B batch  12.41ns/op serial  16.88ns/op cold p50   100.0ns
  h0f_hashmap_fold   build p50      20.0us open p50      39.7us ser     112412B res     249608B batch   5.52ns/op serial  11.74ns/op cold p50    90.0ns
  h1_sorted          build p50       3.2us open p50      11.9us ser     112412B res     112440B batch  23.08ns/op serial  32.37ns/op cold p50   120.0ns
  h2_bitrank         build p50       4.3us open p50      11.8us ser      96980B res      97256B batch   4.05ns/op serial   7.90ns/op cold p50    60.0ns
  h3_pef             build p50       8.3us open p50       9.3us ser      97244B res      97544B batch  88.47ns/op serial  86.28ns/op cold p50   160.0ns
  h4_ptrhash         build p50     157.5us open p50     169.7us ser     112412B res     114464B batch   6.52ns/op serial  13.11ns/op cold p50    80.0ns
[quiet-guard] contended (load1=7.56 procs=[]); sleeping 5s
[quiet-guard] contended (load1=7.75 procs=[]); sleeping 5s
[quiet-guard] contended (load1=7.45 procs=[]); sleeping 5s
[quiet-guard] contended (load1=7.18 procs=[]); sleeping 5s
[quiet-guard] contended (load1=6.92 procs=[]); sleeping 5s
[quiet-guard] contended (load1=7.41 procs=[]); sleeping 5s
[quiet-guard] contended (load1=7.14 procs=[]); sleeping 5s
[quiet-guard] contended (load1=7.45 procs=[]); sleeping 5s
[quiet-guard] contended (load1=7.33 procs=[]); sleeping 5s
[quiet-guard] contended (load1=6.98 procs=[]); sleeping 5s
[quiet-guard] contended (load1=6.66 procs=[]); sleeping 5s
[quiet-guard] contended (load1=6.37 procs=[]); sleeping 5s
[quiet-guard] contended (load1=6.18 procs=[]); sleeping 5s
  h5_kbin            build p50      65.6us open p50      78.5us ser     112412B res     129320B batch  15.42ns/op serial  18.56ns/op cold p50    90.0ns
[bench] dataset real-seg5-n2011 n=2011 U/n=2.71
  h0_hashmap_sip     build p50      44.9us open p50      65.3us ser     112636B res     249648B batch  12.42ns/op serial  16.72ns/op cold p50   110.0ns
  h0f_hashmap_fold   build p50      19.9us open p50      52.8us ser     112636B res     249640B batch   5.48ns/op serial  11.61ns/op cold p50    80.0ns
  h1_sorted          build p50       3.3us open p50      12.1us ser     112636B res     112664B batch  18.37ns/op serial  29.75ns/op cold p50   130.0ns
  h2_bitrank         build p50       4.0us open p50       9.4us ser      97252B res      97552B batch   5.56ns/op serial   9.58ns/op cold p50    60.0ns
  h3_pef             build p50       8.6us open p50       9.3us ser      97476B res      97776B batch  94.58ns/op serial  92.63ns/op cold p50   160.0ns
  h4_ptrhash         build p50     170.4us open p50     178.6us ser     112636B res     114690B batch   6.49ns/op serial  13.10ns/op cold p50    80.0ns
  h5_kbin            build p50      63.9us open p50      79.5us ser     112636B res     129576B batch  15.50ns/op serial  18.33ns/op cold p50    80.0ns
[bench] dataset real-seg6-n2006 n=2006 U/n=2.99
  h0_hashmap_sip     build p50      44.6us open p50      65.3us ser     112356B res     249608B batch  12.53ns/op serial  17.04ns/op cold p50   110.0ns
  h0f_hashmap_fold   build p50      19.9us open p50      39.5us ser     112356B res     249600B batch   5.63ns/op serial  11.66ns/op cold p50    80.0ns
  h1_sorted          build p50       3.3us open p50      12.0us ser     112356B res     112384B batch  19.11ns/op serial  29.72ns/op cold p50   120.0ns
  h2_bitrank         build p50       3.8us open p50       9.4us ser      97076B res      97396B batch   4.08ns/op serial   7.40ns/op cold p50    60.0ns
  h3_pef             build p50       8.3us open p50       9.2us ser      97260B res      97560B batch  90.50ns/op serial  89.86ns/op cold p50   169.7ns
  h4_ptrhash         build p50     145.7us open p50     160.3us ser     112356B res     114408B batch   6.59ns/op serial  13.17ns/op cold p50    80.0ns
  h5_kbin            build p50      61.2us open p50      78.6us ser     112356B res     129272B batch  15.41ns/op serial  18.27ns/op cold p50    80.0ns
[bench] dataset real-seg7-n2070 n=2070 U/n=3.13
  h0_hashmap_sip     build p50      46.8us open p50      67.2us ser     115940B res     250120B batch  12.36ns/op serial  16.76ns/op cold p50   110.0ns
  h0f_hashmap_fold   build p50      20.5us open p50      41.6us ser     115940B res     250112B batch   5.90ns/op serial  11.84ns/op cold p50    80.0ns
  h1_sorted          build p50       3.3us open p50      12.3us ser     115940B res     115968B batch  22.69ns/op serial  31.98ns/op cold p50   110.0ns
  h2_bitrank         build p50       4.5us open p50       9.5us ser     100212B res     100552B batch   4.32ns/op serial   7.64ns/op cold p50    60.0ns
  h3_pef             build p50       8.6us open p50       9.4us ser     100393B res     100720B batch  93.86ns/op serial  90.80ns/op cold p50   170.0ns
  h4_ptrhash         build p50     146.2us open p50     167.0us ser     115940B res     118013B batch   6.49ns/op serial  13.08ns/op cold p50    80.0ns
  h5_kbin            build p50      86.2us open p50     109.6us ser     115940B res     134904B batch  15.96ns/op serial  18.84ns/op cold p50    90.0ns
[bench] dataset real-seg8-n1976 n=1976 U/n=3.48
  h0_hashmap_sip     build p50      51.2us open p50      68.1us ser     110676B res     249368B batch  16.00ns/op serial  16.84ns/op cold p50   100.0ns
  h0f_hashmap_fold   build p50      20.6us open p50      39.4us ser     110676B res     249360B batch   5.69ns/op serial  11.73ns/op cold p50    90.0ns
[quiet-guard] contended (load1=7.05 procs=[]); sleeping 5s
[quiet-guard] contended (load1=6.56 procs=[]); sleeping 5s
[quiet-guard] contended (load1=6.20 procs=[]); sleeping 5s
[quiet-guard] contended (load1=6.02 procs=[]); sleeping 5s
[quiet-guard] contended (load1=6.58 procs=[]); sleeping 5s
[quiet-guard] contended (load1=6.53 procs=[]); sleeping 5s
[quiet-guard] contended (load1=6.81 procs=[]); sleeping 5s
[quiet-guard] contended (load1=7.31 procs=[]); sleeping 5s
[quiet-guard] contended (load1=6.96 procs=[]); sleeping 5s
[quiet-guard] contended (load1=6.81 procs=[]); sleeping 5s
[quiet-guard] contended (load1=6.58 procs=[]); sleeping 5s
[quiet-guard] contended (load1=6.69 procs=[]); sleeping 5s
[quiet-guard] contended (load1=7.28 procs=[]); sleeping 5s
[quiet-guard] contended (load1=7.02 procs=[]); sleeping 5s
[quiet-guard] contended (load1=6.77 procs=[]); sleeping 5s
[quiet-guard] contended (load1=6.63 procs=[]); sleeping 5s
[quiet-guard] contended (load1=6.26 procs=[]); sleeping 5s
[quiet-guard] contended (load1=6.00 procs=[]); sleeping 5s
[quiet-guard] contended (load1=6.56 procs=[]); sleeping 5s
[quiet-guard] contended (load1=6.68 procs=[]); sleeping 5s
[quiet-guard] contended (load1=6.22 procs=[]); sleeping 5s
  h1_sorted          build p50       3.2us open p50      11.7us ser     110676B res     110704B batch  18.53ns/op serial  30.58ns/op cold p50   110.0ns
  h2_bitrank         build p50       3.9us open p50       9.3us ser      95748B res      96104B batch   4.45ns/op serial   7.49ns/op cold p50    60.0ns
  h3_pef             build p50       8.7us open p50       9.1us ser      95868B res      96168B batch  91.86ns/op serial  90.54ns/op cold p50   170.0ns
  h4_ptrhash         build p50     140.6us open p50     166.6us ser     110676B res     112662B batch   8.14ns/op serial  14.10ns/op cold p50    80.0ns
  h5_kbin            build p50      62.4us open p50      77.1us ser     110676B res     127448B batch  15.63ns/op serial  18.59ns/op cold p50   100.0ns
[bench] dataset real-seg9-n2015 n=2015 U/n=3.63
  h0_hashmap_sip     build p50      44.8us open p50      65.7us ser     112860B res     249680B batch  12.17ns/op serial  17.27ns/op cold p50   100.0ns
  h0f_hashmap_fold   build p50      19.9us open p50      39.4us ser     112860B res     249672B batch   5.96ns/op serial  11.76ns/op cold p50    80.0ns
  h1_sorted          build p50       3.8us open p50      14.8us ser     112860B res     112888B batch  18.74ns/op serial  29.63ns/op cold p50   130.0ns
  h2_bitrank         build p50       4.1us open p50       9.5us ser      97676B res      98050B batch   4.18ns/op serial   7.58ns/op cold p50    60.0ns
  h3_pef             build p50       9.4us open p50      10.4us ser      97764B res      98064B batch  93.58ns/op serial  92.48ns/op cold p50   170.0ns
  h4_ptrhash         build p50     171.4us open p50     185.0us ser     112860B res     114915B batch   6.57ns/op serial  13.26ns/op cold p50    90.0ns
  h5_kbin            build p50      63.3us open p50      79.8us ser     112860B res     129768B batch  15.87ns/op serial  19.39ns/op cold p50    90.0ns
[bench] dataset real-seg10-n2046 n=2046 U/n=3.74
  h0_hashmap_sip     build p50      45.7us open p50      67.0us ser     114596B res     249928B batch  12.36ns/op serial  16.88ns/op cold p50   100.0ns
  h0f_hashmap_fold   build p50      20.8us open p50      40.9us ser     114596B res     249920B batch   5.48ns/op serial  11.75ns/op cold p50    90.0ns
  h1_sorted          build p50       3.4us open p50      12.0us ser     114596B res     114624B batch  18.87ns/op serial  31.61ns/op cold p50   120.0ns
  h2_bitrank         build p50       4.1us open p50       9.5us ser      99204B res      99588B batch   4.44ns/op serial   8.29ns/op cold p50    60.0ns
  h3_pef             build p50      12.6us open p50      13.0us ser      99276B res      99576B batch  95.25ns/op serial  93.72ns/op cold p50   180.0ns
  h4_ptrhash         build p50     171.5us open p50     193.4us ser     114596B res     116661B batch   6.52ns/op serial  13.05ns/op cold p50    80.0ns
  h5_kbin            build p50      71.9us open p50      79.9us ser     114596B res     131704B batch  15.34ns/op serial  18.65ns/op cold p50    80.0ns
[bench] dataset real-seg11-n2046 n=2046 U/n=3.89
  h0_hashmap_sip     build p50      45.7us open p50      82.6us ser     114596B res     249928B batch  12.43ns/op serial  16.76ns/op cold p50   100.0ns
  h0f_hashmap_fold   build p50      20.0us open p50      41.1us ser     114596B res     249920B batch   6.08ns/op serial  11.52ns/op cold p50    90.0ns
  h1_sorted          build p50       3.4us open p50      12.1us ser     114596B res     114624B batch  19.28ns/op serial  30.05ns/op cold p50   110.0ns
  h2_bitrank         build p50       4.7us open p50       9.3us ser      99244B res      99642B batch   4.03ns/op serial   7.50ns/op cold p50    60.0ns
  h3_pef             build p50       8.7us open p50       9.2us ser      99284B res      99584B batch 100.40ns/op serial  98.61ns/op cold p50   180.0ns
  h4_ptrhash         build p50     198.2us open p50     185.1us ser     114596B res     116661B batch   6.48ns/op serial  13.15ns/op cold p50    80.0ns
  h5_kbin            build p50      63.7us open p50      79.3us ser     114596B res     131704B batch  15.52ns/op serial  18.36ns/op cold p50    90.0ns
[bench] dataset real-seg12-n2035 n=2035 U/n=4.06
[quiet-guard] contended (load1=7.54 procs=[]); sleeping 5s
[quiet-guard] contended (load1=8.37 procs=[]); sleeping 5s
[quiet-guard] contended (load1=8.18 procs=[]); sleeping 5s
[quiet-guard] contended (load1=8.09 procs=[]); sleeping 5s
[quiet-guard] contended (load1=7.76 procs=[]); sleeping 5s
[quiet-guard] contended (load1=7.38 procs=[]); sleeping 5s
[quiet-guard] contended (load1=7.43 procs=[]); sleeping 5s
[quiet-guard] contended (load1=7.24 procs=[]); sleeping 5s
[quiet-guard] contended (load1=7.62 procs=[]); sleeping 5s
[quiet-guard] contended (load1=7.49 procs=[]); sleeping 5s
[quiet-guard] contended (load1=7.21 procs=[]); sleeping 5s
[quiet-guard] contended (load1=7.19 procs=[]); sleeping 5s
[quiet-guard] contended (load1=6.93 procs=[]); sleeping 5s
[quiet-guard] contended (load1=6.94 procs=[]); sleeping 5s
[quiet-guard] contended (load1=6.62 procs=[]); sleeping 5s
[quiet-guard] contended (load1=6.57 procs=[]); sleeping 5s
[quiet-guard] contended (load1=6.21 procs=[]); sleeping 5s
  h0_hashmap_sip     build p50      45.8us open p50      67.0us ser     113980B res     249840B batch  12.32ns/op serial  16.69ns/op cold p50   120.0ns
  h0f_hashmap_fold   build p50      20.2us open p50      40.5us ser     113980B res     249832B batch   6.07ns/op serial  11.70ns/op cold p50    90.0ns
  h1_sorted          build p50       3.3us open p50      12.3us ser     113980B res     114008B batch  18.65ns/op serial  29.72ns/op cold p50   120.0ns
[quiet-guard] contended (load1=6.05 procs=[]); sleeping 5s
  h2_bitrank         build p50       4.1us open p50      10.8us ser      98756B res      99168B batch   4.11ns/op serial   7.48ns/op cold p50    60.0ns
  h3_pef             build p50       8.5us open p50      10.1us ser      98772B res      99072B batch  96.79ns/op serial 105.02ns/op cold p50   180.0ns
  h4_ptrhash         build p50     151.1us open p50     170.5us ser     113980B res     116042B batch   6.52ns/op serial  13.26ns/op cold p50    80.0ns
  h5_kbin            build p50      62.2us open p50      79.2us ser     113980B res     130984B batch  16.14ns/op serial  18.64ns/op cold p50    90.0ns
[bench] dataset real-seg13-n2008 n=2008 U/n=4.24
  h0_hashmap_sip     build p50      45.8us open p50      65.3us ser     112468B res     249624B batch  12.21ns/op serial  16.71ns/op cold p50   100.0ns
  h0f_hashmap_fold   build p50      19.5us open p50      39.5us ser     112468B res     249616B batch   5.70ns/op serial  11.91ns/op cold p50    80.0ns
  h1_sorted          build p50       3.3us open p50      12.1us ser     112468B res     112496B batch  18.88ns/op serial  29.66ns/op cold p50   110.0ns
[quiet-guard] contended (load1=6.42 procs=[]); sleeping 5s
[quiet-guard] contended (load1=6.31 procs=[]); sleeping 5s
[quiet-guard] contended (load1=6.04 procs=[]); sleeping 5s
  h2_bitrank         build p50       4.2us open p50       9.5us ser      97492B res      97912B batch   4.31ns/op serial   7.74ns/op cold p50    60.0ns
  h3_pef             build p50       8.6us open p50       9.2us ser      97476B res      97776B batch  95.54ns/op serial  94.53ns/op cold p50   190.0ns
  h4_ptrhash         build p50     178.1us open p50     180.4us ser     112468B res     114521B batch   6.44ns/op serial  13.07ns/op cold p50    80.0ns
[quiet-guard] contended (load1=6.70 procs=[]); sleeping 5s
[quiet-guard] contended (load1=6.48 procs=[]); sleeping 5s
[quiet-guard] contended (load1=6.29 procs=[]); sleeping 5s
[quiet-guard] contended (load1=6.18 procs=[]); sleeping 5s
[quiet-guard] contended (load1=6.25 procs=[]); sleeping 5s
[quiet-guard] contended (load1=6.07 procs=[]); sleeping 5s
[quiet-guard] contended (load1=6.06 procs=[]); sleeping 5s
  h5_kbin            build p50      61.5us open p50      78.9us ser     112468B res     129368B batch  15.91ns/op serial  18.23ns/op cold p50    80.0ns
[bench] dataset real-seg14-n2033 n=2033 U/n=4.29
  h0_hashmap_sip     build p50      45.6us open p50      66.8us ser     113868B res     249824B batch  12.40ns/op serial  16.83ns/op cold p50   100.0ns
  h0f_hashmap_fold   build p50      19.5us open p50      40.2us ser     113868B res     249816B batch   7.16ns/op serial  12.32ns/op cold p50    80.0ns
[quiet-guard] contended (load1=6.14 procs=[]); sleeping 5s
[quiet-guard] contended (load1=7.57 procs=[]); sleeping 5s
[quiet-guard] contended (load1=7.28 procs=[]); sleeping 5s
[quiet-guard] contended (load1=7.10 procs=[]); sleeping 5s
[quiet-guard] contended (load1=6.77 procs=[]); sleeping 5s
[quiet-guard] contended (load1=7.27 procs=[]); sleeping 5s
[quiet-guard] contended (load1=6.85 procs=[]); sleeping 5s
[quiet-guard] contended (load1=6.38 procs=[]); sleeping 5s
[quiet-guard] contended (load1=6.03 procs=[]); sleeping 5s
  h1_sorted          build p50       3.2us open p50      12.5us ser     113868B res     113896B batch  18.61ns/op serial  30.29ns/op cold p50   130.0ns
  h2_bitrank         build p50       4.1us open p50       9.4us ser      98716B res      99146B batch   4.24ns/op serial   7.57ns/op cold p50    60.0ns
  h3_pef             build p50       8.7us open p50       9.1us ser      98708B res      99008B batch  96.84ns/op serial  95.55ns/op cold p50   179.7ns
  h4_ptrhash         build p50     174.5us open p50     170.0us ser     113868B res     115929B batch   6.65ns/op serial  13.23ns/op cold p50    80.0ns
  h5_kbin            build p50      69.6us open p50      79.8us ser     113868B res     130888B batch  15.90ns/op serial  18.64ns/op cold p50    90.0ns
[bench] dataset real-seg15-n1900 n=1900 U/n=4.71
  h0_hashmap_sip     build p50      42.4us open p50      62.0us ser     106420B res     248760B batch  12.59ns/op serial  16.91ns/op cold p50   110.0ns
  h0f_hashmap_fold   build p50      18.4us open p50      37.7us ser     106420B res     248752B batch   5.43ns/op serial  11.55ns/op cold p50    80.0ns
[quiet-guard] contended (load1=6.71 procs=[]); sleeping 5s
[quiet-guard] contended (load1=6.33 procs=[]); sleeping 5s
[quiet-guard] contended (load1=6.23 procs=[]); sleeping 5s
  h1_sorted          build p50       3.1us open p50      11.4us ser     106420B res     106448B batch  18.84ns/op serial  29.54ns/op cold p50   120.0ns
  h2_bitrank         build p50       3.8us open p50       9.1us ser      92356B res      92792B batch   4.57ns/op serial   8.33ns/op cold p50    60.0ns
  h3_pef             build p50      11.4us open p50      12.5us ser      92284B res      92584B batch  94.83ns/op serial  94.38ns/op cold p50   180.0ns
  h4_ptrhash         build p50     168.2us open p50     175.1us ser     106420B res     108381B batch   6.66ns/op serial  13.18ns/op cold p50    80.0ns
  h5_kbin            build p50      59.3us open p50      74.6us ser     106420B res     122776B batch  15.42ns/op serial  18.22ns/op cold p50    80.0ns
[bench] dataset real-seg16-n1659 n=1659 U/n=5.51
  h0_hashmap_sip     build p50      37.8us open p50      53.7us ser      92924B res     130096B batch  14.15ns/op serial  18.23ns/op cold p50    90.0ns
  h0f_hashmap_fold   build p50      23.6us open p50      40.7us ser      92924B res     130088B batch  10.17ns/op serial  15.61ns/op cold p50    80.0ns
  h1_sorted          build p50       2.6us open p50      10.0us ser      92924B res      92952B batch  18.41ns/op serial  29.60ns/op cold p50   110.0ns
  h2_bitrank         build p50       3.4us open p50       8.0us ser      80812B res      81254B batch   4.10ns/op serial   7.34ns/op cold p50    60.0ns
  h3_pef             build p50       7.3us open p50       7.7us ser      80631B res      80904B batch  95.27ns/op serial  95.17ns/op cold p50   189.7ns
  h4_ptrhash         build p50     137.2us open p50     203.1us ser      92924B res      94636B batch   6.58ns/op serial  12.93ns/op cold p50    80.0ns
  h5_kbin            build p50      52.2us open p50      65.3us ser      92924B res     108136B batch  15.46ns/op serial  18.36ns/op cold p50    90.0ns
[bench] dataset real-seg17-n1628 n=1628 U/n=5.73
  h0_hashmap_sip     build p50      37.1us open p50      53.2us ser      91188B res     129848B batch  14.57ns/op serial  18.59ns/op cold p50    90.0ns
  h0f_hashmap_fold   build p50      19.8us open p50      36.4us ser      91188B res     129840B batch   9.21ns/op serial  14.94ns/op cold p50    80.0ns
  h1_sorted          build p50       2.5us open p50       9.7us ser      91188B res      91216B batch  18.49ns/op serial  29.35ns/op cold p50   100.0ns
  h2_bitrank         build p50       3.5us open p50       8.1us ser      79348B res      79800B batch   5.17ns/op serial   7.90ns/op cold p50    60.0ns
[quiet-guard] contended (load1=6.44 procs=[]); sleeping 5s
[quiet-guard] contended (load1=6.24 procs=[]); sleeping 5s
  h3_pef             build p50       7.9us open p50       8.1us ser      79151B res      79424B batch  94.05ns/op serial  94.05ns/op cold p50   180.0ns
  h4_ptrhash         build p50     139.3us open p50     151.9us ser      91188B res      92890B batch   6.46ns/op serial  13.02ns/op cold p50    80.0ns
  h5_kbin            build p50      50.9us open p50      64.0us ser      91188B res     106264B batch  15.44ns/op serial  18.00ns/op cold p50    80.0ns
[bench] dataset real-seg18-n1254 n=1254 U/n=7.57
  h0_hashmap_sip     build p50      29.1us open p50      40.3us ser      70244B res     126856B batch  12.16ns/op serial  16.48ns/op cold p50    90.0ns
  h0f_hashmap_fold   build p50      13.7us open p50      25.6us ser      70244B res     126848B batch   6.60ns/op serial  12.20ns/op cold p50    80.0ns
  h1_sorted          build p50       1.9us open p50       7.7us ser      70244B res      70272B batch  18.45ns/op serial  29.21ns/op cold p50    90.0ns
  h2_bitrank         build p50       2.4us open p50       6.0us ser      61420B res      61878B batch   4.88ns/op serial   7.34ns/op cold p50    60.0ns
  h3_pef             build p50       6.8us open p50       8.0us ser      61045B res      61264B batch  92.10ns/op serial  93.59ns/op cold p50   189.7ns
  h4_ptrhash         build p50     103.8us open p50     120.3us ser      70244B res      71597B batch   6.59ns/op serial  12.74ns/op cold p50    80.0ns
  h5_kbin            build p50      50.0us open p50      62.4us ser      70244B res      80376B batch  14.95ns/op serial  17.76ns/op cold p50    89.7ns
[bench] dataset real-seg19-n994 n=994 U/n=9.69
[quiet-guard] contended (load1=6.01 procs=[]); sleeping 5s
[quiet-guard] contended (load1=6.33 procs=[]); sleeping 5s
[quiet-guard] contended (load1=6.22 procs=[]); sleeping 5s
[quiet-guard] contended (load1=6.05 procs=[]); sleeping 5s
  h0_hashmap_sip     build p50      22.8us open p50      31.8us ser      55684B res     124776B batch  11.89ns/op serial  16.25ns/op cold p50    90.0ns
  h0f_hashmap_fold   build p50      10.8us open p50      19.9us ser      55684B res     124768B batch   5.71ns/op serial  11.41ns/op cold p50    80.0ns
  h1_sorted          build p50       1.5us open p50       5.9us ser      55684B res      55712B batch  16.63ns/op serial  26.35ns/op cold p50    80.0ns
  h2_bitrank         build p50       2.0us open p50       6.2us ser      48956B res      49418B batch   4.00ns/op serial   7.05ns/op cold p50    60.0ns
  h3_pef             build p50       4.2us open p50       4.6us ser      48456B res      48648B batch  89.06ns/op serial  88.99ns/op cold p50   170.0ns
  h4_ptrhash         build p50      85.4us open p50      96.3us ser      55684B res      56839B batch   6.36ns/op serial  12.76ns/op cold p50    70.0ns
  h5_kbin            build p50      31.3us open p50      39.5us ser      55684B res      64120B batch  14.86ns/op serial  17.21ns/op cold p50    80.0ns
[bench] dataset real-seg20-n1048 n=1048 U/n=9.29
  h0_hashmap_sip     build p50      23.5us open p50      33.6us ser      58708B res     125208B batch  15.20ns/op serial  17.07ns/op cold p50    90.0ns
  h0f_hashmap_fold   build p50      11.3us open p50      20.6us ser      58708B res     125200B batch   6.56ns/op serial  11.90ns/op cold p50    80.0ns
  h1_sorted          build p50       1.6us open p50       6.2us ser      58708B res      58736B batch  18.40ns/op serial  28.88ns/op cold p50    90.0ns
[quiet-guard] contended (load1=7.30 procs=[]); sleeping 5s
[quiet-guard] contended (load1=6.88 procs=[]); sleeping 5s
[quiet-guard] contended (load1=6.48 procs=[]); sleeping 5s
[quiet-guard] contended (load1=6.05 procs=[]); sleeping 5s
  h2_bitrank         build p50       2.1us open p50       5.1us ser      51564B res      52034B batch   5.18ns/op serial   8.45ns/op cold p50    60.0ns
  h3_pef             build p50       4.4us open p50       4.7us ser      51085B res      51304B batch  99.84ns/op serial 105.22ns/op cold p50   170.0ns
  h4_ptrhash         build p50     120.2us open p50     114.1us ser      58708B res      59881B batch   6.47ns/op serial  12.95ns/op cold p50    80.0ns
[quiet-guard] contended (load1=7.02 procs=[]); sleeping 5s
[quiet-guard] contended (load1=6.62 procs=[]); sleeping 5s
[quiet-guard] contended (load1=6.25 procs=[]); sleeping 5s
  h5_kbin            build p50      33.4us open p50      41.8us ser      58708B res      67416B batch  14.80ns/op serial  17.73ns/op cold p50    80.0ns
[bench] dataset real-seg21-n1045 n=1045 U/n=9.43
  h0_hashmap_sip     build p50      27.8us open p50      33.8us ser      58540B res     125184B batch  12.30ns/op serial  16.49ns/op cold p50    90.0ns
  h0f_hashmap_fold   build p50      10.9us open p50      23.9us ser      58540B res     125176B batch   6.17ns/op serial  11.79ns/op cold p50    80.0ns
  h1_sorted          build p50       1.5us open p50       6.2us ser      58540B res      58568B batch  18.50ns/op serial  29.31ns/op cold p50    90.0ns
  h2_bitrank         build p50       2.1us open p50       5.1us ser      51428B res      51900B batch   4.19ns/op serial   7.23ns/op cold p50    60.0ns
  h3_pef             build p50       4.5us open p50       4.7us ser      50941B res      51160B batch  90.84ns/op serial  90.65ns/op cold p50   180.0ns
  h4_ptrhash         build p50      95.6us open p50     110.0us ser      58540B res      59712B batch   6.48ns/op serial  12.64ns/op cold p50    79.7ns
  h5_kbin            build p50      34.9us open p50      42.9us ser      58540B res      70792B batch  15.27ns/op serial  17.88ns/op cold p50    89.7ns
[bench] dataset real-seg22-n1021 n=1021 U/n=9.75
  h0_hashmap_sip     build p50      23.9us open p50      33.1us ser      57196B res     124992B batch  13.40ns/op serial  16.23ns/op cold p50    90.0ns
  h0f_hashmap_fold   build p50      12.3us open p50      21.4us ser      57196B res     124984B batch   5.50ns/op serial  11.20ns/op cold p50    80.0ns
[quiet-guard] contended (load1=7.32 procs=[]); sleeping 5s
[quiet-guard] contended (load1=8.10 procs=[]); sleeping 5s
[quiet-guard] contended (load1=7.77 procs=[]); sleeping 5s
[quiet-guard] contended (load1=7.63 procs=[]); sleeping 5s
[quiet-guard] contended (load1=7.42 procs=[]); sleeping 5s
[quiet-guard] contended (load1=7.38 procs=[]); sleeping 5s
[quiet-guard] contended (load1=7.91 procs=[]); sleeping 5s
[quiet-guard] contended (load1=7.76 procs=[]); sleeping 5s
[quiet-guard] contended (load1=7.54 procs=[]); sleeping 5s
[quiet-guard] contended (load1=7.18 procs=[]); sleeping 5s
[quiet-guard] contended (load1=6.84 procs=[]); sleeping 5s
[quiet-guard] contended (load1=7.57 procs=[]); sleeping 5s
[quiet-guard] contended (load1=7.21 procs=[]); sleeping 5s
[quiet-guard] contended (load1=8.63 procs=[]); sleeping 5s
[quiet-guard] contended (load1=8.10 procs=[]); sleeping 5s
[quiet-guard] contended (load1=7.69 procs=[]); sleeping 5s
[quiet-guard] contended (load1=7.16 procs=[]); sleeping 5s
[quiet-guard] contended (load1=7.14 procs=[]); sleeping 5s
[quiet-guard] contended (load1=6.97 procs=[]); sleeping 5s
[quiet-guard] contended (load1=6.65 procs=[]); sleeping 5s
[quiet-guard] contended (load1=6.20 procs=[]); sleeping 5s
  h1_sorted          build p50       1.5us open p50       6.2us ser      57196B res      57224B batch  16.56ns/op serial  26.71ns/op cold p50    90.0ns
  h2_bitrank         build p50       2.0us open p50       5.0us ser      50292B res      50768B batch   4.28ns/op serial   7.16ns/op cold p50    60.0ns
  h3_pef             build p50       5.2us open p50       4.6us ser      49768B res      49960B batch  89.86ns/op serial  91.12ns/op cold p50   170.0ns
[quiet-guard] contended (load1=6.12 procs=[]); sleeping 5s
  h4_ptrhash         build p50      91.7us open p50     102.7us ser      57196B res      58360B batch   6.64ns/op serial  12.77ns/op cold p50    79.7ns
  h5_kbin            build p50      32.9us open p50      41.5us ser      57196B res      65800B batch  14.70ns/op serial  17.46ns/op cold p50    90.0ns
[bench] dataset real-seg23-n794 n=794 U/n=12.65
  h0_hashmap_sip     build p50      22.4us open p50      28.1us ser      44484B res      64808B batch  13.55ns/op serial  18.12ns/op cold p50    90.0ns
  h0f_hashmap_fold   build p50       8.9us open p50      16.1us ser      44484B res      64800B batch   8.53ns/op serial  13.81ns/op cold p50    70.0ns
  h1_sorted          build p50       1.2us open p50       4.8us ser      44484B res      44512B batch  16.44ns/op serial  27.75ns/op cold p50    70.0ns
  h2_bitrank         build p50       1.7us open p50       4.1us ser      39404B res      39882B batch   4.39ns/op serial   7.08ns/op cold p50    60.0ns
  h3_pef             build p50       3.4us open p50       3.7us ser      38760B res      38952B batch  95.83ns/op serial  94.97ns/op cold p50   170.0ns
[quiet-guard] contended (load1=6.05 procs=[]); sleeping 5s
  h4_ptrhash         build p50      79.3us open p50      84.5us ser      44484B res      45460B batch   6.40ns/op serial  12.35ns/op cold p50    70.0ns
  h5_kbin            build p50      25.8us open p50      33.4us ser      44484B res      51960B batch  14.74ns/op serial  17.24ns/op cold p50    80.0ns
[bench] dataset real-seg24-n529 n=529 U/n=19.10
  h0_hashmap_sip     build p50      11.8us open p50      21.1us ser      29644B res      62688B batch  11.92ns/op serial  15.80ns/op cold p50    80.0ns
[quiet-guard] contended (load1=7.57 procs=[]); sleeping 5s
[quiet-guard] contended (load1=7.36 procs=[]); sleeping 5s
[quiet-guard] contended (load1=7.89 procs=[]); sleeping 5s
[quiet-guard] contended (load1=7.82 procs=[]); sleeping 5s
[quiet-guard] contended (load1=7.52 procs=[]); sleeping 5s
[quiet-guard] contended (load1=7.47 procs=[]); sleeping 5s
[quiet-guard] contended (load1=8.08 procs=[]); sleeping 5s
[quiet-guard] contended (load1=7.99 procs=[]); sleeping 5s
[quiet-guard] contended (load1=7.59 procs=[]); sleeping 5s
[quiet-guard] contended (load1=7.22 procs=[]); sleeping 5s
[quiet-guard] contended (load1=6.96 procs=[]); sleeping 5s
[quiet-guard] contended (load1=7.85 procs=[]); sleeping 5s
[quiet-guard] contended (load1=7.54 procs=[]); sleeping 5s
[quiet-guard] contended (load1=7.34 procs=[]); sleeping 5s
[quiet-guard] contended (load1=6.91 procs=[]); sleeping 5s
[quiet-guard] contended (load1=6.35 procs=[]); sleeping 5s
[quiet-guard] contended (load1=6.01 procs=[]); sleeping 5s
  h0f_hashmap_fold   build p50       5.9us open p50      10.9us ser      29644B res      62680B batch   5.80ns/op serial  11.07ns/op cold p50    70.0ns
  h1_sorted          build p50       0.9us open p50       3.2us ser      29644B res      29672B batch  16.74ns/op serial  25.73ns/op cold p50    70.0ns
  h2_bitrank         build p50       1.4us open p50       2.9us ser      26692B res      27172B batch   4.02ns/op serial   6.83ns/op cold p50    60.0ns
  h3_pef             build p50       2.3us open p50       2.8us ser      25883B res      26048B batch  84.42ns/op serial  84.43ns/op cold p50   150.0ns
  h4_ptrhash         build p50      78.0us open p50      68.6us ser      29644B res      30364B batch   6.38ns/op serial  12.79ns/op cold p50    70.0ns
  h5_kbin            build p50      16.9us open p50      20.7us ser      29644B res      34056B batch  14.00ns/op serial  15.58ns/op cold p50    80.0ns
[bench] dataset real-seg25-n554 n=554 U/n=18.34
  h0_hashmap_sip     build p50      12.3us open p50      17.7us ser      31044B res      62888B batch  12.04ns/op serial  16.05ns/op cold p50    80.0ns
  h0f_hashmap_fold   build p50       5.7us open p50      11.1us ser      31044B res      62880B batch   6.76ns/op serial  11.86ns/op cold p50    70.0ns
  h1_sorted          build p50       0.8us open p50       3.4us ser      31044B res      31072B batch  16.20ns/op serial  25.69ns/op cold p50    70.0ns
  h2_bitrank         build p50       1.3us open p50       3.0us ser      27900B res      28382B batch   3.97ns/op serial   6.56ns/op cold p50    60.0ns
  h3_pef             build p50       2.4us open p50       2.6us ser      27091B res      27256B batch  85.21ns/op serial  84.08ns/op cold p50   160.0ns
  h4_ptrhash         build p50      72.5us open p50      77.2us ser      31044B res      31772B batch   6.53ns/op serial  12.26ns/op cold p50    70.0ns
  h5_kbin            build p50      17.6us open p50      21.9us ser      31044B res      35576B batch  14.21ns/op serial  16.64ns/op cold p50    80.0ns
[bench] dataset real-seg26-n109 n=109 U/n=93.29
  h0_hashmap_sip     build p50       2.5us open p50       3.8us ser       6124B res       8256B batch  11.86ns/op serial  15.42ns/op cold p50    20.0ns
  h0f_hashmap_fold   build p50       1.5us open p50       2.4us ser       6124B res       8248B batch   6.61ns/op serial  11.35ns/op cold p50    10.0ns
  h1_sorted          build p50       0.2us open p50       0.8us ser       6124B res       6152B batch  11.75ns/op serial  18.60ns/op cold p50    10.0ns
  h2_bitrank: skipped (U/n = 93.3 > 64)
  h3_pef             build p50       0.5us open p50       0.6us ser       5417B res       5528B batch  59.08ns/op serial  59.13ns/op cold p50   100.0ns
  h4_ptrhash         build p50      33.2us open p50      34.6us ser       6124B res       6480B batch   6.41ns/op serial  11.74ns/op cold p50    50.0ns
  h5_kbin            build p50       3.1us open p50       4.2us ser       6124B res       6952B batch  13.12ns/op serial  14.56ns/op cold p50    50.0ns
[bench] tsc 0.2500 ns/tick, overhead 80 ticks; quick=false
[bench] real segments:
  seg   1  n=7839    min=1        max=7839     U/n=1.00
  seg   2  n=7947    min=1        max=12369    U/n=1.56
  seg   3  n=8056    min=1        max=15973    U/n=1.98
  seg   4  n=7983    min=1        max=18733    U/n=2.35
  seg   5  n=7877    min=1        max=21010    U/n=2.67
  seg   6  n=8003    min=1        max=22991    U/n=2.87
  seg   7  n=7976    min=1        max=24602    U/n=3.08
  seg   8  n=7963    min=1        max=26019    U/n=3.27
  seg   9  n=7839    min=1        max=27341    U/n=3.49
  seg  10  n=6927    min=1        max=28468    U/n=4.11
  seg  11  n=5281    min=2        max=29349    U/n=5.56
  seg  12  n=4217    min=2        max=30089    U/n=7.13
  seg  13  n=1704    min=2        max=30345    U/n=17.81

[bench] dataset real-seg1-n7839 n=7839 U/n=1.00
  h0_hashmap_sip     build p50     188.4us open p50     283.0us ser     439004B res     996688B batch  18.26ns/op serial  21.69ns/op cold p50   179.8ns
  h0f_hashmap_fold   build p50     127.1us open p50     216.7us ser     439004B res     996680B batch   5.90ns/op serial  15.27ns/op cold p50   169.8ns
  h1_sorted          build p50      14.3us open p50      45.4us ser     439004B res     439032B batch  25.42ns/op serial  39.13ns/op cold p50   310.0ns
  h2_bitrank         build p50      15.4us open p50      34.3us ser     377292B res     377686B batch   4.50ns/op serial   8.77ns/op cold p50    70.0ns
  h3_pef             build p50      31.5us open p50      34.5us ser     378679B res     379600B batch  65.21ns/op serial  58.55ns/op cold p50   130.0ns
  h4_ptrhash         build p50     572.6us open p50     667.2us ser     439004B res     446304B batch   7.04ns/op serial  15.13ns/op cold p50   110.0ns
  h5_kbin            build p50     252.7us open p50     340.7us ser     439004B res     505384B batch  17.62ns/op serial  22.29ns/op cold p50   100.0ns
[bench] dataset real-seg2-n7947 n=7947 U/n=1.56
  h0_hashmap_sip     build p50     418.2us open p50     382.8us ser     445052B res     997552B batch  14.65ns/op serial  20.12ns/op cold p50   190.0ns
  h0f_hashmap_fold   build p50     115.6us open p50     175.3us ser     445052B res     997544B batch   7.93ns/op serial  15.02ns/op cold p50   160.0ns
  h1_sorted          build p50      14.4us open p50      46.9us ser     445052B res     445080B batch  25.39ns/op serial  40.15ns/op cold p50   340.0ns
[quiet-guard] contended (load1=7.34 procs=[]); sleeping 5s
[quiet-guard] contended (load1=7.40 procs=[]); sleeping 5s
[quiet-guard] contended (load1=7.44 procs=[]); sleeping 5s
[quiet-guard] contended (load1=7.17 procs=[]); sleeping 5s
[quiet-guard] contended (load1=7.48 procs=[]); sleeping 5s
[quiet-guard] contended (load1=7.20 procs=[]); sleeping 5s
[quiet-guard] contended (load1=6.86 procs=[]); sleeping 5s
[quiet-guard] contended (load1=6.63 procs=[]); sleeping 5s
[quiet-guard] contended (load1=6.42 procs=[]); sleeping 5s
  h2_bitrank         build p50      15.4us open p50      35.1us ser     383044B res     383616B batch   4.37ns/op serial   8.91ns/op cold p50    70.0ns
  h3_pef             build p50      34.2us open p50      35.6us ser     384380B res     385328B batch  92.53ns/op serial  92.31ns/op cold p50   170.0ns
  h4_ptrhash         build p50     582.7us open p50     677.8us ser     445052B res     452444B batch   7.44ns/op serial  15.73ns/op cold p50   140.0ns
  h5_kbin            build p50     257.6us open p50     339.3us ser     445052B res     511976B batch  17.33ns/op serial  22.43ns/op cold p50    90.0ns
[bench] dataset real-seg3-n8056 n=8056 U/n=1.98
[quiet-guard] contended (load1=7.27 procs=[]); sleeping 5s
[quiet-guard] contended (load1=6.93 procs=[]); sleeping 5s
[quiet-guard] contended (load1=6.53 procs=[]); sleeping 5s
[quiet-guard] contended (load1=6.17 procs=[]); sleeping 5s
[quiet-guard] contended (load1=6.00 procs=[]); sleeping 5s
  h0_hashmap_sip     build p50     206.3us open p50     289.8us ser     451156B res     998424B batch  15.24ns/op serial  20.55ns/op cold p50   180.0ns
  h0f_hashmap_fold   build p50     104.8us open p50     165.2us ser     451156B res     998416B batch   8.07ns/op serial  17.31ns/op cold p50   160.0ns
  h1_sorted          build p50      17.5us open p50      60.9us ser     451156B res     451184B batch  25.68ns/op serial  40.19ns/op cold p50   330.0ns
[quiet-guard] contended (load1=6.99 procs=[]); sleeping 5s
[quiet-guard] contended (load1=6.67 procs=[]); sleeping 5s
[quiet-guard] contended (load1=6.29 procs=[]); sleeping 5s
  h2_bitrank         build p50      17.0us open p50      35.7us ser     388724B res     389436B batch   4.40ns/op serial   9.04ns/op cold p50    70.0ns
  h3_pef             build p50      33.9us open p50      35.4us ser     389916B res     390864B batch 107.57ns/op serial 103.04ns/op cold p50   190.0ns
  h4_ptrhash         build p50     584.8us open p50     680.8us ser     451156B res     458641B batch   7.11ns/op serial  15.43ns/op cold p50   140.0ns
[quiet-guard] contended (load1=6.20 procs=[]); sleeping 5s
  h5_kbin            build p50     260.7us open p50     348.3us ser     451156B res     518616B batch  17.57ns/op serial  22.57ns/op cold p50    90.0ns
[bench] dataset real-seg4-n7983 n=7983 U/n=2.35
  h0_hashmap_sip     build p50     201.2us open p50     302.0us ser     447068B res     997840B batch  14.54ns/op serial  20.54ns/op cold p50   180.0ns
  h0f_hashmap_fold   build p50     105.5us open p50     171.7us ser     447068B res     997832B batch   6.86ns/op serial  15.25ns/op cold p50   160.0ns
[quiet-guard] contended (load1=6.11 procs=[]); sleeping 5s
[quiet-guard] contended (load1=6.34 procs=[]); sleeping 5s
[quiet-guard] contended (load1=7.92 procs=[]); sleeping 5s
[quiet-guard] contended (load1=7.60 procs=[]); sleeping 5s
[quiet-guard] contended (load1=7.39 procs=[]); sleeping 5s
[quiet-guard] contended (load1=7.12 procs=[]); sleeping 5s
[quiet-guard] contended (load1=6.87 procs=[]); sleeping 5s
[quiet-guard] contended (load1=6.56 procs=[]); sleeping 5s
[quiet-guard] contended (load1=6.76 procs=[]); sleeping 5s
[quiet-guard] contended (load1=7.34 procs=[]); sleeping 5s
[quiet-guard] contended (load1=7.31 procs=[]); sleeping 5s
[quiet-guard] contended (load1=7.12 procs=[]); sleeping 5s
[quiet-guard] contended (load1=6.87 procs=[]); sleeping 5s
[quiet-guard] contended (load1=6.64 procs=[]); sleeping 5s
[quiet-guard] contended (load1=6.35 procs=[]); sleeping 5s
[quiet-guard] contended (load1=6.00 procs=[]); sleeping 5s
  h1_sorted          build p50      14.5us open p50      46.5us ser     447068B res     447096B batch  26.31ns/op serial  40.34ns/op cold p50   350.0ns
  h2_bitrank         build p50      15.7us open p50      35.6us ser     385564B res     386382B batch   4.27ns/op serial   8.83ns/op cold p50    70.0ns
  h3_pef             build p50      34.2us open p50      35.3us ser     386596B res     387544B batch 107.61ns/op serial 106.88ns/op cold p50   190.0ns
  h4_ptrhash         build p50     593.5us open p50     682.8us ser     447068B res     454472B batch   7.80ns/op serial  15.38ns/op cold p50   130.0ns
  h5_kbin            build p50     259.1us open p50     345.3us ser     447068B res     514152B batch  20.72ns/op serial  21.74ns/op cold p50   100.0ns
[bench] dataset real-seg5-n7877 n=7877 U/n=2.67
  h0_hashmap_sip     build p50     328.4us open p50     379.1us ser     441132B res     996992B batch  15.33ns/op serial  20.16ns/op cold p50   170.0ns
  h0f_hashmap_fold   build p50      97.4us open p50     177.4us ser     441132B res     996984B batch   6.82ns/op serial  15.18ns/op cold p50   160.0ns
[quiet-guard] contended (load1=6.60 procs=[]); sleeping 5s
[quiet-guard] contended (load1=6.39 procs=[]); sleeping 5s
[quiet-guard] contended (load1=6.04 procs=[]); sleeping 5s
  h1_sorted          build p50      14.4us open p50      46.0us ser     441132B res     441160B batch  25.59ns/op serial  39.77ns/op cold p50   340.0ns
  h2_bitrank         build p50      15.0us open p50      35.0us ser     380764B res     381674B batch   5.07ns/op serial   9.29ns/op cold p50    70.0ns
  h3_pef             build p50      34.1us open p50      38.3us ser     381615B res     382536B batch 108.84ns/op serial 109.45ns/op cold p50   200.0ns
[quiet-guard] contended (load1=6.29 procs=[]); sleeping 5s
[quiet-guard] contended (load1=6.10 procs=[]); sleeping 5s
  h4_ptrhash         build p50     586.1us open p50     659.7us ser     441132B res     448445B batch   7.08ns/op serial  15.34ns/op cold p50   120.0ns
  h5_kbin            build p50     252.5us open p50     337.9us ser     441132B res     507720B batch  17.21ns/op serial  21.98ns/op cold p50    90.0ns
[bench] dataset real-seg6-n8003 n=8003 U/n=2.87
  h0_hashmap_sip     build p50     196.2us open p50     299.1us ser     448188B res     998000B batch  14.84ns/op serial  20.09ns/op cold p50   179.8ns
[quiet-guard] contended (load1=6.43 procs=[]); sleeping 5s
[quiet-guard] contended (load1=6.39 procs=[]); sleeping 5s
[quiet-guard] contended (load1=6.04 procs=[]); sleeping 5s
  h0f_hashmap_fold   build p50     104.2us open p50     174.0us ser     448188B res     997992B batch   5.99ns/op serial  15.77ns/op cold p50   150.0ns
  h1_sorted          build p50      15.4us open p50      46.6us ser     448188B res     448216B batch  26.02ns/op serial  40.27ns/op cold p50   350.0ns
  h2_bitrank         build p50      15.4us open p50      36.0us ser     387060B res     388044B batch   4.58ns/op serial   9.96ns/op cold p50    70.0ns
  h3_pef             build p50      34.4us open p50      35.3us ser     387828B res     388776B batch 113.62ns/op serial 112.46ns/op cold p50   200.0ns
  h4_ptrhash         build p50     552.0us open p50     639.8us ser     448188B res     455599B batch   7.83ns/op serial  15.44ns/op cold p50   140.0ns
  h5_kbin            build p50     262.8us open p50     338.9us ser     448188B res     515368B batch  16.88ns/op serial  22.59ns/op cold p50    99.8ns
[bench] dataset real-seg7-n7976 n=7976 U/n=3.08
  h0_hashmap_sip     build p50     198.4us open p50     273.2us ser     446676B res     997784B batch  14.98ns/op serial  20.59ns/op cold p50   180.0ns
  h0f_hashmap_fold   build p50     184.0us open p50     185.6us ser     446676B res     997776B batch   6.50ns/op serial  15.25ns/op cold p50   160.0ns
  h1_sorted          build p50      14.5us open p50      46.5us ser     446676B res     446704B batch  25.29ns/op serial  40.09ns/op cold p50   350.0ns
  h2_bitrank         build p50      15.3us open p50      38.7us ser     385964B res     387014B batch   4.26ns/op serial   8.92ns/op cold p50    70.0ns
[quiet-guard] contended (load1=6.00 procs=[]); sleeping 5s
[quiet-guard] contended (load1=6.00 procs=[]); sleeping 5s
[quiet-guard] contended (load1=6.16 procs=[]); sleeping 5s
[quiet-guard] contended (load1=7.19 procs=[]); sleeping 5s
[quiet-guard] contended (load1=6.85 procs=[]); sleeping 5s
[quiet-guard] contended (load1=7.02 procs=[]); sleeping 5s
[quiet-guard] contended (load1=6.78 procs=[]); sleeping 5s
[quiet-guard] contended (load1=6.56 procs=[]); sleeping 5s
[quiet-guard] contended (load1=6.27 procs=[]); sleeping 5s
[quiet-guard] contended (load1=6.09 procs=[]); sleeping 5s
  h3_pef             build p50      47.0us open p50      51.7us ser     386612B res     387560B batch 117.76ns/op serial 118.46ns/op cold p50   210.0ns
  h4_ptrhash         build p50     600.1us open p50     666.5us ser     446676B res     454078B batch   8.73ns/op serial  15.32ns/op cold p50   130.0ns
  h5_kbin            build p50     259.2us open p50     349.6us ser     446676B res     513752B batch  18.38ns/op serial  21.93ns/op cold p50   100.0ns
[bench] dataset real-seg8-n7963 n=7963 U/n=3.27
  h0_hashmap_sip     build p50     189.1us open p50     275.6us ser     445948B res     997680B batch  15.30ns/op serial  20.39ns/op cold p50   180.0ns
  h0f_hashmap_fold   build p50      87.9us open p50     169.8us ser     445948B res     997672B batch   6.20ns/op serial  15.54ns/op cold p50   160.0ns
  h1_sorted          build p50      14.4us open p50      46.4us ser     445948B res     445976B batch  25.03ns/op serial  44.09ns/op cold p50   349.8ns
  h2_bitrank         build p50      15.1us open p50      36.0us ser     385516B res     386618B batch   4.39ns/op serial   9.10ns/op cold p50    70.0ns
  h3_pef             build p50      34.5us open p50      35.4us ser     386076B res     387024B batch 116.70ns/op serial 115.91ns/op cold p50   210.0ns
  h4_ptrhash         build p50     611.7us open p50     654.4us ser     445948B res     453346B batch   8.48ns/op serial  15.55ns/op cold p50   140.0ns
  h5_kbin            build p50     260.7us open p50     414.6us ser     445948B res     512936B batch  17.44ns/op serial  22.05ns/op cold p50   100.0ns
[bench] dataset real-seg9-n7839 n=7839 U/n=3.49
  h0_hashmap_sip     build p50     200.4us open p50     272.5us ser     439004B res     996688B batch  14.18ns/op serial  20.63ns/op cold p50   180.0ns
  h0f_hashmap_fold   build p50      93.0us open p50     179.5us ser     439004B res     996680B batch   6.52ns/op serial  15.00ns/op cold p50   160.0ns
  h1_sorted          build p50      14.2us open p50      45.2us ser     439004B res     439032B batch  25.57ns/op serial  41.07ns/op cold p50   370.0ns
[quiet-guard] contended (load1=6.13 procs=[]); sleeping 5s
  h2_bitrank         build p50      16.6us open p50      35.4us ser     379732B res     380888B batch   4.45ns/op serial   8.87ns/op cold p50    70.0ns
  h3_pef             build p50      34.9us open p50      34.7us ser     380135B res     381056B batch 114.87ns/op serial 114.95ns/op cold p50   210.0ns
  h4_ptrhash         build p50     573.3us open p50     650.5us ser     439004B res     446304B batch   7.38ns/op serial  15.71ns/op cold p50   130.0ns
  h5_kbin            build p50     246.3us open p50     335.9us ser     439004B res     505384B batch  17.24ns/op serial  21.71ns/op cold p50    90.0ns
[bench] dataset real-seg10-n6927 n=6927 U/n=4.11
  h0_hashmap_sip     build p50     167.7us open p50     250.9us ser     387932B res     522448B batch  18.29ns/op serial  22.36ns/op cold p50   150.0ns
  h0f_hashmap_fold   build p50      81.4us open p50     160.0us ser     387932B res     522440B batch   8.52ns/op serial  15.95ns/op cold p50   120.0ns
  h1_sorted          build p50      12.8us open p50      43.8us ser     387932B res     387960B batch  26.38ns/op serial  39.84ns/op cold p50   320.0ns
  h2_bitrank         build p50      13.7us open p50      31.6us ser     336092B res     337290B batch   4.48ns/op serial   8.89ns/op cold p50    70.0ns
  h3_pef             build p50      32.1us open p50      30.8us ser     336128B res     336968B batch 124.53ns/op serial 126.51ns/op cold p50   220.0ns
  h4_ptrhash         build p50     494.5us open p50     560.5us ser     387932B res     394368B batch   7.13ns/op serial  15.27ns/op cold p50   100.0ns
  h5_kbin            build p50     217.1us open p50     294.8us ser     387932B res     449960B batch  17.36ns/op serial  21.48ns/op cold p50    90.0ns
[bench] dataset real-seg11-n5281 n=5281 U/n=5.56
  h0_hashmap_sip     build p50     129.4us open p50     205.0us ser     295756B res     509280B batch  13.30ns/op serial  19.17ns/op cold p50   160.0ns
  h0f_hashmap_fold   build p50      52.8us open p50     105.1us ser     295756B res     509272B batch   6.30ns/op serial  13.40ns/op cold p50   120.0ns
  h1_sorted          build p50      10.1us open p50      30.5us ser     295756B res     295784B batch  24.32ns/op serial  40.46ns/op cold p50   299.8ns
  h2_bitrank         build p50      10.2us open p50      26.3us ser     257196B res     258430B batch   4.63ns/op serial  10.99ns/op cold p50    70.0ns
  h3_pef             build p50      28.0us open p50      39.1us ser     256549B res     257200B batch 119.13ns/op serial 118.75ns/op cold p50   210.0ns
[quiet-guard] contended (load1=6.32 procs=[]); sleeping 5s
[quiet-guard] contended (load1=6.06 procs=[]); sleeping 5s
  h4_ptrhash         build p50     417.5us open p50     468.1us ser     295756B res     300748B batch   7.49ns/op serial  14.13ns/op cold p50    90.0ns
  h5_kbin            build p50     170.3us open p50     225.3us ser     295756B res     349896B batch  16.69ns/op serial  21.23ns/op cold p50    90.0ns
[bench] dataset real-seg12-n4217 n=4217 U/n=7.13
  h0_hashmap_sip     build p50     119.2us open p50     140.2us ser     236172B res     500768B batch  13.19ns/op serial  18.53ns/op cold p50   160.0ns
  h0f_hashmap_fold   build p50      42.0us open p50      85.2us ser     236172B res     500760B batch   5.93ns/op serial  13.15ns/op cold p50   120.0ns
[quiet-guard] contended (load1=6.87 procs=[]); sleeping 5s
[quiet-guard] contended (load1=6.64 procs=[]); sleeping 5s
[quiet-guard] contended (load1=6.83 procs=[]); sleeping 5s
[quiet-guard] contended (load1=6.68 procs=[]); sleeping 5s
[quiet-guard] contended (load1=6.79 procs=[]); sleeping 5s
[quiet-guard] contended (load1=6.56 procs=[]); sleeping 5s
[quiet-guard] contended (load1=6.44 procs=[]); sleeping 5s
[quiet-guard] contended (load1=6.32 procs=[]); sleeping 5s
[quiet-guard] contended (load1=6.30 procs=[]); sleeping 5s
  h1_sorted          build p50       6.8us open p50      24.3us ser     236172B res     236200B batch  29.04ns/op serial  41.49ns/op cold p50   250.0ns
  h2_bitrank         build p50      10.2us open p50      25.8us ser     206220B res     207482B batch   4.22ns/op serial   7.99ns/op cold p50    70.0ns
  h3_pef             build p50      18.2us open p50      18.5us ser     205025B res     205568B batch 112.96ns/op serial 113.11ns/op cold p50   200.0ns
[quiet-guard] contended (load1=6.60 procs=[]); sleeping 5s
[quiet-guard] contended (load1=6.31 procs=[]); sleeping 5s
[quiet-guard] contended (load1=6.12 procs=[]); sleeping 5s
  h4_ptrhash         build p50     313.4us open p50     367.3us ser     236172B res     240193B batch   6.82ns/op serial  13.68ns/op cold p50    90.0ns
  h5_kbin            build p50     129.8us open p50     193.9us ser     236172B res     270856B batch  16.54ns/op serial  19.58ns/op cold p50    90.0ns
[bench] dataset real-seg13-n1704 n=1704 U/n=17.81
  h0_hashmap_sip     build p50      45.9us open p50      55.0us ser      95444B res     130456B batch  15.11ns/op serial  19.84ns/op cold p50    90.0ns
[quiet-guard] contended (load1=6.14 procs=[]); sleeping 5s
  h0f_hashmap_fold   build p50      16.1us open p50      32.9us ser      95444B res     130448B batch   7.41ns/op serial  13.41ns/op cold p50    80.0ns
  h1_sorted          build p50       2.6us open p50      10.1us ser      95444B res      95472B batch  18.67ns/op serial  31.89ns/op cold p50   100.0ns
  h2_bitrank         build p50       3.7us open p50       8.8us ser      85628B res      86902B batch   4.19ns/op serial   7.56ns/op cold p50    70.0ns
[quiet-guard] contended (load1=6.30 procs=[]); sleeping 5s
  h3_pef             build p50       8.0us open p50       8.9us ser      83143B res      83416B batch  96.59ns/op serial  95.68ns/op cold p50   189.8ns
  h4_ptrhash         build p50     128.2us open p50     144.9us ser      95444B res      97227B batch   6.48ns/op serial  13.03ns/op cold p50    80.0ns
  h5_kbin            build p50      53.2us open p50      72.5us ser      95444B res     110872B batch  15.39ns/op serial  18.24ns/op cold p50    90.0ns
done: logs/*-20260711-220512.*
